06-13 14:51:30.028  1624  1667 V WindowManagerShell: Transition requested (#153): android.os.BinderProxy@a0b878e TransitionRequestInfo { type = OPEN, triggerTask = TaskInfo{userId=0 taskId=489 effectiveUid=10244 displayId=0 isRunning=true baseIntent=Intent { act=android.intent.action.MAIN cat=[android.intent.category.LAUNCHER] flg=0x10000000 cmp=fi.iki.ede.safe.debug/fi.iki.ede.safe.ui.activities.CategoryListScreen } baseActivity=ComponentInfo{fi.iki.ede.safe.debug/fi.iki.ede.safe.ui.activities.CategoryListScreen} topActivity=ComponentInfo{com.google.android.permissioncontroller/com.android.permissioncontroller.permission.ui.GrantPermissionsActivity} origActivity=null realActivity=ComponentInfo{fi.iki.ede.safe.debug/fi.iki.ede.safe.ui.activities.CategoryListScreen} numActivities=4 lastActiveTime=95729492 supportsMultiWindow=true resizeMode=1 isResizeable=true minWidth=-1 minHeight=-1 defaultMinSize=220 token=WCT{android.window.IWindowContainerToken$Stub$Proxy@a2baf} topActivityType=1 pictureInPictureParams=null shouldDockBigOverlays=false launchIntoPipHostTaskId=-1 lastParentTaskIdBeforePip=-1 displayCutoutSafeInsets=Rect(0, 0 - 0, 0) topActivityInfo=ActivityInfo{5fe1bbc com.android.permissioncontroller.permission.ui.GrantPermissionsActivity} launchCookies=[] positionInParent=Point(0, 0) parentTaskId=-1 isFocused=true isVisible=true isVisibleRequested=true isTopActivityNoDisplay=false isSleeping=false locusId=null displayAreaFeatureId=1 isTopActivityTransparent=true isActivityStackTransparent=false lastNonFullscreenBounds=Rect(284, 660 - 796, 1740) capturedLink=null capturedLinkTimestamp=0 requestedVisibleTypes=-9 topActivityRequestOpenInBrowserEducationTimestamp=0 appCompatTaskInfo=AppCompatTaskInfo { topActivityInSizeCompat=false eligibleForLetterboxEducation= false isLetterboxEducationEnabled= true isLetterboxDoubleTapEnabled= false eligibleForUserAspectRatioButton= false topActivityBoundsLetterboxed= false isFromLetterboxDoubleTap= false topActivityLetterboxVerticalPosition= -1 topActivityLetterboxHorizontalPosition= -1 topActivityLetterboxWidth=-1 topActivityLetterboxHeight=-1 topActivityAppBounds=Rect(0, 0 - 1080, 2400) isUserFullscreenOverrideEnabled=false isSystemFullscreenOverrideEnabled=false hasMinAspectRatioOverride=false topActivityLetterboxBounds=null cameraCompatTaskInfo=CameraCompatTaskInfo { freeformCameraCompatMode=inactive}} topActivityMainWindowFrame=null}, pipChange = null, remoteTransition = null, displayChange = null, flags = 0, debugId = 153 }
06-13 14:51:30.028  1624  1667 D ShellSplitScreen: logExit: no-op, mLoggerSessionId is null
06-13 14:51:30.033 20474 20474 D FirebaseSessions: App backgrounded on fi.iki.ede.safe.debug
06-13 14:51:30.036   755   970 D BackgroundInstallControlService: Package event received: 0
06-13 14:51:30.036   755  1619 W OptProp : Cannot read opt property android.window.PROPERTY_COMPAT_ENABLE_FAKE_FOCUS
06-13 14:51:30.036   755  1619 W IPCThreadState: Sending oneway calls to frozen process.
06-13 14:51:30.037   755  1619 D ActivityManager: quick sync unfreeze 1711 for 1
06-13 14:51:30.041   590   590 I BpBinder: onLastStrongRef automatically unlinking death recipients: 
06-13 14:51:30.043   755   785 D ActivityManager: sync unfroze 1711 com.google.android.permissioncontroller for 1
06-13 14:51:30.049   755   970 D BackgroundInstallControlService: Package event received: 0
06-13 14:51:30.055   755   970 D BackgroundInstallControlService: Package event received: 0
06-13 14:51:30.056  1711 19550 I EGL_emulation: Opening libGLESv1_CM_emulation.so
06-13 14:51:30.056   755   970 D BackgroundInstallControlService: Package event received: 0
06-13 14:51:30.061  1711 19550 I EGL_emulation: Opening libGLESv2_emulation.so
06-13 14:51:30.080  1711 19550 W HWUI    : Failed to choose config with EGL_SWAP_BEHAVIOR_PRESERVED, retrying without...
06-13 14:51:30.081  1711 19550 W HWUI    : Failed to initialize 101010-2 format, error = EGL_SUCCESS
06-13 14:51:30.109  1882 20650 I NetworkScheduler: (REDACTED) Error inserting %s
06-13 14:51:30.133   755  3281 D CoreBackPreview: Window{c03d0c0 u0 com.google.android.permissioncontroller/com.android.permissioncontroller.permission.ui.GrantPermissionsActivity}: Setting back callback OnBackInvokedCallbackInfo{mCallback=android.window.IOnBackInvokedCallback$Stub$Proxy@680353e, mPriority=-1, mIsAnimationCallback=false, mOverrideBehavior=0}
06-13 14:51:30.160  1624  6160 V WindowManagerShell: onTransitionReady(transaction=3242700314527)
06-13 14:51:30.161  1624  1667 V WindowManagerShell: onTransitionReady (#153) android.os.BinderProxy@a0b878e: {id=153 t=OPEN f=0x0 trk=0 r=[0@Point(0, 0)] c=[
06-13 14:51:30.161  1624  1667 V WindowManagerShell:         {m=OPEN f=TRANSLUCENT|FILLS_TASK leash=Surface(name=ActivityRecord{14541722 u0 com.google.android.permissioncontroller/com.android.permissioncontroller.permission.ui.GrantPermissionsActivity)/@0x90d4745 sb=Rect(0, 0 - 0, 0) eb=Rect(0, 0 - 1080, 2400) epz=Point(1080, 2400) d=-1->0 r=-1->0:-1 bc=ffeeedf4 component=com.google.android.permissioncontroller/com.android.permissioncontroller.permission.ui.GrantPermissionsActivity opt={t=FROM_STYLE mUserId=0}}
06-13 14:51:30.161  1624  1667 V WindowManagerShell:     ]}
06-13 14:51:30.161  1624  1667 V WindowManagerShell: Playing animation for (#153) android.os.BinderProxy@a0b878e@0
06-13 14:51:30.161  1624  1667 V ShellRecents: RecentsTransitionHandler.startAnimation: no controller found
06-13 14:51:30.161  1624  1667 V WindowManagerShell: Transition doesn't have explicit remote, search filters for match for {id=153 t=OPEN f=0x0 trk=0 r=[0@Point(0, 0)] c=[{m=OPEN f=TRANSLUCENT|FILLS_TASK leash=Surface(name=ActivityRecord{14541722 u0 com.google.android.permissioncontroller/com.android.permissioncontroller.permission.ui.GrantPermissionsActivity)/@0x90d4745 sb=Rect(0, 0 - 0, 0) eb=Rect(0, 0 - 1080, 2400) epz=Point(1080, 2400) d=-1->0 r=-1->0:-1 bc=ffeeedf4 component=com.google.android.permissioncontroller/com.android.permissioncontroller.permission.ui.GrantPermissionsActivity opt={t=FROM_STYLE mUserId=0}}]}
06-13 14:51:30.161  1624  1667 V WindowManagerShell:  Checking filter Pair{{types=[] flags=0x0] notFlags=0x0 checks=[{atype=dream independent=true modes=[OPEN,TO_FRONT] flags=NONE mustBeTask=false order=ANY topActivity=null launchCookie=null windowingMode=undefined},{atype=home independent=true modes=[CLOSE,TO_BACK] flags=NONE mustBeTask=false order=ANY topActivity=null launchCookie=null windowingMode=undefined}]} RemoteTransition { remoteTransition = android.window.IRemoteTransition$Stub$Proxy@ec8a83f, appThread = android.app.IApplicationThread$Stub$Proxy@e6d050c, debugName = LauncherToDream }}
06-13 14:51:30.161  1624  1667 V WindowManagerShell:  Checking filter Pair{{types=[] flags=0x0] notFlags=0x100 checks=[{atype=home independent=true modes=[OPEN,TO_FRONT] flags=NONE mustBeTask=false order=TOP topActivity=ComponentInfo{com.google.android.apps.nexuslauncher/com.google.android.apps.nexuslauncher.NexusLauncherActivity} launchCookie=null windowingMode=undefined},{atype=standard independent=true modes=[CLOSE,TO_BACK] flags=NONE mustBeTask=false order=ANY topActivity=null launchCookie=null windowingMode=undefined},{NOT atype=undefined independent=true modes=[] flags=NONE mustBeTask=true order=ANY topActivity=null launchCookie=null customAnim=true windowingMode=undefined}]} RemoteTransition { remoteTransition = android.window.IRemoteTransition$Stub$Proxy@f3cfe55, appThread = android.app.IApplicationThread$Stub$Proxy@d34606a, debugName = QuickstepLaunchHome }}
06-13 14:51:30.162  1624  1667 V WindowManagerShell:  Delegate animation for (#153) to null
06-13 14:51:30.162  1624  1667 V WindowManagerShell: start default transition animation, info = {id=153 t=OPEN f=0x0 trk=0 r=[0@Point(0, 0)] c=[{m=OPEN f=TRANSLUCENT|FILLS_TASK leash=Surface(name=ActivityRecord{14541722 u0 com.google.android.permissioncontroller/com.android.permissioncontroller.permission.ui.GrantPermissionsActivity)/@0x90d4745 sb=Rect(0, 0 - 0, 0) eb=Rect(0, 0 - 1080, 2400) epz=Point(1080, 2400) d=-1->0 r=-1->0:-1 bc=ffeeedf4 component=com.google.android.permissioncontroller/com.android.permissioncontroller.permission.ui.GrantPermissionsActivity opt={t=FROM_STYLE mUserId=0}}]}
06-13 14:51:30.162  1624  1667 V WindowManagerShell: loadAnimation: anim=null animAttr=0x4 type=OPEN isEntrance=true
06-13 14:51:30.163  1624  1667 V WindowManagerShell: Transition animation finished (aborted=false), notifying core (#153) android.os.BinderProxy@a0b878e@0
06-13 14:51:30.172  1624  1667 V WindowManagerShell: Track 0 became idle
06-13 14:51:30.173  1624  1667 V WindowManagerShell: All active transition animations finished
06-13 14:51:30.173  1624  1667 V WindowManagerShell:  animated by com.android.wm.shell.transition.DefaultTransitionHandler@1592b9a
06-13 14:51:30.173  1624  1667 V WindowManagerShell: Track 0 became idle
06-13 14:51:30.173  1624  1667 V WindowManagerShell: All active transition animations finished
06-13 14:51:30.178   755   782 I ActivityTaskManager: Displayed com.google.android.permissioncontroller/com.android.permissioncontroller.permission.ui.GrantPermissionsActivity for user 0: +133ms
06-13 14:51:30.178   755   782 V WindowManager: Sent Transition (#153) createdAt=06-13 14:51:30.022 via request=TransitionRequestInfo { type = OPEN, triggerTask = TaskInfo{userId=0 taskId=489 effectiveUid=10244 displayId=0 isRunning=true baseIntent=Intent { act=android.intent.action.MAIN cat=[android.intent.category.LAUNCHER] flg=0x10000000 cmp=fi.iki.ede.safe.debug/fi.iki.ede.safe.ui.activities.CategoryListScreen } baseActivity=ComponentInfo{fi.iki.ede.safe.debug/fi.iki.ede.safe.ui.activities.CategoryListScreen} topActivity=ComponentInfo{com.google.android.permissioncontroller/com.android.permissioncontroller.permission.ui.GrantPermissionsActivity} origActivity=null realActivity=ComponentInfo{fi.iki.ede.safe.debug/fi.iki.ede.safe.ui.activities.CategoryListScreen} numActivities=4 lastActiveTime=95729492 supportsMultiWindow=true resizeMode=1 isResizeable=true minWidth=-1 minHeight=-1 defaultMinSize=220 token=WCT{RemoteToken{6c8e4ef Task{17f5f21 #489 type=standard A=10244:fi.iki.ede.safe.debug}}} topActivityType=1 pictureInPictureParams=null shouldDockBigOverlays=false launchIntoPipHostTaskId=-1 lastParentTaskIdBeforePip=-1 displayCutoutSafeInsets=Rect(0, 0 - 0, 0) topActivityInfo=ActivityInfo{232f7d8 com.android.permissioncontroller.permission.ui.GrantPermissionsActivity} launchCookies=[] positionInParent=Point(0, 0) parentTaskId=-1 isFocused=true isVisible=true isVisibleRequested=true isTopActivityNoDisplay=false isSleeping=false locusId=null displayAreaFeatureId=1 isTopActivityTransparent=true isActivityStackTransparent=false lastNonFullscreenBounds=Rect(284, 660 - 796, 1740) capturedLink=null capturedLinkTimestamp=0 requestedVisibleTypes=-9 topActivityRequestOpenInBrowserEducationTimestamp=0 appCompatTaskInfo=AppCompatTaskInfo { topActivityInSizeCompat=false eligibleForLetterboxEducation= false isLetterboxEducationEnabled= true isLetterboxDoubleTapEnabled= false eligibleForUserAspectRatioButton= false topActivityBoundsLetterboxed= false isFromLetterboxDoubleTap= false topActivityLetterboxVerticalPosition= -1 topActivityLetterboxHorizontalPosition= -1 topActivityLetterboxWidth=-1 topActivityLetterboxHeight=-1 topActivityAppBounds=Rect(0, 0 - 1080, 2400) isUserFullscreenOverrideEnabled=false isSystemFullscreenOverrideEnabled=false hasMinAspectRatioOverride=false topActivityLetterboxBounds=null cameraCompatTaskInfo=CameraCompatTaskInfo { freeformCameraCompatMode=inactive}} topActivityMainWindowFrame=null}, pipChange = null, remoteTransition = null, displayChange = null, flags = 0, debugId = 153 }
06-13 14:51:30.178   755   782 V WindowManager:     startWCT=WindowContainerTransaction { changes= {} hops= [] errorCallbackToken=null taskFragmentOrganizer=null }
06-13 14:51:30.179   755   782 V WindowManager:     info={id=153 t=OPEN f=0x0 trk=0 r=[0@Point(0, 0)] c=[
06-13 14:51:30.179   755   782 V WindowManager:         {m=OPEN f=TRANSLUCENT|FILLS_TASK leash=Surface(name=ActivityRecord{14541722 u0 com.google.android.permissioncontroller/com.android.permissioncontroller.permission.ui.GrantPermissionsActivity)/@0x60954b5 sb=Rect(0, 0 - 0, 0) eb=Rect(0, 0 - 1080, 2400) epz=Point(1080, 2400) d=-1->0 r=-1->0:-1 bc=ffeeedf4 component=com.google.android.permissioncontroller/com.android.permissioncontroller.permission.ui.GrantPermissionsActivity opt={t=FROM_STYLE mUserId=0}}
06-13 14:51:30.179   755   782 V WindowManager:     ]}
06-13 14:51:30.179   755   782 V WindowManager: Finish Transition (#153): created at 06-13 14:51:30.022 collect-started=0.033ms request-sent=5.882ms started=7.296ms ready=18.873ms sent=135.426ms commit=18.945ms finished=148.994ms
06-13 14:51:30.188  1711  1711 E GrantPermissionsViewModel: None of [android.permission.CAMERA] in {android.permission-group.STORAGE=[android.permission.WRITE_EXTERNAL_STORAGE, android.permission.READ_EXTERNAL_STORAGE], android.permission-group.NOTIFICATIONS=[android.permission.POST_NOTIFICATIONS]}
06-13 14:51:30.191  1624  1667 V WindowManagerShell: Transition requested (#154): android.os.BinderProxy@a6f37a8 TransitionRequestInfo { type = CLOSE, triggerTask = null, pipChange = null, remoteTransition = null, displayChange = null, flags = 0, debugId = 154 }
06-13 14:51:30.195  2163  2163 I GoogleInputMethodService: GoogleInputMethodService.onFinishInput():2259 
06-13 14:51:30.196  2163  2163 I Module  : DeviceLockedStatusModuleProvider$Module.updateDeviceLockedStatus():103 repeatCheckTimes = 0, locked = false
06-13 14:51:30.197   755   836 I ImeTracker: system_server:508f7854: onRequestHide at ORIGIN_SERVER reason IME_REQUESTED_CHANGED_LISTENER fromUser false
06-13 14:51:30.198   755   785 I ImeTracker: system_server:508f7854: onCancelled at PHASE_SERVER_SHOULD_HIDE
06-13 14:51:30.198  2163  2163 I GoogleInputMethodService: GoogleInputMethodService.onStartInput():1446 onStartInput(EditorInfo{EditorInfo{packageName=com.google.android.permissioncontroller, inputType=0, inputTypeString=NULL, enableLearning=false, autoCorrection=false, autoComplete=false, imeOptions=0, privateImeOptions=null, actionName=UNSPECIFIED, actionLabel=null, initialSelStart=-1, initialSelEnd=-1, initialCapsMode=0, label=null, fieldId=0, fieldName=null, extras=null, hintText=null, hintLocales=[]}}, false)
06-13 14:51:30.198  2163  2163 I AndroidIME: LatinIMEBase.updateInputViewCoverNavigation():322 Update input view padding, isNavbarOverInputWindow=true, bottom inset=63
06-13 14:51:30.201  2163  2163 I Module  : DeviceLockedStatusModuleProvider$Module.updateDeviceLockedStatus():103 repeatCheckTimes = 1, locked = false
06-13 14:51:30.205   755   970 D BackgroundInstallControlService: Package event received: 0
06-13 14:51:30.205   755  1619 W PackageConfigPersister: App-specific configuration not found for packageName: com.google.android.permissioncontroller and userId: 0
06-13 14:51:30.208   590   590 I BpBinder: onLastStrongRef automatically unlinking death recipients: 
06-13 14:51:30.211   755   970 D BackgroundInstallControlService: Package event received: 0
06-13 14:51:30.212   755   970 D BackgroundInstallControlService: Package event received: 0
06-13 14:51:30.212  1624 17535 V WindowManagerShell: onTransitionReady(transaction=3242700314539)
06-13 14:51:30.213  1624  1667 V WindowManagerShell: onTransitionReady (#154) android.os.BinderProxy@a6f37a8: {id=154 t=CLOSE f=0x0 trk=0 r=[0@Point(0, 0)] c=[
06-13 14:51:30.213  1624  1667 V WindowManagerShell:         {m=CLOSE f=TRANSLUCENT|FILLS_TASK leash=Surface(name=ActivityRecord{14541722 u0 com.google.android.permissioncontroller/com.android.permissioncontroller.permission.ui.GrantPermissionsActivity)/@0x84012c1 sb=Rect(0, 0 - 1080, 2400) eb=Rect(0, 0 - 1080, 2400) epz=Point(1080, 2400) d=0 bc=ffeeedf4 component=com.google.android.permissioncontroller/com.android.permissioncontroller.permission.ui.GrantPermissionsActivity opt={t=FROM_STYLE mUserId=0}}
06-13 14:51:30.213  1624  1667 V WindowManagerShell:     ]}
06-13 14:51:30.213  1624  1667 V WindowManagerShell: Playing animation for (#154) android.os.BinderProxy@a6f37a8@0
06-13 14:51:30.213  1624  1667 V ShellRecents: RecentsTransitionHandler.startAnimation: no controller found
06-13 14:51:30.213  1624  1667 V WindowManagerShell: Transition doesn't have explicit remote, search filters for match for {id=154 t=CLOSE f=0x0 trk=0 r=[0@Point(0, 0)] c=[{m=CLOSE f=TRANSLUCENT|FILLS_TASK leash=Surface(name=ActivityRecord{14541722 u0 com.google.android.permissioncontroller/com.android.permissioncontroller.permission.ui.GrantPermissionsActivity)/@0x84012c1 sb=Rect(0, 0 - 1080, 2400) eb=Rect(0, 0 - 1080, 2400) epz=Point(1080, 2400) d=0 bc=ffeeedf4 component=com.google.android.permissioncontroller/com.android.permissioncontroller.permission.ui.GrantPermissionsActivity opt={t=FROM_STYLE mUserId=0}}]}
06-13 14:51:30.213  1624  1667 V WindowManagerShell:  Checking filter Pair{{types=[] flags=0x0] notFlags=0x0 checks=[{atype=dream independent=true modes=[OPEN,TO_FRONT] flags=NONE mustBeTask=false order=ANY topActivity=null launchCookie=null windowingMode=undefined},{atype=home independent=true modes=[CLOSE,TO_BACK] flags=NONE mustBeTask=false order=ANY topActivity=null launchCookie=null windowingMode=undefined}]} RemoteTransition { remoteTransition = android.window.IRemoteTransition$Stub$Proxy@ec8a83f, appThread = android.app.IApplicationThread$Stub$Proxy@e6d050c, debugName = LauncherToDream }}
06-13 14:51:30.213  1624  1667 V WindowManagerShell:  Checking filter Pair{{types=[] flags=0x0] notFlags=0x100 checks=[{atype=home independent=true modes=[OPEN,TO_FRONT] flags=NONE mustBeTask=false order=TOP topActivity=ComponentInfo{com.google.android.apps.nexuslauncher/com.google.android.apps.nexuslauncher.NexusLauncherActivity} launchCookie=null windowingMode=undefined},{atype=standard independent=true modes=[CLOSE,TO_BACK] flags=NONE mustBeTask=false order=ANY topActivity=null launchCookie=null windowingMode=undefined},{NOT atype=undefined independent=true modes=[] flags=NONE mustBeTask=true order=ANY topActivity=null launchCookie=null customAnim=true windowingMode=undefined}]} RemoteTransition { remoteTransition = android.window.IRemoteTransition$Stub$Proxy@f3cfe55, appThread = android.app.IApplicationThread$Stub$Proxy@d34606a, debugName = QuickstepLaunchHome }}
06-13 14:51:30.213  1624  1667 V WindowManagerShell:  Delegate animation for (#154) to null
06-13 14:51:30.213  1624  1667 V WindowManagerShell: start default transition animation, info = {id=154 t=CLOSE f=0x0 trk=0 r=[0@Point(0, 0)] c=[{m=CLOSE f=TRANSLUCENT|FILLS_TASK leash=Surface(name=ActivityRecord{14541722 u0 com.google.android.permissioncontroller/com.android.permissioncontroller.permission.ui.GrantPermissionsActivity)/@0x84012c1 sb=Rect(0, 0 - 1080, 2400) eb=Rect(0, 0 - 1080, 2400) epz=Point(1080, 2400) d=0 bc=ffeeedf4 component=com.google.android.permissioncontroller/com.android.permissioncontroller.permission.ui.GrantPermissionsActivity opt={t=FROM_STYLE mUserId=0}}]}
06-13 14:51:30.214  1624  1667 V WindowManagerShell: loadAnimation: anim=null animAttr=0x7 type=CLOSE isEntrance=false
06-13 14:51:30.215  1624  1667 V WindowManagerShell: Transition animation finished (aborted=false), notifying core (#154) android.os.BinderProxy@a6f37a8@0
06-13 14:51:30.216 20474 20474 D FirebaseSessions: App foregrounded on fi.iki.ede.safe.debug
06-13 14:51:30.216   755   782 V WindowManager: Sent Transition (#154) createdAt=06-13 14:51:30.191 via request=TransitionRequestInfo { type = CLOSE, triggerTask = null, pipChange = null, remoteTransition = null, displayChange = null, flags = 0, debugId = 154 }
06-13 14:51:30.217   755   782 V WindowManager:     startWCT=WindowContainerTransaction { changes= {} hops= [] errorCallbackToken=null taskFragmentOrganizer=null }
06-13 14:51:30.219   755   782 V WindowManager:     info={id=154 t=CLOSE f=0x0 trk=0 r=[0@Point(0, 0)] c=[
06-13 14:51:30.219   755   782 V WindowManager:         {m=CLOSE f=TRANSLUCENT|FILLS_TASK leash=Surface(name=ActivityRecord{14541722 u0 com.google.android.permissioncontroller/com.android.permissioncontroller.permission.ui.GrantPermissionsActivity)/@0x60954b5 sb=Rect(0, 0 - 1080, 2400) eb=Rect(0, 0 - 1080, 2400) epz=Point(1080, 2400) d=0 bc=ffeeedf4 component=com.google.android.permissioncontroller/com.android.permissioncontroller.permission.ui.GrantPermissionsActivity opt={t=FROM_STYLE mUserId=0}}
06-13 14:51:30.219   755   782 V WindowManager:     ]}
06-13 14:51:30.219   755  1619 W ActivityManager: Receiver with filter android.content.IntentFilter@3eeb51c already registered for pid 20474, callerPackage is fi.iki.ede.safe.debug
06-13 14:51:30.221   755   782 V WindowManager: Finish Transition (#154): created at 06-13 14:51:30.191 collect-started=0.033ms request-sent=0.05ms started=2.604ms ready=16.277ms sent=20.835ms finished=30.396ms
06-13 14:51:30.223  1711  1711 D VRI[GrantPermissionsActivity]: visibilityChanged oldVisibility=true newVisibility=false
06-13 14:51:30.223  1624  1667 V WindowManagerShell: Track 0 became idle
06-13 14:51:30.224  1624  1667 V WindowManagerShell: All active transition animations finished
06-13 14:51:30.224  1624  1667 V WindowManagerShell:  animated by com.android.wm.shell.transition.DefaultTransitionHandler@1592b9a
06-13 14:51:30.224  1624  1667 V WindowManagerShell: Track 0 became idle
06-13 14:51:30.224  1624  1667 V WindowManagerShell: All active transition animations finished
06-13 14:51:30.231 20474 20474 E ComposeInternal: Error was captured in composition.
06-13 14:51:30.231 20474 20474 E ComposeInternal: java.lang.IllegalStateException: Event (DidNotGetPermission) not found in state/event (verifyingPermissionBeforePreview/
06-13 14:51:30.231 20474 20474 E ComposeInternal: 	at fi.iki.ede.statemachine.MainStateMachine$MainStateEvent.getEventIfAllowed(MainStateMachine.kt:46)
06-13 14:51:30.231 20474 20474 E ComposeInternal: 	at fi.iki.ede.statemachine.MainStateMachine$MainStateEvent._dispatchEvent$statemachine_debug(MainStateMachine.kt:59)
06-13 14:51:30.231 20474 20474 E ComposeInternal: 	at fi.iki.ede.statemachine.StateMachine$StateEvent.DispatchEvent(StateMachine.kt:49)
06-13 14:51:30.231 20474 20474 E ComposeInternal: 	at fi.iki.ede.safephoto.SafePhotoKt.SafePhoto$lambda$0$0$0$1(SafePhoto.kt:96)
06-13 14:51:30.231 20474 20474 E ComposeInternal: 	at fi.iki.ede.safephoto.SafePhotoKt.$r8$lambda$avSnq4u2qzR-gAjBC36WW8Kwtho(Unknown Source:0)
06-13 14:51:30.231 20474 20474 E ComposeInternal: 	at fi.iki.ede.safephoto.SafePhotoKt$$ExternalSyntheticLambda1.invoke(D8$$SyntheticClass:0)
06-13 14:51:30.231 20474 20474 E ComposeInternal: 	at androidx.compose.runtime.internal.ComposableLambdaImpl.invoke(ComposableLambda.kt:131)
06-13 14:51:30.231 20474 20474 E ComposeInternal: 	at androidx.compose.runtime.internal.ComposableLambdaImpl.invoke$lambda$0(ComposableLambda.kt:133)
06-13 14:51:30.231 20474 20474 E ComposeInternal: 	at androidx.compose.runtime.internal.ComposableLambdaImpl.$r8$lambda$qz3voikrQeNn5XJEtUlXR2wfzBw(Unknown Source:0)
06-13 14:51:30.231 20474 20474 E ComposeInternal: 	at androidx.compose.runtime.internal.ComposableLambdaImpl$$ExternalSyntheticLambda16.invoke(D8$$SyntheticClass:0)
06-13 14:51:30.231 20474 20474 E ComposeInternal: 	at androidx.compose.runtime.RecomposeScopeImpl.compose(RecomposeScopeImpl.kt:204)
06-13 14:51:30.231 20474 20474 E ComposeInternal: 	at androidx.compose.runtime.GapComposer.recomposeToGroupEnd(GapComposer.kt:1678)
06-13 14:51:30.231 20474 20474 E ComposeInternal: 	at androidx.compose.runtime.GapComposer.skipCurrentGroup(GapComposer.kt:2014)
06-13 14:51:30.231 20474 20474 E ComposeInternal: 	at androidx.compose.runtime.GapComposer.doCompose-aFTiNEg(GapComposer.kt:2655)
06-13 14:51:30.231 20474 20474 E ComposeInternal: 	at androidx.compose.runtime.GapComposer.recompose-aFTiNEg$runtime(GapComposer.kt:2577)
06-13 14:51:30.231 20474 20474 E ComposeInternal: 	at androidx.compose.runtime.CompositionImpl.recompose(Composition.kt:1164)
06-13 14:51:30.231 20474 20474 E ComposeInternal: 	at androidx.compose.runtime.Recomposer.performRecompose(Recomposer.kt:1318)
06-13 14:51:30.231 20474 20474 E ComposeInternal: 	at androidx.compose.runtime.Recomposer.access$performRecompose(Recomposer.kt:191)
06-13 14:51:30.231 20474 20474 E ComposeInternal: 	at androidx.compose.runtime.Recomposer$runRecomposeAndApplyChanges$2.invokeSuspend$lambda$2(Recomposer.kt:655)
06-13 14:51:30.231 20474 20474 E ComposeInternal: 	at androidx.compose.runtime.Recomposer$runRecomposeAndApplyChanges$2.$r8$lambda$sdKIQuFT6MpOW8QdHT9yWSawFoM(Unknown Source:0)
06-13 14:51:30.231 20474 20474 E ComposeInternal: 	at androidx.compose.runtime.Recomposer$runRecomposeAndApplyChanges$2$$ExternalSyntheticLambda0.invoke(D8$$SyntheticClass:0)
06-13 14:51:30.231 20474 20474 E ComposeInternal: 	at androidx.compose.ui.platform.AndroidUiFrameClock$withFrameNanos$2$callback$1.doFrame(AndroidUiFrameClock.android.kt:39)
06-13 14:51:30.231 20474 20474 E ComposeInternal: 	at androidx.compose.ui.platform.AndroidUiDispatcher.performFrameDispatch(AndroidUiDispatcher.android.kt:108)
06-13 14:51:30.231 20474 20474 E ComposeInternal: 	at androidx.compose.ui.platform.AndroidUiDispatcher.access$performFrameDispatch(AndroidUiDispatcher.android.kt:41)
06-13 14:51:30.231 20474 20474 E ComposeInternal: 	at androidx.compose.ui.platform.AndroidUiDispatcher$dispatchCallback$1.doFrame(AndroidUiDispatcher.android.kt:69)
06-13 14:51:30.231 20474 20474 E ComposeInternal: 	at android.view.Choreographer$CallbackRecord.run(Choreographer.java:1568)
06-13 14:51:30.231 20474 20474 E ComposeInternal: 	at android.view.Choreographer$CallbackRecord.run(Choreographer.java:1579)
06-13 14:51:30.231 20474 20474 E ComposeInternal: 	at android.view.Choreographer.doCallbacks(Choreographer.java:1179)
06-13 14:51:30.231 20474 20474 E ComposeInternal: 	at android.view.Choreographer.doFrame(Choreographer.java:1104)
06-13 14:51:30.231 20474 20474 E ComposeInternal: 	at android.view.Choreographer$FrameDisplayEventReceiver.run(Choreographer.java:1553)
06-13 14:51:30.231 20474 20474 E ComposeInternal: 	at android.os.Handler.handleCallback(Handler.java:995)
06-13 14:51:30.231 20474 20474 E ComposeInternal: 	at android.os.Handler.dispatchMessage(Handler.java:103)
06-13 14:51:30.231 20474 20474 E ComposeInternal: 	at android.os.Looper.loopOnce(Looper.java:248)
06-13 14:51:30.231 20474 20474 E ComposeInternal: 	at android.os.Looper.loop(Looper.java:338)
06-13 14:51:30.231 20474 20474 E ComposeInternal: 	at android.app.ActivityThread.main(ActivityThread.java:9067)
06-13 14:51:30.231 20474 20474 E ComposeInternal: 	at java.lang.reflect.Method.invoke(Native Method)
06-13 14:51:30.231 20474 20474 E ComposeInternal: 	at com.android.internal.os.RuntimeInit$MethodAndArgsCaller.run(RuntimeInit.java:593)
06-13 14:51:30.231 20474 20474 E ComposeInternal: 	at com.android.internal.os.ZygoteInit.main(ZygoteInit.java:932)
06-13 14:51:30.239 20474 20474 D FirebaseSessions: App backgrounded on fi.iki.ede.safe.debug
06-13 14:51:30.244  1711  1711 W WindowOnBackDispatcher: sendCancelIfRunning: isInProgress=false callback=android.app.Activity$$ExternalSyntheticLambda0@8e75be5
06-13 14:51:30.245   755  3281 D CoreBackPreview: Window{c03d0c0 u0 com.google.android.permissioncontroller/com.android.permissioncontroller.permission.ui.GrantPermissionsActivity}: Setting back callback null
06-13 14:51:30.252  1711  1711 I ImeTracker: com.google.android.permissioncontroller:50e9697d: onRequestHide at ORIGIN_CLIENT reason HIDE_WINDOW_LOST_FOCUS fromUser false
06-13 14:51:30.252  1711  1711 D InsetsController: hide(ime(), fromIme=false)
06-13 14:51:30.252  1711  1711 I ImeTracker: com.google.android.permissioncontroller:50e9697d: onCancelled at PHASE_CLIENT_ALREADY_HIDDEN
06-13 14:51:30.253  1711  1711 D ViewRootImpl: Skipping stats log for color mode
06-13 14:51:30.255   755  2513 I ImeTracker: system_server:916cdd51: onRequestHide at ORIGIN_SERVER reason IME_REQUESTED_CHANGED_LISTENER fromUser false
06-13 14:51:30.255   755   785 I ImeTracker: system_server:916cdd51: onCancelled at PHASE_SERVER_SHOULD_HIDE
06-13 14:51:30.260   755   970 D BackgroundInstallControlService: Package event received: 0
06-13 14:51:30.269   755  2513 D FileUtils: Rounded bytes from 4109660160 to 8000000000
06-13 14:51:30.273  1711  1716 W ssioncontroller: Cleared Reference was only reachable from finalizer (only reported once)
06-13 14:51:30.305   755  1556 D FileUtils: Rounded bytes from 4109660160 to 8000000000
--------- beginning of crash
06-13 14:51:30.367 20474 20474 E AndroidRuntime: FATAL EXCEPTION: main
06-13 14:51:30.367 20474 20474 E AndroidRuntime: Process: fi.iki.ede.safe.debug, PID: 20474
06-13 14:51:30.367 20474 20474 E AndroidRuntime: java.lang.IllegalStateException: Event (DidNotGetPermission) not found in state/event (verifyingPermissionBeforePreview/
06-13 14:51:30.367 20474 20474 E AndroidRuntime: 	at fi.iki.ede.statemachine.MainStateMachine$MainStateEvent.getEventIfAllowed(MainStateMachine.kt:46)
06-13 14:51:30.367 20474 20474 E AndroidRuntime: 	at fi.iki.ede.statemachine.MainStateMachine$MainStateEvent._dispatchEvent$statemachine_debug(MainStateMachine.kt:59)
06-13 14:51:30.367 20474 20474 E AndroidRuntime: 	at fi.iki.ede.statemachine.StateMachine$StateEvent.DispatchEvent(StateMachine.kt:49)
06-13 14:51:30.367 20474 20474 E AndroidRuntime: 	at fi.iki.ede.safephoto.SafePhotoKt.SafePhoto$lambda$0$0$0$1(SafePhoto.kt:96)
06-13 14:51:30.367 20474 20474 E AndroidRuntime: 	at fi.iki.ede.safephoto.SafePhotoKt.$r8$lambda$avSnq4u2qzR-gAjBC36WW8Kwtho(Unknown Source:0)
06-13 14:51:30.367 20474 20474 E AndroidRuntime: 	at fi.iki.ede.safephoto.SafePhotoKt$$ExternalSyntheticLambda1.invoke(D8$$SyntheticClass:0)
06-13 14:51:30.367 20474 20474 E AndroidRuntime: 	at androidx.compose.runtime.internal.ComposableLambdaImpl.invoke(ComposableLambda.kt:131)
06-13 14:51:30.367 20474 20474 E AndroidRuntime: 	at androidx.compose.runtime.internal.ComposableLambdaImpl.invoke$lambda$0(ComposableLambda.kt:133)
06-13 14:51:30.367 20474 20474 E AndroidRuntime: 	at androidx.compose.runtime.internal.ComposableLambdaImpl.$r8$lambda$qz3voikrQeNn5XJEtUlXR2wfzBw(Unknown Source:0)
06-13 14:51:30.367 20474 20474 E AndroidRuntime: 	at androidx.compose.runtime.internal.ComposableLambdaImpl$$ExternalSyntheticLambda16.invoke(D8$$SyntheticClass:0)
06-13 14:51:30.367 20474 20474 E AndroidRuntime: 	at androidx.compose.runtime.RecomposeScopeImpl.compose(RecomposeScopeImpl.kt:204)
06-13 14:51:30.367 20474 20474 E AndroidRuntime: 	at androidx.compose.runtime.GapComposer.recomposeToGroupEnd(GapComposer.kt:1678)
06-13 14:51:30.367 20474 20474 E AndroidRuntime: 	at androidx.compose.runtime.GapComposer.skipCurrentGroup(GapComposer.kt:2014)
06-13 14:51:30.367 20474 20474 E AndroidRuntime: 	at androidx.compose.runtime.GapComposer.doCompose-aFTiNEg(GapComposer.kt:2655)
06-13 14:51:30.367 20474 20474 E AndroidRuntime: 	at androidx.compose.runtime.GapComposer.recompose-aFTiNEg$runtime(GapComposer.kt:2577)
06-13 14:51:30.367 20474 20474 E AndroidRuntime: 	at androidx.compose.runtime.CompositionImpl.recompose(Composition.kt:1164)
06-13 14:51:30.367 20474 20474 E AndroidRuntime: 	at androidx.compose.runtime.Recomposer.performRecompose(Recomposer.kt:1318)
06-13 14:51:30.367 20474 20474 E AndroidRuntime: 	at androidx.compose.runtime.Recomposer.access$performRecompose(Recomposer.kt:191)
06-13 14:51:30.367 20474 20474 E AndroidRuntime: 	at androidx.compose.runtime.Recomposer$runRecomposeAndApplyChanges$2.invokeSuspend$lambda$2(Recomposer.kt:655)
06-13 14:51:30.367 20474 20474 E AndroidRuntime: 	at androidx.compose.runtime.Recomposer$runRecomposeAndApplyChanges$2.$r8$lambda$sdKIQuFT6MpOW8QdHT9yWSawFoM(Unknown Source:0)
06-13 14:51:30.367 20474 20474 E AndroidRuntime: 	at androidx.compose.runtime.Recomposer$runRecomposeAndApplyChanges$2$$ExternalSyntheticLambda0.invoke(D8$$SyntheticClass:0)
06-13 14:51:30.367 20474 20474 E AndroidRuntime: 	at androidx.compose.ui.platform.AndroidUiFrameClock$withFrameNanos$2$callback$1.doFrame(AndroidUiFrameClock.android.kt:39)
06-13 14:51:30.367 20474 20474 E AndroidRuntime: 	at androidx.compose.ui.platform.AndroidUiDispatcher.performFrameDispatch(AndroidUiDispatcher.android.kt:108)
06-13 14:51:30.367 20474 20474 E AndroidRuntime: 	at androidx.compose.ui.platform.AndroidUiDispatcher.access$performFrameDispatch(AndroidUiDispatcher.android.kt:41)
06-13 14:51:30.367 20474 20474 E AndroidRuntime: 	at androidx.compose.ui.platform.AndroidUiDispatcher$dispatchCallback$1.doFrame(AndroidUiDispatcher.android.kt:69)
06-13 14:51:30.367 20474 20474 E AndroidRuntime: 	at android.view.Choreographer$CallbackRecord.run(Choreographer.java:1568)
06-13 14:51:30.367 20474 20474 E AndroidRuntime: 	at android.view.Choreographer$CallbackRecord.run(Choreographer.java:1579)
06-13 14:51:30.367 20474 20474 E AndroidRuntime: 	at android.view.Choreographer.doCallbacks(Choreographer.java:1179)
06-13 14:51:30.367 20474 20474 E AndroidRuntime: 	at android.view.Choreographer.doFrame(Choreographer.java:1104)
06-13 14:51:30.367 20474 20474 E AndroidRuntime: 	at android.view.Choreographer$FrameDisplayEventReceiver.run(Choreographer.java:1553)
06-13 14:51:30.367 20474 20474 E AndroidRuntime: 	at android.os.Handler.handleCallback(Handler.java:995)
06-13 14:51:30.367 20474 20474 E AndroidRuntime: 	at android.os.Handler.dispatchMessage(Handler.java:103)
06-13 14:51:30.367 20474 20474 E AndroidRuntime: 	at android.os.Looper.loopOnce(Looper.java:248)
06-13 14:51:30.367 20474 20474 E AndroidRuntime: 	at android.os.Looper.loop(Looper.java:338)
06-13 14:51:30.367 20474 20474 E AndroidRuntime: 	at android.app.ActivityThread.main(ActivityThread.java:9067)
06-13 14:51:30.367 20474 20474 E AndroidRuntime: 	at java.lang.reflect.Method.invoke(Native Method)
06-13 14:51:30.367 20474 20474 E AndroidRuntime: 	at com.android.internal.os.RuntimeInit$MethodAndArgsCaller.run(RuntimeInit.java:593)
06-13 14:51:30.367 20474 20474 E AndroidRuntime: 	at com.android.internal.os.ZygoteInit.main(ZygoteInit.java:932)
06-13 14:51:30.367 20474 20474 E AndroidRuntime: 	Suppressed: kotlinx.coroutines.internal.DiagnosticCoroutineContextException: [androidx.compose.runtime.PausableMonotonicFrameClock@7edab96, androidx.compose.ui.platform.MotionDurationScaleImpl@67df317, StandaloneCoroutine{Cancelling}@e7bb304, AndroidUiDispatcher@44ea0ed]
06-13 14:51:30.370   755 20671 I DropBoxManagerService: add tag=data_app_crash isTagEnabled=true flags=0x2
06-13 14:51:30.371   755   836 W ActivityTaskManager:   Force finishing activity fi.iki.ede.safe.debug/fi.iki.ede.safe.ui.activities.SiteEntryEditScreen
06-13 14:51:30.373  1624  1667 V WindowManagerShell: Transition requested (#155): android.os.BinderProxy@2542654 TransitionRequestInfo { type = CLOSE, triggerTask = TaskInfo{userId=0 taskId=489 effectiveUid=10244 displayId=0 isRunning=true baseIntent=Intent { act=android.intent.action.MAIN cat=[android.intent.category.LAUNCHER] flg=0x10000000 cmp=fi.iki.ede.safe.debug/fi.iki.ede.safe.ui.activities.CategoryListScreen } baseActivity=ComponentInfo{fi.iki.ede.safe.debug/fi.iki.ede.safe.ui.activities.CategoryListScreen} topActivity=ComponentInfo{fi.iki.ede.safe.debug/fi.iki.ede.safe.ui.activities.SiteEntryEditScreen} origActivity=null realActivity=ComponentInfo{fi.iki.ede.safe.debug/fi.iki.ede.safe.ui.activities.CategoryListScreen} numActivities=3 lastActiveTime=95729668 supportsMultiWindow=true resizeMode=1 isResizeable=true minWidth=-1 minHeight=-1 defaultMinSize=220 token=WCT{android.window.IWindowContainerToken$Stub$Proxy@a7a19fd} topActivityType=1 pictureInPictureParams=null shouldDockBigOverlays=false launchIntoPipHostTaskId=-1 lastParentTaskIdBeforePip=-1 displayCutoutSafeInsets=Rect(0, 0 - 0, 0) topActivityInfo=ActivityInfo{9656f2 fi.iki.ede.safe.ui.activities.SiteEntryEditScreen} launchCookies=[] positionInParent=Point(0, 0) parentTaskId=-1 isFocused=true isVisible=true isVisibleRequested=true isTopActivityNoDisplay=false isSleeping=false locusId=null displayAreaFeatureId=1 isTopActivityTransparent=false isActivityStackTransparent=false lastNonFullscreenBounds=Rect(284, 660 - 796, 1740) capturedLink=null capturedLinkTimestamp=0 requestedVisibleTypes=-11 topActivityRequestOpenInBrowserEducationTimestamp=0 appCompatTaskInfo=AppCompatTaskInfo { topActivityInSizeCompat=false eligibleForLetterboxEducation= false isLetterboxEducationEnabled= true isLetterboxDoubleTapEnabled= false eligibleForUserAspectRatioButton= false topActivityBoundsLetterboxed= false isFromLetterboxDoubleTap= false topActivityLetterboxVerticalPosition= -1 topActivityLetterboxHorizontalPosition= -1 topActivityLetterboxWidth=-1 topActivityLetterboxHeight=-1 topActivityAppBounds=Rect(0, 0 - 1080, 2400) isUserFullscreenOverrideEnabled=false isSystemFullscreenOverrideEnabled=false hasMinAspectRatioOverride=false topActivityLetterboxBounds=null cameraCompatTaskInfo=CameraCompatTaskInfo { freeformCameraCompatMode=inactive}} topActivityMainWindowFrame=null}, pipChange = null, remoteTransition = null, displayChange = null, flags = 16, debugId = 155 }
06-13 14:51:30.381 20474 20474 I Process : Sending signal. PID: 20474 SIG: 9
06-13 14:51:30.386  1882 20667 I NetworkScheduler: (REDACTED) Error inserting %s
06-13 14:51:30.392   590   590 I BpBinder: onLastStrongRef automatically unlinking death recipients: 
06-13 14:51:30.401   755   872 W InputDispatcher: channel '8d8177b fi.iki.ede.safe.debug/fi.iki.ede.safe.ui.activities.SiteEntryEditScreen' ~ Consumer closed input channel or an error occurred.  events=0x9
06-13 14:51:30.401   755   872 E InputDispatcher: channel '8d8177b fi.iki.ede.safe.debug/fi.iki.ede.safe.ui.activities.SiteEntryEditScreen' ~ Channel is unrecoverably broken and will be disposed!
06-13 14:51:30.401   755   872 I WindowManager: WINDOW DIED Window{8d8177b u0 fi.iki.ede.safe.debug/fi.iki.ede.safe.ui.activities.SiteEntryEditScreen}
06-13 14:51:30.411   755   785 V WindowManager: Unknown focus tokens, dropping reportFocusChanged
06-13 14:51:30.416   598   598 I adbd    : Remote process closed the socket (on MSG_PEEK)
06-13 14:51:30.419   755  2990 I WindowManager: WIN DEATH: Window{8d8177b u0 fi.iki.ede.safe.debug/fi.iki.ede.safe.ui.activities.SiteEntryEditScreen EXITING}
06-13 14:51:30.419   515   515 I Zygote  : Process 20474 exited due to signal 9 (Killed)
06-13 14:51:30.421   755   836 I ActivityManager: Process fi.iki.ede.safe.debug (pid 20474) has died: fg  TOP 
06-13 14:51:30.422   755   793 I libprocessgroup: Removed cgroup /sys/fs/cgroup/apps/uid_10244/pid_20474
06-13 14:51:30.424   755  2990 I WindowManager: WIN DEATH: Window{b3c0209 u0 fi.iki.ede.safe.debug/fi.iki.ede.safe.ui.activities.SiteEntryListScreen}
06-13 14:51:30.429   755  2990 I WindowManager: WIN DEATH: Window{831e08c u0 fi.iki.ede.safe.debug/fi.iki.ede.safe.ui.activities.CategoryListScreen}
06-13 14:51:30.433  9443  9443 D BoundBrokerSvc: onUnbind: Intent { act=com.google.android.gms.measurement.START xflg=0x4 pkg=com.google.android.gms }
06-13 14:51:30.443   755   921 D InetDiagMessage: Destroyed 0 sockets, proto=IPPROTO_TCP, family=AF_INET, states=14
06-13 14:51:30.443   755   921 D InetDiagMessage: Destroyed 0 sockets, proto=IPPROTO_TCP, family=AF_INET6, states=14
06-13 14:51:30.443   755   785 W ActivityManager: setHasOverlayUi called on unknown pid: 20474
06-13 14:51:30.444   755   921 D InetDiagMessage: Destroyed live tcp sockets for uids={10244} in 3ms
06-13 14:51:30.445   755   921 D InetDiagMessage: Destroyed 0 sockets, proto=IPPROTO_TCP, family=AF_INET, states=14
06-13 14:51:30.445   755   850 W UsageStatsService: Unexpected activity event reported! (fi.iki.ede.safe.debug/fi.iki.ede.safe.ui.activities.SiteEntryListScreen event : 23 instanceId : 58027062)
06-13 14:51:30.445   755   850 W UsageStatsService: Unexpected activity event reported! (fi.iki.ede.safe.debug/fi.iki.ede.safe.ui.activities.CategoryListScreen event : 23 instanceId : 113098566)
06-13 14:51:30.445   755   836 D CompatChangeReporter: Compat change id reported: 377864165; UID 10244; state: ENABLED
06-13 14:51:30.446  9443 18722 I gle.android.gms: Explicit concurrent mark compact GC freed 3577KB AllocSpace bytes, 0(0B) LOS objects, 24% free, 17MB/23MB, paused 2.284ms,3.405ms total 324.163ms
06-13 14:51:30.446   755   921 D InetDiagMessage: Destroyed 0 sockets, proto=IPPROTO_TCP, family=AF_INET6, states=14
06-13 14:51:30.446   755   970 D BackgroundInstallControlService: Package event received: 0
06-13 14:51:30.448   755   921 D InetDiagMessage: Destroyed live tcp sockets for uids={20244} in 2ms
06-13 14:51:30.452   666  7123 W IPCThreadState: Sending oneway calls to frozen process.
06-13 14:51:30.452   755   785 V GrammaticalInflectionUtils: AttributionSource: android.content.AttributionSource@192b0461 does not have READ_SYSTEM_GRAMMATICAL_GENDER permission.
06-13 14:51:30.453   666  7123 W IPCThreadState: Sending oneway calls to frozen process.
06-13 14:51:30.460   515   515 D Zygote  : Forked child process 20672
06-13 14:51:30.461   755   792 I ActivityManager: Start proc 20672:fi.iki.ede.safe.debug/u0a244 for top-activity {fi.iki.ede.safe.debug/fi.iki.ede.safe.ui.activities.SiteEntryListScreen}
06-13 14:51:30.465   755   792 I ActivityManager: ProcessObserver broadcast disabled
06-13 14:51:30.477 20672 20672 I .ede.safe.debug: Late-enabling -Xcheck:jni
06-13 14:51:30.496 20672 20672 I .ede.safe.debug: Using CollectorTypeCMC GC.
06-13 14:51:30.497 20672 20672 W .ede.safe.debug: Unexpected CPU variant for x86: x86_64.
06-13 14:51:30.497 20672 20672 W .ede.safe.debug: Known variants: atom, sandybridge, silvermont, goldmont, goldmont-plus, goldmont-without-sha-xsaves, tremont, kabylake, alderlake, default
06-13 14:51:30.506   598   623 I adbd    : jdwp connection from 20672
06-13 14:51:30.528 20672 20672 D nativeloader: Load libframework-connectivity-tiramisu-jni.so using APEX ns com_android_tethering for caller /apex/com.android.tethering/javalib/framework-connectivity-t.jar: ok
06-13 14:51:30.550   755   970 D BackgroundInstallControlService: Package event received: 0
06-13 14:51:30.556 20672 20672 W re-initialized>: type=1400 audit(0.0:1662): avc:  granted  { execute } for  path="/data/data/fi.iki.ede.safe.debug/code_cache/startup_agents/c52d6b25-agent.so" dev="dm-55" ino=369424 scontext=u:r:untrusted_app:s0:c244,c256,c512,c768 tcontext=u:object_r:app_data_file:s0:c244,c256,c512,c768 tclass=file app=fi.iki.ede.safe.debug
06-13 14:51:30.571 20672 20672 D nativeloader: Load /data/user/0/fi.iki.ede.safe.debug/code_cache/startup_agents/c52d6b25-agent.so using system ns (caller=<unknown>): ok
06-13 14:51:30.573 20672 20672 V studio.deploy: Startup agent attached to VM
06-13 14:51:30.573 20672 20672 V studio.deploy: No existing instrumentation found. Loading instrumentation from instruments-9dbd448e.jar
06-13 14:51:30.580 20672 20672 W .ede.safe.debug: hiddenapi: DexFile /data/data/fi.iki.ede.safe.debug/code_cache/.studio/instruments-9dbd448e.jar is in boot class path but is not in a known location
06-13 14:51:30.584 20672 20672 V studio.deploy: Applying transforms with cached classes
06-13 14:51:30.704 20672 20672 W .ede.safe.debug: Redefining intrinsic method java.lang.Thread java.lang.Thread.currentThread(). This may cause the unexpected use of the original definition of java.lang.Thread java.lang.Thread.currentThread()in methods that have already been compiled.
06-13 14:51:30.704 20672 20672 W .ede.safe.debug: Redefining intrinsic method boolean java.lang.Thread.interrupted(). This may cause the unexpected use of the original definition of boolean java.lang.Thread.interrupted()in methods that have already been compiled.
06-13 14:51:30.707 20672 20672 I studio.deploy: Registering DispatchJNI
06-13 14:51:30.707 20672 20672 I studio.deploy: Found com/android/tools/deploy/interpreter/JNI
06-13 14:51:30.727 20672 20672 D ApplicationLoaders: Returning zygote-cached class loader: /system_ext/framework/androidx.window.extensions.jar
06-13 14:51:30.727 20672 20672 D ApplicationLoaders: Returning zygote-cached class loader: /system_ext/framework/androidx.window.sidecar.jar
06-13 14:51:30.878   755   785 W ActivityTaskManager: Activity top resumed state loss timeout for ActivityRecord{226642691 u0 fi.iki.ede.safe.debug/fi.iki.ede.safe.ui.activities.SiteEntryEditScreen t489 f} isExiting}
06-13 14:51:30.905  9443  9443 D BoundBrokerSvc: onRebind: Intent { act=com.google.android.gms.semanticlocationhistory.service.START dat=chimera-action:/... xflg=0x4 cmp=com.google.android.gms/.chimera.GmsApiService }
06-13 14:51:31.104  1882  1882 D BoundBrokerSvc: onUnbind: Intent { act=com.google.android.gms.auth.aang.events.services.START dat=chimera-action:/... xflg=0x4 cmp=com.google.android.gms/.chimera.PersistentApiService }
06-13 14:51:31.127  9443  9443 D BoundBrokerSvc: onUnbind: Intent { act=com.google.android.gms.wallet.service.BIND xflg=0x4 pkg=com.google.android.gms }
06-13 14:51:31.183 20672 20672 D nativeloader: Configuring clns-9 for other apk /data/app/~~8XDSPoGQdax5qu59JlwPuQ==/fi.iki.ede.safe.debug-HCXiceDwPG8vuWweLezupg==/base.apk. target_sdk_version=36, uses_libraries=, library_path=/data/app/~~8XDSPoGQdax5qu59JlwPuQ==/fi.iki.ede.safe.debug-HCXiceDwPG8vuWweLezupg==/lib/x86_64:/data/app/~~8XDSPoGQdax5qu59JlwPuQ==/fi.iki.ede.safe.debug-HCXiceDwPG8vuWweLezupg==/base.apk!/lib/x86_64, permitted_path=/data:/mnt/expand:/data/user/0/fi.iki.ede.safe.debug
06-13 14:51:31.192 20672 20672 I .ede.safe.debug: AssetManager2(0x7e3f60a40898) locale list changing from [] to [en-US]
06-13 14:51:31.195 20672 20672 I .ede.safe.debug: AssetManager2(0x7e3f60a3a178) locale list changing from [] to [en-US]
06-13 14:51:31.203 20672 20672 V GraphicsEnvironment: Currently set values for:
06-13 14:51:31.203 20672 20672 V GraphicsEnvironment:   angle_gl_driver_selection_pkgs=[]
06-13 14:51:31.203 20672 20672 V GraphicsEnvironment:   angle_gl_driver_selection_values=[]
06-13 14:51:31.203 20672 20672 V GraphicsEnvironment: fi.iki.ede.safe.debug is not listed in per-application setting
06-13 14:51:31.203 20672 20672 V GraphicsEnvironment: ANGLE allowlist from config: com.dreamgames.royalmatch com.dts.freefiremax com.dxx.firenow com.gramgames.mergedragons com.ludo.king com.mojang.minecraftpe com.my.defense com.nintendo.zaka com.os.airforce com.playrix.fishdomdd.gplay io.teslatech.callbreak jp.konami.prospia net.peakgames.toonblast
06-13 14:51:31.203 20672 20672 V GraphicsEnvironment: fi.iki.ede.safe.debug is not listed in ANGLE allowlist or settings, returning default
06-13 14:51:31.204 20672 20672 V GraphicsEnvironment: Neither updatable production driver nor prerelease driver is supported.
06-13 14:51:31.289 20672 20672 D FirebaseSessions: Dependency to CRASHLYTICS added.
06-13 14:51:31.296 20672 20672 I FirebaseApp: Device unlocked: initializing all Firebase APIs for app [DEFAULT]
06-13 14:51:31.314 20672 20672 I FirebaseCrashlytics: Initializing Firebase Crashlytics 20.0.3 for fi.iki.ede.safe.debug
06-13 14:51:31.366 20672 20672 D FirebaseSessions: Subscriber CRASHLYTICS registered.
06-13 14:51:31.368   755   970 D BackgroundInstallControlService: Package event received: 0
06-13 14:51:31.369   755   970 D BackgroundInstallControlService: Package event received: 0
06-13 14:51:31.370   755   970 D BackgroundInstallControlService: Package event received: 0
06-13 14:51:31.380 20672 20697 W .ede.safe.debug: ClassLoaderContext classpath size mismatch. expected=1, found=0 (DLC[];PCL[base.apk*2832758366]{PCL[/system/framework/org.apache.http.legacy.jar*4247870504]#PCL[/system/framework/com.android.location.provider.jar*1570284764]#PCL[/system/framework/com.android.media.remotedisplay.jar*487574312]#PCL[/system_ext/framework/com.android.extensions.appfunctions.jar*2880224042]#PCL[/system_ext/framework/androidx.window.extensions.jar*1030441313]#PCL[/system_ext/framework/androidx.window.sidecar.jar*3860983653]} | DLC[];PCL[])
06-13 14:51:31.385 20672 20697 I DynamiteModule: Considering local module com.google.android.gms.measurement.dynamite:155 and remote module com.google.android.gms.measurement.dynamite:189
06-13 14:51:31.385 20672 20697 I DynamiteModule: Selected remote version of com.google.android.gms.measurement.dynamite, version >= 189
06-13 14:51:31.385 20672 20697 V DynamiteModule: Dynamite loader version >= 2, using loadModule2NoCrashUtils
06-13 14:51:31.397 20672 20697 W System  : ClassLoader referenced unknown path: 
06-13 14:51:31.398 20672 20697 D nativeloader: Configuring clns-10 for other apk . target_sdk_version=37, uses_libraries=, library_path=/data/app/~~TenVv5xnpnx-rEvpv-fT6g==/com.google.android.gms-W_2tYdJhq71yFNjQne_DAg==/lib/x86_64:/data/app/~~TenVv5xnpnx-rEvpv-fT6g==/com.google.android.gms-W_2tYdJhq71yFNjQne_DAg==/base.apk!/lib/x86_64, permitted_path=/data:/mnt/expand:/data/user/0/com.google.android.gms
06-13 14:51:31.404 20672 20697 I .ede.safe.debug: AssetManager2(0x7e3f60a3e638) locale list changing from [] to [en-US]
06-13 14:51:31.410 20672 20697 W .ede.safe.debug: ClassLoaderContext classpath size mismatch. expected=1, found=2 (DLC[];PCL[base.apk*2832758366]{PCL[/system/framework/org.apache.http.legacy.jar*4247870504]#PCL[/system/framework/com.android.location.provider.jar*1570284764]#PCL[/system/framework/com.android.media.remotedisplay.jar*487574312]#PCL[/system_ext/framework/com.android.extensions.appfunctions.jar*2880224042]#PCL[/system_ext/framework/androidx.window.extensions.jar*1030441313]#PCL[/system_ext/framework/androidx.window.sidecar.jar*3860983653]} | DLC[];PCL[/data/data/fi.iki.ede.safe.debug/code_cache/.overlay/base.apk/classes24.dex*2719578828:/data/app/~~8XDSPoGQdax5qu59JlwPuQ==/fi.iki.ede.safe.debug-HCXiceDwPG8vuWweLezupg==/base.apk*3388101762]{PCL[/system_ext/framework/androidx.window.extensions.jar*1030441313]#PCL[/system_ext/framework/androidx.window.sidecar.jar*3860983653]})
