06-13 14:48:44.726   755  3885 E RoleControllerServiceImpl: Default/fallback role holder package doesn't qualify for the role, package: com.google.android.gms, role: android.app.role.SYSTEM_DEPENDENCY_INSTALLER
06-13 14:48:44.733  1561  1561 D SatelliteController: packageStateChanged: package:fi.iki.ede.safe.debug DefaultSmsPackageName:com.google.android.apps.messaging
06-13 14:48:44.733  1561  1561 V SatelliteController: Neither SMS or SatelliteGateway package
06-13 14:48:44.734  1561  1759 D ImsResolver: maybeAddedImsService, packageName: fi.iki.ede.safe.debug
06-13 14:48:44.734  1561  1759 V ImsResolver: searchForImsServices: package=fi.iki.ede.safe.debug, users=[UserHandle{0}]
06-13 14:48:44.736  1561  1759 V ImsResolver: searchForImsServices: package=fi.iki.ede.safe.debug, users=[UserHandle{0}]
06-13 14:48:44.736  1711  4713 I PermissionControllerServiceImpl: Updating user sensitive for uid 10244
06-13 14:48:44.740   755  2484 W AppOpService: Ignored setUidMode call for runtime permission app op: uid = 1001, code = READ_SMS, mode = allow, callingUid = 1001, oldMode = allow
06-13 14:48:44.742   755  2990 W AppOpService: Ignored setUidMode call for runtime permission app op: uid = 1001, code = RECEIVE_SMS, mode = allow, callingUid = 1001, oldMode = allow
06-13 14:48:44.743   755  2484 W AppOpService: Ignored setUidMode call for runtime permission app op: uid = 1001, code = RECEIVE_WAP_PUSH, mode = allow, callingUid = 1001, oldMode = allow
06-13 14:48:44.744   755  2990 W AppOpService: Ignored setUidMode call for runtime permission app op: uid = 1001, code = SEND_SMS, mode = allow, callingUid = 1001, oldMode = allow
06-13 14:48:44.744   755  2990 W AppOpService: Ignored setUidMode call for runtime permission app op: uid = 1001, code = READ_CELL_BROADCASTS, mode = allow, callingUid = 1001, oldMode = allow
06-13 14:48:44.744  1561  1561 D SatelliteAccessController: Current default SMS app:ComponentInfo{com.google.android.apps.messaging/com.google.android.apps.messaging.shared.receiver.SmsDeliverReceiver}
06-13 14:48:44.744  1561  1561 D SatelliteController: getSelectedSatelliteSubId: subId=-1
06-13 14:48:44.745  1561  1561 D SatelliteAccessController: supportedMsgApps:com.google.android.apps.messaging
06-13 14:48:44.748  1200  2682 W HWUI    : Failed to choose config with EGL_SWAP_BEHAVIOR_PRESERVED, retrying without...
06-13 14:48:44.749  1200  2682 W HWUI    : Failed to initialize 101010-2 format, error = EGL_SUCCESS
06-13 14:48:44.760   755  3885 E RoleControllerServiceImpl: Default/fallback role holder package doesn't qualify for the role, package: com.google.android.gms, role: android.app.role.WALLET
06-13 14:48:44.765   755  3885 I system_server: AssetManager2(0x7e3f60a70958) locale list changing from [] to [en-US]
06-13 14:48:44.768   755  3885 W SignedPackage: Cannot get ApplicationInfo for package: com.google.android.devicelockcontroller
06-13 14:48:44.781  1200  1233 W HWUI    : Image decoding logging dropped!
06-13 14:48:44.781  1200  1233 D AlphabeticIndexCompat: computeSectionName: cs: Password Safe sectionName: P
06-13 14:48:44.782  1200  1200 D AllAppsStore: setApps: apps.length=19
06-13 14:48:44.782  1200  1200 D AllAppsStore: notifyUpdate: notifying listeners
06-13 14:48:44.782  1200  1200 D ActivityAllAppsContainerView: onAppsUpdated; number of apps: 19
06-13 14:48:44.782  1200  1200 D ActivityAllAppsContainerView: rebindAdapters: force: false
06-13 14:48:44.782  1200  1200 D ActivityAllAppsContainerView: rebindAdapters: Not needed.
06-13 14:48:44.782  1200  1200 D StatsLog: LAUNCHER_ALLAPPS_COUNT
06-13 14:48:44.783  1200  1200 D AlphabeticalAppsList: Clearing FastScrollerSections.
06-13 14:48:44.783  1200  1200 D AlphabeticalAppsList: Adding apps with sections. HasPrivateApps: false
06-13 14:48:44.783  1200  1200 D AlphabeticalAppsList: addAppsWithSections: adding sectionName: C with appInfoTitle: Calendar
06-13 14:48:44.783  1200  1200 D AlphabeticalAppsList: addAppsWithSections: adding sectionName: D with appInfoTitle: Drive
06-13 14:48:44.783  1200  1200 D AlphabeticalAppsList: addAppsWithSections: adding sectionName: F with appInfoTitle: Files
06-13 14:48:44.783  1200  1200 D AlphabeticalAppsList: addAppsWithSections: adding sectionName: G with appInfoTitle: Gmail
06-13 14:48:44.783  1200  1200 D AlphabeticalAppsList: addAppsWithSections: adding sectionName: M with appInfoTitle: Maps
06-13 14:48:44.783  1200  1200 D AlphabeticalAppsList: addAppsWithSections: adding sectionName: P with appInfoTitle: Password Safe
06-13 14:48:44.783  1200  1200 D AlphabeticalAppsList: addAppsWithSections: adding sectionName: S with appInfoTitle: Safety
06-13 14:48:44.783  1200  1200 D AlphabeticalAppsList: addAppsWithSections: adding sectionName: T with appInfoTitle: TMoble
06-13 14:48:44.783  1200  1200 D AlphabeticalAppsList: addAppsWithSections: adding sectionName: V with appInfoTitle: Voice Access
06-13 14:48:44.783  1200  1200 D AlphabeticalAppsList: Adding FastScrollSection duplicate to scroll to the bottom.
06-13 14:48:44.783  1200  1200 D AlphabeticalAppsList: Clearing FastScrollerSections.
06-13 14:48:44.783  1200  1200 D AlphabeticalAppsList: Adding apps with sections. HasPrivateApps: false
06-13 14:48:44.783  1200  1200 D AlphabeticalAppsList: addAppsWithSections: adding sectionName: C with appInfoTitle: Calendar
06-13 14:48:44.783  1200  1200 D AlphabeticalAppsList: addAppsWithSections: adding sectionName: D with appInfoTitle: Drive
06-13 14:48:44.783  1200  1200 D AlphabeticalAppsList: addAppsWithSections: adding sectionName: F with appInfoTitle: Files
06-13 14:48:44.784  1200  1200 D AlphabeticalAppsList: addAppsWithSections: adding sectionName: G with appInfoTitle: Gmail
06-13 14:48:44.784  1200  1200 D AlphabeticalAppsList: addAppsWithSections: adding sectionName: M with appInfoTitle: Maps
06-13 14:48:44.784  1200  1200 D AlphabeticalAppsList: addAppsWithSections: adding sectionName: P with appInfoTitle: Password Safe
06-13 14:48:44.784  1200  1200 D AlphabeticalAppsList: addAppsWithSections: adding sectionName: S with appInfoTitle: Safety
06-13 14:48:44.784  1200  1200 D AlphabeticalAppsList: addAppsWithSections: adding sectionName: T with appInfoTitle: TMoble
06-13 14:48:44.784  1200  1200 D AlphabeticalAppsList: addAppsWithSections: adding sectionName: V with appInfoTitle: Voice Access
06-13 14:48:44.784  1200  1200 D AlphabeticalAppsList: Adding FastScrollSection duplicate to scroll to the bottom.
06-13 14:48:44.795  1200  1233 D ModelWriter: removing items from db . Reason: [removed because the corresponding package or component is removed. mOp=2 removedPackages=[] removedComponents=[{fi.iki.ede.safe.debug/fi.iki.ede.safe.ui.activities.MainAppWithoutBackupIcon}]]
06-13 14:48:44.973 20474 20474 D VRI[CategoryListScreen]: visibilityChanged oldVisibility=true newVisibility=false
06-13 14:48:44.986  9443 20524 D AdvertisingIdClient: AdvertisingIdClient already created.
06-13 14:48:44.986  9443 20524 D AdvertisingIdClient: AdvertisingIdClient is not bounded. Starting to bind it...
06-13 14:48:44.991 20474 20474 D FirebaseSessions: App foregrounded on fi.iki.ede.safe.debug
06-13 14:48:44.996  9443 20524 D AdvertisingIdClient: AdvertisingIdClient is bounded
06-13 14:48:45.000  9443 20524 W AdvertisingIdSettings: Package fi.iki.ede.safe.debug failed Ad Id permission check. Apps that target Android SDK 33 or higher should declare com.google.android.gms.permission.AD_ID in the app manifest to access Ad Id.
06-13 14:48:45.001  9443 20524 I AdvertisingIdClient: shouldSendLog 94753290
06-13 14:48:45.001  9443 20524 I AdvertisingIdClient: GetInfoInternal elapse 15ms
06-13 14:48:45.003 20474 20474 I Choreographer: Skipped 56 frames!  The application may be doing too much work on its main thread.
06-13 14:48:45.011   755  3281 D CoreBackPreview: Window{788207a u0 fi.iki.ede.safe.debug/fi.iki.ede.safe.ui.activities.LoginScreen}: Setting back callback OnBackInvokedCallbackInfo{mCallback=android.window.IOnBackInvokedCallback$Stub$Proxy@f6ecc88, mPriority=-1, mIsAnimationCallback=false, mOverrideBehavior=0}
06-13 14:48:45.021  1882  1882 D BoundBrokerSvc: onRebind: Intent { act=com.google.android.gms.common.telemetry.service.START dat=chimera-action:/... xflg=0x4 cmp=com.google.android.gms/.chimera.PersistentApiService }
06-13 14:48:45.022  9443 20524 W AdvertisingIdSettings: Package fi.iki.ede.safe.debug failed Ad Id permission check. Apps that target Android SDK 33 or higher should declare com.google.android.gms.permission.AD_ID in the app manifest to access Ad Id.
06-13 14:48:45.026  1882  1882 D BoundBrokerSvc: onRebind: Intent { act=com.google.android.gms.presencemanager.service.START dat=chimera-action:/... xflg=0x4 cmp=com.google.android.gms/.chimera.PersistentApiService }
06-13 14:48:45.029  1882  1882 D BoundBrokerSvc: onRebind: Intent { act=com.google.android.gms.presencemanager.service.INTERNAL_IDENTITY dat=chimera-action:/... xflg=0x4 cmp=com.google.android.gms/.chimera.PersistentApiService }
06-13 14:48:45.097  1882 20500 I NetworkScheduler: (REDACTED) Error inserting %s
06-13 14:48:45.470   755   782 I ActivityTaskManager: Displayed fi.iki.ede.safe.debug/fi.iki.ede.safe.ui.activities.LoginScreen for user 0: +4s434ms
06-13 14:48:45.482 20474 20488 I HWUI    : Davey! duration=1408ms; Flags=1, FrameTimelineVsyncId=285631, IntendedVsync=95563522371116, Vsync=95564455704412, InputEventId=0, HandleInputStart=95564469686400, AnimationStart=95564469704300, PerformTraversalsStart=95564469729600, DrawStart=95564834553000, FrameDeadline=95563539037782, FrameStartTime=95564468849200, FrameInterval=16666666, WorkloadTarget=16666666, SyncQueued=95564853069000, SyncStart=95564862642300, IssueDrawCommandsStart=95564862987200, SwapBuffers=95564929649000, FrameCompleted=95564940210800, DequeueBufferDuration=19400, QueueBufferDuration=186700, GpuCompleted=95564940210800, SwapBuffersCompleted=95564932173300, DisplayPresentTime=0, CommandSubmissionCompleted=95564929649000, 
06-13 14:48:45.490  1882  2726 I FontLog : (REDACTED) Received query %s, URI %s
06-13 14:48:45.490  1882  2726 I FontLog : (REDACTED) Query [%s] resolved to %s
06-13 14:48:45.496  1882  2726 I FontLog : (REDACTED) Fetch %s end status %s
06-13 14:48:45.500  1882  2726 I FontLog : (REDACTED) Pulling font file for id = %d, cache size = %d
06-13 14:48:45.507  1882  2726 I FontLog : (REDACTED) Pulling font file for id = %d, cache size = %d
06-13 14:48:45.528   755   880 I ImeTracker: fi.iki.ede.safe.debug:24df85a6: onRequestHide at ORIGIN_SERVER reason HIDE_UNSPECIFIED_WINDOW fromUser false
06-13 14:48:45.531   755   970 D BackgroundInstallControlService: Package event received: 0
06-13 14:48:45.533 20474 20474 D InsetsController: hide(ime(), fromIme=false)
06-13 14:48:45.533 20474 20474 I ImeTracker: fi.iki.ede.safe.debug:24df85a6: onCancelled at PHASE_CLIENT_ALREADY_HIDDEN
06-13 14:48:45.537  2163  2163 I GoogleInputMethodService: GoogleInputMethodService.onFinishInput():2259 
06-13 14:48:45.540  2163  2163 I Module  : DeviceLockedStatusModuleProvider$Module.updateDeviceLockedStatus():103 repeatCheckTimes = 0, locked = false
06-13 14:48:45.541   755  2344 I ImeTracker: system_server:a5373b54: onRequestHide at ORIGIN_SERVER reason IME_REQUESTED_CHANGED_LISTENER fromUser false
06-13 14:48:45.542   755   785 I ImeTracker: system_server:a5373b54: onCancelled at PHASE_SERVER_SHOULD_HIDE
06-13 14:48:45.544  2163  2163 I GoogleInputMethodService: GoogleInputMethodService.onStartInput():1446 onStartInput(EditorInfo{EditorInfo{packageName=fi.iki.ede.safe.debug, inputType=0, inputTypeString=NULL, enableLearning=false, autoCorrection=false, autoComplete=false, imeOptions=0, privateImeOptions=null, actionName=UNSPECIFIED, actionLabel=null, initialSelStart=-1, initialSelEnd=-1, initialCapsMode=0, label=null, fieldId=0, fieldName=null, extras=null, hintText=null, hintLocales=[]}}, false)
06-13 14:48:45.545  2163  2163 I AndroidIME: LatinIMEBase.updateInputViewCoverNavigation():322 Update input view padding, isNavbarOverInputWindow=true, bottom inset=63
06-13 14:48:45.548  2163  2163 I Module  : DeviceLockedStatusModuleProvider$Module.updateDeviceLockedStatus():103 repeatCheckTimes = 1, locked = false
06-13 14:48:45.552   755  2344 W PackageConfigPersister: App-specific configuration not found for packageName: fi.iki.ede.safe.debug and userId: 0
06-13 14:48:45.829   666  7123 W IPCThreadState: Sending oneway calls to frozen process.
06-13 14:48:45.829   666  7123 W IPCThreadState: Sending oneway calls to frozen process.
06-13 14:48:45.936  1624  1646 W System  : A resource failed to call release. 
06-13 14:48:45.936  1624  1646 W System  : A resource failed to call release. 
06-13 14:48:45.936  1624  1646 W System  : A resource failed to call release. 
06-13 14:48:45.936  1624  1646 W System  : A resource failed to call release. 
06-13 14:48:45.936  1624  1646 W System  : A resource failed to call release. 
06-13 14:48:45.936  1624  1646 W System  : A resource failed to call release. 
06-13 14:48:45.936  1624  1646 W System  : A resource failed to call release. 
06-13 14:48:45.936  1624  1646 W System  : A resource failed to call release. 
06-13 14:48:45.936  1624  1646 W System  : A resource failed to call release. 
06-13 14:48:45.936  1624  1646 W System  : A resource failed to call release. 
06-13 14:48:45.936  1624  1646 W System  : A resource failed to call release. 
06-13 14:48:45.936  1624  1646 W System  : A resource failed to call release. 
06-13 14:48:45.936  1624  1646 W System  : A resource failed to call release. 
06-13 14:48:45.937  1624  1646 W System  : A resource failed to call release. 
06-13 14:48:48.432 20545 20545 W dumpsys : Thread Pool max thread count is 0. Cannot cache binder as linkToDeath cannot be implemented. serviceName: package
06-13 14:48:48.517  5247 14864 I artd    : GetBestInfo: odex next to the dex file (/data/app/~~TenVv5xnpnx-rEvpv-fT6g==/com.google.android.gms-W_2tYdJhq71yFNjQne_DAg==/oat/x86_64/base.odex) is kOatUpToDate with filter 'speed-profile' executable 'false'
06-13 14:48:48.519  5247 14864 I artd    : GetBestInfo: odex next to the dex file (/data/app/~~TenVv5xnpnx-rEvpv-fT6g==/com.google.android.gms-W_2tYdJhq71yFNjQne_DAg==/oat/x86_64/split_AdsDynamite_installtime.odex) is kOatUpToDate with filter 'speed' executable 'false'
06-13 14:48:48.520  5247 14864 I artd    : GetBestInfo: odex next to the dex file (/data/app/~~TenVv5xnpnx-rEvpv-fT6g==/com.google.android.gms-W_2tYdJhq71yFNjQne_DAg==/oat/x86_64/split_CronetDynamite_installtime.odex) is kOatUpToDate with filter 'speed-profile' executable 'false'
06-13 14:48:48.521  5247 14864 I artd    : GetBestInfo: odex next to the dex file (/data/app/~~TenVv5xnpnx-rEvpv-fT6g==/com.google.android.gms-W_2tYdJhq71yFNjQne_DAg==/oat/x86_64/split_DynamiteLoader_installtime.odex) is kOatUpToDate with filter 'speed' executable 'false'
06-13 14:48:48.522  5247 14864 I artd    : GetBestInfo: odex next to the dex file (/data/app/~~TenVv5xnpnx-rEvpv-fT6g==/com.google.android.gms-W_2tYdJhq71yFNjQne_DAg==/oat/x86_64/split_DynamiteModulesA_installtime.odex) is kOatUpToDate with filter 'speed' executable 'false'
06-13 14:48:48.524  5247  5247 I artd    : GetBestInfo: odex next to the dex file (/data/app/~~TenVv5xnpnx-rEvpv-fT6g==/com.google.android.gms-W_2tYdJhq71yFNjQne_DAg==/oat/x86_64/split_DynamiteModulesC_installtime.odex) is kOatUpToDate with filter 'speed' executable 'false'
06-13 14:48:48.525  5247  5247 I artd    : GetBestInfo: odex next to the dex file (/data/app/~~TenVv5xnpnx-rEvpv-fT6g==/com.google.android.gms-W_2tYdJhq71yFNjQne_DAg==/oat/x86_64/split_GoogleCertificates_installtime.odex) is kOatUpToDate with filter 'speed' executable 'false'
06-13 14:48:48.526  5247  5247 I artd    : GetBestInfo: odex next to the dex file (/data/app/~~TenVv5xnpnx-rEvpv-fT6g==/com.google.android.gms-W_2tYdJhq71yFNjQne_DAg==/oat/x86_64/split_MapsDynamite_installtime.odex) is kOatUpToDate with filter 'speed' executable 'false'
06-13 14:48:48.528  5247  5247 I artd    : GetBestInfo: odex next to the dex file (/data/app/~~TenVv5xnpnx-rEvpv-fT6g==/com.google.android.gms-W_2tYdJhq71yFNjQne_DAg==/oat/x86_64/split_MeasurementDynamite_installtime.odex) is kOatUpToDate with filter 'speed' executable 'false'
06-13 14:48:48.529  5247  5247 I artd    : GetBestInfo: /data/user_de/0/com.google.android.gms/app_chimera/m/00000001/CronetDynamite.apk has no usable artifacts
06-13 14:48:48.529  5247  5247 W artd    : Could not get dex checksums for location /data/app/~~G0HPFVpum7v2ejGrH6pEfg==/com.google.android.gms-FwsNWjYRBvxZ6ABQEOrGNA==/base.apk, fd=-1
06-13 14:48:48.531  5247  5247 I artd    : GetBestInfo: /data/user_de/0/com.google.android.gms/app_chimera/m/00000002/DynamiteLoader.apk has no usable artifacts
06-13 14:48:48.531  5247  5247 I artd    : GetBestInfo: /data/user_de/0/com.google.android.gms/app_chimera/m/00000005/GoogleCertificates.apk has no usable artifacts
06-13 14:48:48.532  5247  5247 W artd    : Could not get dex checksums for location /data/app/~~G0HPFVpum7v2ejGrH6pEfg==/com.google.android.gms-FwsNWjYRBvxZ6ABQEOrGNA==/base.apk, fd=-1
06-13 14:48:48.533  5247  5247 W artd    : Could not get dex checksums for location /data/app/~~thWcSPpdc105cPjdDuIHCQ==/com.google.android.gms-z58PA5lnnMb4XDX6PbVCjg==/base.apk, fd=-1
06-13 14:48:48.534  5247  5247 I artd    : GetBestInfo: /data/user_de/0/com.google.android.gms/app_chimera/m/00000042/dl-MlkitOcrCommon.optional_261631100800.apk has no usable artifacts
06-13 14:48:48.534  5247  5247 W artd    : Could not get dex checksums for location /data/app/~~G0HPFVpum7v2ejGrH6pEfg==/com.google.android.gms-FwsNWjYRBvxZ6ABQEOrGNA==/base.apk, fd=-1
06-13 14:48:48.536  5247  5247 I artd    : GetBestInfo: /data/user_de/0/com.google.android.gms/app_chimera/m/0000000b/dl-Antifingerprinting.optional_250834100000.apk has no usable artifacts
06-13 14:48:48.536  5247  5247 W artd    : Could not get dex checksums for location /data/app/~~thWcSPpdc105cPjdDuIHCQ==/com.google.android.gms-z58PA5lnnMb4XDX6PbVCjg==/base.apk, fd=-1
06-13 14:48:48.537  5247  5247 W artd    : Could not get dex checksums for location /data/app/~~G0HPFVpum7v2ejGrH6pEfg==/com.google.android.gms-FwsNWjYRBvxZ6ABQEOrGNA==/base.apk, fd=-1
06-13 14:48:48.538  5247  5247 W artd    : Could not get dex checksums for location /data/app/~~G0HPFVpum7v2ejGrH6pEfg==/com.google.android.gms-FwsNWjYRBvxZ6ABQEOrGNA==/base.apk, fd=-1
06-13 14:48:48.540  5247  5247 I artd    : GetBestInfo: /data/user_de/0/com.google.android.gms/app_chimera/m/0000000c/dl-MlkitBarcodeUi.optional_250834100800.apk has no usable artifacts
06-13 14:48:48.541  5247  5247 W artd    : Could not get dex checksums for location /data/app/~~G0HPFVpum7v2ejGrH6pEfg==/com.google.android.gms-FwsNWjYRBvxZ6ABQEOrGNA==/base.apk, fd=-1
06-13 14:48:48.542  5247  5247 I artd    : GetBestInfo: /data/user_de/0/com.google.android.gms/app_chimera/m/00000009/dl-Appsearch.optional_250834100800.apk has no usable artifacts
06-13 14:48:48.543  5247  5247 I artd    : GetBestInfo: /data/user_de/0/com.google.android.gms/app_chimera/m/00000045/dl-VisionOcr.optional_261631100000.apk has no usable artifacts
06-13 14:48:48.543  5247  5247 W artd    : Could not get dex checksums for location /data/app/~~G0HPFVpum7v2ejGrH6pEfg==/com.google.android.gms-FwsNWjYRBvxZ6ABQEOrGNA==/base.apk, fd=-1
06-13 14:48:48.544  5247  5247 W artd    : Could not get dex checksums for location /data/app/~~G0HPFVpum7v2ejGrH6pEfg==/com.google.android.gms-FwsNWjYRBvxZ6ABQEOrGNA==/base.apk, fd=-1
06-13 14:48:48.546  5247  5247 I artd    : GetBestInfo: vdex next to the dex file (/data/user/0/com.google.android.gms/app_dg_cache/1C62BDE86218FBAA50DF06C4A79F5C3FE74B69EC/oat/x86_64/the.vdex) is kOatUpToDate with filter 'verify' executable 'false'
06-13 14:48:48.547  5247  5247 I artd    : GetBestInfo: /data/user_de/0/com.google.android.gms/app_chimera/m/00000043/dl-PlayCloudSearch.optional_261631100000.apk has no usable artifacts
06-13 14:48:48.547  5247  5247 W artd    : Could not get dex checksums for location /data/app/~~G0HPFVpum7v2ejGrH6pEfg==/com.google.android.gms-FwsNWjYRBvxZ6ABQEOrGNA==/base.apk, fd=-1
06-13 14:48:48.548  5247  5247 W artd    : Could not get dex checksums for location /data/app/~~G0HPFVpum7v2ejGrH6pEfg==/com.google.android.gms-FwsNWjYRBvxZ6ABQEOrGNA==/base.apk, fd=-1
06-13 14:48:48.548  5247  5247 W artd    : Could not get dex checksums for location /data/app/~~G0HPFVpum7v2ejGrH6pEfg==/com.google.android.gms-FwsNWjYRBvxZ6ABQEOrGNA==/base.apk, fd=-1
06-13 14:48:48.549  5247  5247 W artd    : Could not get dex checksums for location /data/app/~~G0HPFVpum7v2ejGrH6pEfg==/com.google.android.gms-FwsNWjYRBvxZ6ABQEOrGNA==/base.apk, fd=-1
06-13 14:48:48.550  5247  5247 W artd    : Could not get dex checksums for location /data/app/~~G0HPFVpum7v2ejGrH6pEfg==/com.google.android.gms-FwsNWjYRBvxZ6ABQEOrGNA==/base.apk, fd=-1
06-13 14:48:48.550  5247  5247 W artd    : Could not get dex checksums for location /data/app/~~G0HPFVpum7v2ejGrH6pEfg==/com.google.android.gms-FwsNWjYRBvxZ6ABQEOrGNA==/base.apk, fd=-1
06-13 14:48:48.552  5247  5247 I artd    : GetBestInfo: /data/user_de/0/com.google.android.gms/app_chimera/m/00000044/dl-MlkitBarcodeUi.optional_261631100800.apk has no usable artifacts
06-13 14:48:48.553  5247  5247 W artd    : Could not get dex checksums for location /data/app/~~G0HPFVpum7v2ejGrH6pEfg==/com.google.android.gms-FwsNWjYRBvxZ6ABQEOrGNA==/base.apk, fd=-1
06-13 14:48:48.554  5247  5247 I artd    : GetBestInfo: /data/user_de/0/com.google.android.gms/app_chimera/m/00000046/dl-TfliteDynamiteDynamite.integ_260580502100800.apk has no usable artifacts
06-13 14:48:48.555  5247  5247 W artd    : Could not get dex checksums for location /data/app/~~G0HPFVpum7v2ejGrH6pEfg==/com.google.android.gms-FwsNWjYRBvxZ6ABQEOrGNA==/base.apk, fd=-1
06-13 14:48:48.556  5247  5247 W artd    : Could not get dex checksums for location /data/app/~~G0HPFVpum7v2ejGrH6pEfg==/com.google.android.gms-FwsNWjYRBvxZ6ABQEOrGNA==/base.apk, fd=-1
06-13 14:48:48.557  5247  5247 W artd    : Could not get dex checksums for location /data/app/~~thWcSPpdc105cPjdDuIHCQ==/com.google.android.gms-z58PA5lnnMb4XDX6PbVCjg==/base.apk, fd=-1
06-13 14:48:48.558  5247  5247 W artd    : Could not get dex checksums for location /data/app/~~G0HPFVpum7v2ejGrH6pEfg==/com.google.android.gms-FwsNWjYRBvxZ6ABQEOrGNA==/base.apk, fd=-1
06-13 14:48:48.558  5247  5247 W artd    : Could not get dex checksums for location /data/app/~~thWcSPpdc105cPjdDuIHCQ==/com.google.android.gms-z58PA5lnnMb4XDX6PbVCjg==/base.apk, fd=-1
06-13 14:48:48.560  5247  5247 I artd    : GetBestInfo: /data/user_de/0/com.google.android.gms/app_chimera/m/00000048/dl-IdentityCredentialsPlatform.optional_261631100800.apk has no usable artifacts
06-13 14:48:48.562  5247  5247 I artd    : GetBestInfo: /data/user_de/0/com.google.android.gms/app_chimera/m/00000047/dl-Appsearch.optional_261631100800.apk has no usable artifacts
06-13 14:48:48.562  5247  5247 W artd    : Could not get dex checksums for location /data/app/~~G0HPFVpum7v2ejGrH6pEfg==/com.google.android.gms-FwsNWjYRBvxZ6ABQEOrGNA==/base.apk, fd=-1
06-13 14:48:48.563  5247  5247 W artd    : Could not get dex checksums for location /data/app/~~thWcSPpdc105cPjdDuIHCQ==/com.google.android.gms-z58PA5lnnMb4XDX6PbVCjg==/base.apk, fd=-1
06-13 14:48:48.564  5247  5247 W artd    : Could not get dex checksums for location /data/app/~~G0HPFVpum7v2ejGrH6pEfg==/com.google.android.gms-FwsNWjYRBvxZ6ABQEOrGNA==/base.apk, fd=-1
06-13 14:48:48.564  5247  5247 W artd    : Could not get dex checksums for location /data/app/~~G0HPFVpum7v2ejGrH6pEfg==/com.google.android.gms-FwsNWjYRBvxZ6ABQEOrGNA==/base.apk, fd=-1
06-13 14:48:48.565  5247  5247 W artd    : Could not get dex checksums for location /data/app/~~G0HPFVpum7v2ejGrH6pEfg==/com.google.android.gms-FwsNWjYRBvxZ6ABQEOrGNA==/base.apk, fd=-1
06-13 14:48:48.568  5247  5247 I artd    : GetBestInfo: vdex next to the dex file (/data/user/0/com.google.android.gms/app_dg_cache/22DA9D7AD8ED7504E0CAC64C41ECDBD7068924E0/oat/x86_64/the.vdex) is kOatUpToDate with filter 'verify' executable 'false'
06-13 14:48:48.568  5247  5247 W artd    : Could not get dex checksums for location /data/app/~~G0HPFVpum7v2ejGrH6pEfg==/com.google.android.gms-FwsNWjYRBvxZ6ABQEOrGNA==/base.apk, fd=-1
06-13 14:48:48.569  5247  5247 I artd    : GetBestInfo: /data/user/0/com.google.android.gms/app_dg_cache/BF4FB787570FCDA4B6C94221003046B6FDF77C85/the.apk has no usable artifacts
06-13 14:48:48.570  5247  5247 W artd    : Could not get dex checksums for location /data/app/~~G0HPFVpum7v2ejGrH6pEfg==/com.google.android.gms-FwsNWjYRBvxZ6ABQEOrGNA==/base.apk, fd=-1
06-13 14:48:48.571  5247  5247 W artd    : Could not get dex checksums for location /data/app/~~vhfgDPVBWx5mb-fjO6xVyg==/com.android.vending-tBy7WPr0LlsP-xNiKdNkOQ==/base.apk, fd=-1
06-13 14:48:48.571  5247  5247 W artd    : Could not get dex checksums for location /data/app/~~G0HPFVpum7v2ejGrH6pEfg==/com.google.android.gms-FwsNWjYRBvxZ6ABQEOrGNA==/base.apk, fd=-1
06-13 14:48:48.614 20474 20548 D ProfileInstaller: Installing profile for fi.iki.ede.safe.debug
06-13 14:48:49.396  1007  1007 I wpa_supplicant: wlan0: CTRL-EVENT-BEACON-LOSS 
06-13 14:48:49.489  2201  2449 I bbax    : (REDACTED) getHotwordActive::active query: %s, watch: %s, devices connected: %s
06-13 14:48:50.053  1882  1882 D BoundBrokerSvc: onUnbind: Intent { act=com.google.android.gms.common.telemetry.service.START dat=chimera-action:/... xflg=0x4 cmp=com.google.android.gms/.chimera.PersistentApiService }
06-13 14:48:52.188   755  2484 W ProcessStats: Tracking association SourceState{eb458bf fi.iki.ede.safe.debug/10244 BTop #22578} whose proc state 2 is better than process ProcessState{b403112 com.google.android.gms/10148 pkg=com.google.android.gms} proc state 14 (38 skipped)
06-13 14:48:52.582  1561  1762 D SatelliteController: iisInCarrierRoamingNbIotNtn: satellite is disabled
06-13 14:48:52.583   755  2484 W IPCThreadState: Sending oneway calls to frozen process.
06-13 14:48:55.116  9443  9443 D BoundBrokerSvc: onUnbind: Intent { act=com.google.android.gms.measurement.START xflg=0x4 pkg=com.google.android.gms }
06-13 14:48:57.588  1007  1007 I wpa_supplicant: wlan0: CTRL-EVENT-BEACON-LOSS 
06-13 14:48:58.445 20550 20550 W dumpsys : Thread Pool max thread count is 0. Cannot cache binder as linkToDeath cannot be implemented. serviceName: package
06-13 14:48:58.534  5247  5247 I artd    : GetBestInfo: odex next to the dex file (/data/app/~~TenVv5xnpnx-rEvpv-fT6g==/com.google.android.gms-W_2tYdJhq71yFNjQne_DAg==/oat/x86_64/base.odex) is kOatUpToDate with filter 'speed-profile' executable 'false'
06-13 14:48:58.536  5247  5247 I artd    : GetBestInfo: odex next to the dex file (/data/app/~~TenVv5xnpnx-rEvpv-fT6g==/com.google.android.gms-W_2tYdJhq71yFNjQne_DAg==/oat/x86_64/split_AdsDynamite_installtime.odex) is kOatUpToDate with filter 'speed' executable 'false'
06-13 14:48:58.538  5247  5247 I artd    : GetBestInfo: odex next to the dex file (/data/app/~~TenVv5xnpnx-rEvpv-fT6g==/com.google.android.gms-W_2tYdJhq71yFNjQne_DAg==/oat/x86_64/split_CronetDynamite_installtime.odex) is kOatUpToDate with filter 'speed-profile' executable 'false'
06-13 14:48:58.539  5247  5247 I artd    : GetBestInfo: odex next to the dex file (/data/app/~~TenVv5xnpnx-rEvpv-fT6g==/com.google.android.gms-W_2tYdJhq71yFNjQne_DAg==/oat/x86_64/split_DynamiteLoader_installtime.odex) is kOatUpToDate with filter 'speed' executable 'false'
06-13 14:48:58.541  5247  5247 I artd    : GetBestInfo: odex next to the dex file (/data/app/~~TenVv5xnpnx-rEvpv-fT6g==/com.google.android.gms-W_2tYdJhq71yFNjQne_DAg==/oat/x86_64/split_DynamiteModulesA_installtime.odex) is kOatUpToDate with filter 'speed' executable 'false'
06-13 14:48:58.542  5247  5247 I artd    : GetBestInfo: odex next to the dex file (/data/app/~~TenVv5xnpnx-rEvpv-fT6g==/com.google.android.gms-W_2tYdJhq71yFNjQne_DAg==/oat/x86_64/split_DynamiteModulesC_installtime.odex) is kOatUpToDate with filter 'speed' executable 'false'
06-13 14:48:58.544  5247  5247 I artd    : GetBestInfo: odex next to the dex file (/data/app/~~TenVv5xnpnx-rEvpv-fT6g==/com.google.android.gms-W_2tYdJhq71yFNjQne_DAg==/oat/x86_64/split_GoogleCertificates_installtime.odex) is kOatUpToDate with filter 'speed' executable 'false'
06-13 14:48:58.545  5247  5247 I artd    : GetBestInfo: odex next to the dex file (/data/app/~~TenVv5xnpnx-rEvpv-fT6g==/com.google.android.gms-W_2tYdJhq71yFNjQne_DAg==/oat/x86_64/split_MapsDynamite_installtime.odex) is kOatUpToDate with filter 'speed' executable 'false'
06-13 14:48:58.546  5247  5247 I artd    : GetBestInfo: odex next to the dex file (/data/app/~~TenVv5xnpnx-rEvpv-fT6g==/com.google.android.gms-W_2tYdJhq71yFNjQne_DAg==/oat/x86_64/split_MeasurementDynamite_installtime.odex) is kOatUpToDate with filter 'speed' executable 'false'
06-13 14:48:58.547  5247  5247 I artd    : GetBestInfo: /data/user_de/0/com.google.android.gms/app_chimera/m/00000001/CronetDynamite.apk has no usable artifacts
06-13 14:48:58.548  5247  5247 W artd    : Could not get dex checksums for location /data/app/~~G0HPFVpum7v2ejGrH6pEfg==/com.google.android.gms-FwsNWjYRBvxZ6ABQEOrGNA==/base.apk, fd=-1
06-13 14:48:58.549  5247  5247 I artd    : GetBestInfo: /data/user_de/0/com.google.android.gms/app_chimera/m/00000002/DynamiteLoader.apk has no usable artifacts
06-13 14:48:58.550  5247  5247 I artd    : GetBestInfo: /data/user_de/0/com.google.android.gms/app_chimera/m/00000005/GoogleCertificates.apk has no usable artifacts
06-13 14:48:58.551  5247  5247 W artd    : Could not get dex checksums for location /data/app/~~G0HPFVpum7v2ejGrH6pEfg==/com.google.android.gms-FwsNWjYRBvxZ6ABQEOrGNA==/base.apk, fd=-1
06-13 14:48:58.551  5247  5247 W artd    : Could not get dex checksums for location /data/app/~~thWcSPpdc105cPjdDuIHCQ==/com.google.android.gms-z58PA5lnnMb4XDX6PbVCjg==/base.apk, fd=-1
06-13 14:48:58.553  5247  5247 I artd    : GetBestInfo: /data/user_de/0/com.google.android.gms/app_chimera/m/00000042/dl-MlkitOcrCommon.optional_261631100800.apk has no usable artifacts
06-13 14:48:58.553  5247  5247 W artd    : Could not get dex checksums for location /data/app/~~G0HPFVpum7v2ejGrH6pEfg==/com.google.android.gms-FwsNWjYRBvxZ6ABQEOrGNA==/base.apk, fd=-1
06-13 14:48:58.555  5247  5247 I artd    : GetBestInfo: /data/user_de/0/com.google.android.gms/app_chimera/m/0000000b/dl-Antifingerprinting.optional_250834100000.apk has no usable artifacts
06-13 14:48:58.556  5247  5247 W artd    : Could not get dex checksums for location /data/app/~~thWcSPpdc105cPjdDuIHCQ==/com.google.android.gms-z58PA5lnnMb4XDX6PbVCjg==/base.apk, fd=-1
06-13 14:48:58.556  5247  5247 W artd    : Could not get dex checksums for location /data/app/~~G0HPFVpum7v2ejGrH6pEfg==/com.google.android.gms-FwsNWjYRBvxZ6ABQEOrGNA==/base.apk, fd=-1
06-13 14:48:58.557  5247  5247 W artd    : Could not get dex checksums for location /data/app/~~G0HPFVpum7v2ejGrH6pEfg==/com.google.android.gms-FwsNWjYRBvxZ6ABQEOrGNA==/base.apk, fd=-1
06-13 14:48:58.559  5247  5247 I artd    : GetBestInfo: /data/user_de/0/com.google.android.gms/app_chimera/m/0000000c/dl-MlkitBarcodeUi.optional_250834100800.apk has no usable artifacts
06-13 14:48:58.559  5247  5247 W artd    : Could not get dex checksums for location /data/app/~~G0HPFVpum7v2ejGrH6pEfg==/com.google.android.gms-FwsNWjYRBvxZ6ABQEOrGNA==/base.apk, fd=-1
06-13 14:48:58.561  5247  5247 I artd    : GetBestInfo: /data/user_de/0/com.google.android.gms/app_chimera/m/00000009/dl-Appsearch.optional_250834100800.apk has no usable artifacts
06-13 14:48:58.562  5247  5247 I artd    : GetBestInfo: /data/user_de/0/com.google.android.gms/app_chimera/m/00000045/dl-VisionOcr.optional_261631100000.apk has no usable artifacts
06-13 14:48:58.563  5247  5247 W artd    : Could not get dex checksums for location /data/app/~~G0HPFVpum7v2ejGrH6pEfg==/com.google.android.gms-FwsNWjYRBvxZ6ABQEOrGNA==/base.apk, fd=-1
06-13 14:48:58.563  5247  5247 W artd    : Could not get dex checksums for location /data/app/~~G0HPFVpum7v2ejGrH6pEfg==/com.google.android.gms-FwsNWjYRBvxZ6ABQEOrGNA==/base.apk, fd=-1
06-13 14:48:58.565  5247  5247 I artd    : GetBestInfo: vdex next to the dex file (/data/user/0/com.google.android.gms/app_dg_cache/1C62BDE86218FBAA50DF06C4A79F5C3FE74B69EC/oat/x86_64/the.vdex) is kOatUpToDate with filter 'verify' executable 'false'
06-13 14:48:58.567  5247  5247 I artd    : GetBestInfo: /data/user_de/0/com.google.android.gms/app_chimera/m/00000043/dl-PlayCloudSearch.optional_261631100000.apk has no usable artifacts
06-13 14:48:58.567  5247  5247 W artd    : Could not get dex checksums for location /data/app/~~G0HPFVpum7v2ejGrH6pEfg==/com.google.android.gms-FwsNWjYRBvxZ6ABQEOrGNA==/base.apk, fd=-1
06-13 14:48:58.568  5247  5247 W artd    : Could not get dex checksums for location /data/app/~~G0HPFVpum7v2ejGrH6pEfg==/com.google.android.gms-FwsNWjYRBvxZ6ABQEOrGNA==/base.apk, fd=-1
06-13 14:48:58.569  5247  5247 W artd    : Could not get dex checksums for location /data/app/~~G0HPFVpum7v2ejGrH6pEfg==/com.google.android.gms-FwsNWjYRBvxZ6ABQEOrGNA==/base.apk, fd=-1
06-13 14:48:58.569  5247  5247 W artd    : Could not get dex checksums for location /data/app/~~G0HPFVpum7v2ejGrH6pEfg==/com.google.android.gms-FwsNWjYRBvxZ6ABQEOrGNA==/base.apk, fd=-1
06-13 14:48:58.571  5247  5247 W artd    : Could not get dex checksums for location /data/app/~~G0HPFVpum7v2ejGrH6pEfg==/com.google.android.gms-FwsNWjYRBvxZ6ABQEOrGNA==/base.apk, fd=-1
06-13 14:48:58.571  5247  5247 W artd    : Could not get dex checksums for location /data/app/~~G0HPFVpum7v2ejGrH6pEfg==/com.google.android.gms-FwsNWjYRBvxZ6ABQEOrGNA==/base.apk, fd=-1
06-13 14:48:58.572  5247  5247 I artd    : GetBestInfo: /data/user_de/0/com.google.android.gms/app_chimera/m/00000044/dl-MlkitBarcodeUi.optional_261631100800.apk has no usable artifacts
06-13 14:48:58.573  5247  5247 W artd    : Could not get dex checksums for location /data/app/~~G0HPFVpum7v2ejGrH6pEfg==/com.google.android.gms-FwsNWjYRBvxZ6ABQEOrGNA==/base.apk, fd=-1
06-13 14:48:58.575  5247  5247 I artd    : GetBestInfo: /data/user_de/0/com.google.android.gms/app_chimera/m/00000046/dl-TfliteDynamiteDynamite.integ_260580502100800.apk has no usable artifacts
06-13 14:48:58.575  5247  5247 W artd    : Could not get dex checksums for location /data/app/~~G0HPFVpum7v2ejGrH6pEfg==/com.google.android.gms-FwsNWjYRBvxZ6ABQEOrGNA==/base.apk, fd=-1
06-13 14:48:58.576  5247  5247 W artd    : Could not get dex checksums for location /data/app/~~G0HPFVpum7v2ejGrH6pEfg==/com.google.android.gms-FwsNWjYRBvxZ6ABQEOrGNA==/base.apk, fd=-1
06-13 14:48:58.577  5247  5247 W artd    : Could not get dex checksums for location /data/app/~~thWcSPpdc105cPjdDuIHCQ==/com.google.android.gms-z58PA5lnnMb4XDX6PbVCjg==/base.apk, fd=-1
06-13 14:48:58.578  5247  5247 W artd    : Could not get dex checksums for location /data/app/~~G0HPFVpum7v2ejGrH6pEfg==/com.google.android.gms-FwsNWjYRBvxZ6ABQEOrGNA==/base.apk, fd=-1
06-13 14:48:58.579  5247  5247 W artd    : Could not get dex checksums for location /data/app/~~thWcSPpdc105cPjdDuIHCQ==/com.google.android.gms-z58PA5lnnMb4XDX6PbVCjg==/base.apk, fd=-1
06-13 14:48:58.580  5247  5247 I artd    : GetBestInfo: /data/user_de/0/com.google.android.gms/app_chimera/m/00000048/dl-IdentityCredentialsPlatform.optional_261631100800.apk has no usable artifacts
06-13 14:48:58.581  5247  5247 I artd    : GetBestInfo: /data/user_de/0/com.google.android.gms/app_chimera/m/00000047/dl-Appsearch.optional_261631100800.apk has no usable artifacts
06-13 14:48:58.582  5247  5247 W artd    : Could not get dex checksums for location /data/app/~~G0HPFVpum7v2ejGrH6pEfg==/com.google.android.gms-FwsNWjYRBvxZ6ABQEOrGNA==/base.apk, fd=-1
06-13 14:48:58.582  5247  5247 W artd    : Could not get dex checksums for location /data/app/~~thWcSPpdc105cPjdDuIHCQ==/com.google.android.gms-z58PA5lnnMb4XDX6PbVCjg==/base.apk, fd=-1
06-13 14:48:58.583  5247  5247 W artd    : Could not get dex checksums for location /data/app/~~G0HPFVpum7v2ejGrH6pEfg==/com.google.android.gms-FwsNWjYRBvxZ6ABQEOrGNA==/base.apk, fd=-1
06-13 14:48:58.584  5247  5247 W artd    : Could not get dex checksums for location /data/app/~~G0HPFVpum7v2ejGrH6pEfg==/com.google.android.gms-FwsNWjYRBvxZ6ABQEOrGNA==/base.apk, fd=-1
06-13 14:48:58.585  5247  5247 W artd    : Could not get dex checksums for location /data/app/~~G0HPFVpum7v2ejGrH6pEfg==/com.google.android.gms-FwsNWjYRBvxZ6ABQEOrGNA==/base.apk, fd=-1
06-13 14:48:58.586  5247  5247 I artd    : GetBestInfo: vdex next to the dex file (/data/user/0/com.google.android.gms/app_dg_cache/22DA9D7AD8ED7504E0CAC64C41ECDBD7068924E0/oat/x86_64/the.vdex) is kOatUpToDate with filter 'verify' executable 'false'
06-13 14:48:58.587  5247  5247 W artd    : Could not get dex checksums for location /data/app/~~G0HPFVpum7v2ejGrH6pEfg==/com.google.android.gms-FwsNWjYRBvxZ6ABQEOrGNA==/base.apk, fd=-1
06-13 14:48:58.588  5247  5247 I artd    : GetBestInfo: /data/user/0/com.google.android.gms/app_dg_cache/BF4FB787570FCDA4B6C94221003046B6FDF77C85/the.apk has no usable artifacts
06-13 14:48:58.589  5247  5247 W artd    : Could not get dex checksums for location /data/app/~~G0HPFVpum7v2ejGrH6pEfg==/com.google.android.gms-FwsNWjYRBvxZ6ABQEOrGNA==/base.apk, fd=-1
06-13 14:48:58.590  5247  5247 W artd    : Could not get dex checksums for location /data/app/~~vhfgDPVBWx5mb-fjO6xVyg==/com.android.vending-tBy7WPr0LlsP-xNiKdNkOQ==/base.apk, fd=-1
06-13 14:48:58.591  5247  5247 W artd    : Could not get dex checksums for location /data/app/~~G0HPFVpum7v2ejGrH6pEfg==/com.google.android.gms-FwsNWjYRBvxZ6ABQEOrGNA==/base.apk, fd=-1
06-13 14:48:58.634   755   769 I system_server: Background concurrent mark compact GC freed 23MB AllocSpace bytes, 37(760KB) LOS objects, 39% free, 37MB/61MB, paused 1.574ms,1.662ms total 108.686ms
06-13 14:48:58.636   755   771 W System  : A resource failed to call release. 
06-13 14:49:00.096  1882  1882 D BoundBrokerSvc: onUnbind: Intent { act=com.google.android.gms.presencemanager.service.START dat=chimera-action:/... xflg=0x4 cmp=com.google.android.gms/.chimera.PersistentApiService }
06-13 14:49:00.098  1882  1882 D BoundBrokerSvc: onUnbind: Intent { act=com.google.android.gms.presencemanager.service.INTERNAL_IDENTITY dat=chimera-action:/... xflg=0x4 cmp=com.google.android.gms/.chimera.PersistentApiService }
06-13 14:49:02.582  1561  1762 D SatelliteController: iisInCarrierRoamingNbIotNtn: satellite is disabled
06-13 14:49:02.582   755  2484 W IPCThreadState: Sending oneway calls to frozen process.
06-13 14:49:04.809   755   863 D ActivityManager: freezing 1711 com.google.android.permissioncontroller
06-13 14:49:04.811   755   921 D InetDiagMessage: Destroyed 0 sockets, proto=IPPROTO_TCP, family=AF_INET, states=14
06-13 14:49:04.812   755   921 D InetDiagMessage: Destroyed 0 sockets, proto=IPPROTO_TCP, family=AF_INET6, states=14
06-13 14:49:04.812   755   921 D InetDiagMessage: Destroyed live tcp sockets for uids={10193} in 1ms
06-13 14:49:05.121   755   863 D ActivityManager: freezing 9443 com.google.android.gms
06-13 14:49:05.524  1007  1007 I wpa_supplicant: wlan0: CTRL-EVENT-BEACON-LOSS 
06-13 14:49:08.452 20554 20554 W dumpsys : Thread Pool max thread count is 0. Cannot cache binder as linkToDeath cannot be implemented. serviceName: package
06-13 14:49:08.552  5247  5247 I artd    : GetBestInfo: odex next to the dex file (/data/app/~~TenVv5xnpnx-rEvpv-fT6g==/com.google.android.gms-W_2tYdJhq71yFNjQne_DAg==/oat/x86_64/base.odex) is kOatUpToDate with filter 'speed-profile' executable 'false'
06-13 14:49:08.555  5247  5247 I artd    : GetBestInfo: odex next to the dex file (/data/app/~~TenVv5xnpnx-rEvpv-fT6g==/com.google.android.gms-W_2tYdJhq71yFNjQne_DAg==/oat/x86_64/split_AdsDynamite_installtime.odex) is kOatUpToDate with filter 'speed' executable 'false'
06-13 14:49:08.557  5247  5247 I artd    : GetBestInfo: odex next to the dex file (/data/app/~~TenVv5xnpnx-rEvpv-fT6g==/com.google.android.gms-W_2tYdJhq71yFNjQne_DAg==/oat/x86_64/split_CronetDynamite_installtime.odex) is kOatUpToDate with filter 'speed-profile' executable 'false'
06-13 14:49:08.558  5247  5247 I artd    : GetBestInfo: odex next to the dex file (/data/app/~~TenVv5xnpnx-rEvpv-fT6g==/com.google.android.gms-W_2tYdJhq71yFNjQne_DAg==/oat/x86_64/split_DynamiteLoader_installtime.odex) is kOatUpToDate with filter 'speed' executable 'false'
06-13 14:49:08.560  5247  5247 I artd    : GetBestInfo: odex next to the dex file (/data/app/~~TenVv5xnpnx-rEvpv-fT6g==/com.google.android.gms-W_2tYdJhq71yFNjQne_DAg==/oat/x86_64/split_DynamiteModulesA_installtime.odex) is kOatUpToDate with filter 'speed' executable 'false'
06-13 14:49:08.562  5247  5247 I artd    : GetBestInfo: odex next to the dex file (/data/app/~~TenVv5xnpnx-rEvpv-fT6g==/com.google.android.gms-W_2tYdJhq71yFNjQne_DAg==/oat/x86_64/split_DynamiteModulesC_installtime.odex) is kOatUpToDate with filter 'speed' executable 'false'
06-13 14:49:08.565  5247  5247 I artd    : GetBestInfo: odex next to the dex file (/data/app/~~TenVv5xnpnx-rEvpv-fT6g==/com.google.android.gms-W_2tYdJhq71yFNjQne_DAg==/oat/x86_64/split_GoogleCertificates_installtime.odex) is kOatUpToDate with filter 'speed' executable 'false'
06-13 14:49:08.568  5247  5247 I artd    : GetBestInfo: odex next to the dex file (/data/app/~~TenVv5xnpnx-rEvpv-fT6g==/com.google.android.gms-W_2tYdJhq71yFNjQne_DAg==/oat/x86_64/split_MapsDynamite_installtime.odex) is kOatUpToDate with filter 'speed' executable 'false'
06-13 14:49:08.570  5247  5247 I artd    : GetBestInfo: odex next to the dex file (/data/app/~~TenVv5xnpnx-rEvpv-fT6g==/com.google.android.gms-W_2tYdJhq71yFNjQne_DAg==/oat/x86_64/split_MeasurementDynamite_installtime.odex) is kOatUpToDate with filter 'speed' executable 'false'
06-13 14:49:08.570  5247  5247 I artd    : GetBestInfo: /data/user_de/0/com.google.android.gms/app_chimera/m/00000001/CronetDynamite.apk has no usable artifacts
06-13 14:49:08.571  5247  5247 W artd    : Could not get dex checksums for location /data/app/~~G0HPFVpum7v2ejGrH6pEfg==/com.google.android.gms-FwsNWjYRBvxZ6ABQEOrGNA==/base.apk, fd=-1
06-13 14:49:08.572  5247  5247 I artd    : GetBestInfo: /data/user_de/0/com.google.android.gms/app_chimera/m/00000002/DynamiteLoader.apk has no usable artifacts
06-13 14:49:08.572  5247  5247 I artd    : GetBestInfo: /data/user_de/0/com.google.android.gms/app_chimera/m/00000005/GoogleCertificates.apk has no usable artifacts
06-13 14:49:08.573  5247  5247 W artd    : Could not get dex checksums for location /data/app/~~G0HPFVpum7v2ejGrH6pEfg==/com.google.android.gms-FwsNWjYRBvxZ6ABQEOrGNA==/base.apk, fd=-1
06-13 14:49:08.574  5247  5247 W artd    : Could not get dex checksums for location /data/app/~~thWcSPpdc105cPjdDuIHCQ==/com.google.android.gms-z58PA5lnnMb4XDX6PbVCjg==/base.apk, fd=-1
06-13 14:49:08.575  5247  5247 I artd    : GetBestInfo: /data/user_de/0/com.google.android.gms/app_chimera/m/00000042/dl-MlkitOcrCommon.optional_261631100800.apk has no usable artifacts
06-13 14:49:08.575  5247 14864 W artd    : Could not get dex checksums for location /data/app/~~G0HPFVpum7v2ejGrH6pEfg==/com.google.android.gms-FwsNWjYRBvxZ6ABQEOrGNA==/base.apk, fd=-1
06-13 14:49:08.577  5247  5247 I artd    : GetBestInfo: /data/user_de/0/com.google.android.gms/app_chimera/m/0000000b/dl-Antifingerprinting.optional_250834100000.apk has no usable artifacts
06-13 14:49:08.577  5247  5247 W artd    : Could not get dex checksums for location /data/app/~~thWcSPpdc105cPjdDuIHCQ==/com.google.android.gms-z58PA5lnnMb4XDX6PbVCjg==/base.apk, fd=-1
06-13 14:49:08.578  5247 14864 W artd    : Could not get dex checksums for location /data/app/~~G0HPFVpum7v2ejGrH6pEfg==/com.google.android.gms-FwsNWjYRBvxZ6ABQEOrGNA==/base.apk, fd=-1
06-13 14:49:08.579  5247 14864 W artd    : Could not get dex checksums for location /data/app/~~G0HPFVpum7v2ejGrH6pEfg==/com.google.android.gms-FwsNWjYRBvxZ6ABQEOrGNA==/base.apk, fd=-1
06-13 14:49:08.580  5247 14864 I artd    : GetBestInfo: /data/user_de/0/com.google.android.gms/app_chimera/m/0000000c/dl-MlkitBarcodeUi.optional_250834100800.apk has no usable artifacts
06-13 14:49:08.580  5247  5247 W artd    : Could not get dex checksums for location /data/app/~~G0HPFVpum7v2ejGrH6pEfg==/com.google.android.gms-FwsNWjYRBvxZ6ABQEOrGNA==/base.apk, fd=-1
06-13 14:49:08.582  5247  5247 I artd    : GetBestInfo: /data/user_de/0/com.google.android.gms/app_chimera/m/00000009/dl-Appsearch.optional_250834100800.apk has no usable artifacts
06-13 14:49:08.583  5247  5247 I artd    : GetBestInfo: /data/user_de/0/com.google.android.gms/app_chimera/m/00000045/dl-VisionOcr.optional_261631100000.apk has no usable artifacts
06-13 14:49:08.584  5247  5247 W artd    : Could not get dex checksums for location /data/app/~~G0HPFVpum7v2ejGrH6pEfg==/com.google.android.gms-FwsNWjYRBvxZ6ABQEOrGNA==/base.apk, fd=-1
06-13 14:49:08.585  5247  5247 W artd    : Could not get dex checksums for location /data/app/~~G0HPFVpum7v2ejGrH6pEfg==/com.google.android.gms-FwsNWjYRBvxZ6ABQEOrGNA==/base.apk, fd=-1
06-13 14:49:08.586  5247  5247 I artd    : GetBestInfo: vdex next to the dex file (/data/user/0/com.google.android.gms/app_dg_cache/1C62BDE86218FBAA50DF06C4A79F5C3FE74B69EC/oat/x86_64/the.vdex) is kOatUpToDate with filter 'verify' executable 'false'
06-13 14:49:08.588  5247  5247 I artd    : GetBestInfo: /data/user_de/0/com.google.android.gms/app_chimera/m/00000043/dl-PlayCloudSearch.optional_261631100000.apk has no usable artifacts
06-13 14:49:08.588  5247  5247 W artd    : Could not get dex checksums for location /data/app/~~G0HPFVpum7v2ejGrH6pEfg==/com.google.android.gms-FwsNWjYRBvxZ6ABQEOrGNA==/base.apk, fd=-1
06-13 14:49:08.589  5247  5247 W artd    : Could not get dex checksums for location /data/app/~~G0HPFVpum7v2ejGrH6pEfg==/com.google.android.gms-FwsNWjYRBvxZ6ABQEOrGNA==/base.apk, fd=-1
06-13 14:49:08.590  5247  5247 W artd    : Could not get dex checksums for location /data/app/~~G0HPFVpum7v2ejGrH6pEfg==/com.google.android.gms-FwsNWjYRBvxZ6ABQEOrGNA==/base.apk, fd=-1
06-13 14:49:08.590  5247  5247 W artd    : Could not get dex checksums for location /data/app/~~G0HPFVpum7v2ejGrH6pEfg==/com.google.android.gms-FwsNWjYRBvxZ6ABQEOrGNA==/base.apk, fd=-1
06-13 14:49:08.592  5247  5247 W artd    : Could not get dex checksums for location /data/app/~~G0HPFVpum7v2ejGrH6pEfg==/com.google.android.gms-FwsNWjYRBvxZ6ABQEOrGNA==/base.apk, fd=-1
06-13 14:49:08.593  5247  5247 W artd    : Could not get dex checksums for location /data/app/~~G0HPFVpum7v2ejGrH6pEfg==/com.google.android.gms-FwsNWjYRBvxZ6ABQEOrGNA==/base.apk, fd=-1
06-13 14:49:08.595  5247  5247 I artd    : GetBestInfo: /data/user_de/0/com.google.android.gms/app_chimera/m/00000044/dl-MlkitBarcodeUi.optional_261631100800.apk has no usable artifacts
06-13 14:49:08.596  5247  5247 W artd    : Could not get dex checksums for location /data/app/~~G0HPFVpum7v2ejGrH6pEfg==/com.google.android.gms-FwsNWjYRBvxZ6ABQEOrGNA==/base.apk, fd=-1
06-13 14:49:08.598  5247  5247 I artd    : GetBestInfo: /data/user_de/0/com.google.android.gms/app_chimera/m/00000046/dl-TfliteDynamiteDynamite.integ_260580502100800.apk has no usable artifacts
06-13 14:49:08.599  5247  5247 W artd    : Could not get dex checksums for location /data/app/~~G0HPFVpum7v2ejGrH6pEfg==/com.google.android.gms-FwsNWjYRBvxZ6ABQEOrGNA==/base.apk, fd=-1
06-13 14:49:08.599  5247  5247 W artd    : Could not get dex checksums for location /data/app/~~G0HPFVpum7v2ejGrH6pEfg==/com.google.android.gms-FwsNWjYRBvxZ6ABQEOrGNA==/base.apk, fd=-1
06-13 14:49:08.600  5247 14864 W artd    : Could not get dex checksums for location /data/app/~~thWcSPpdc105cPjdDuIHCQ==/com.google.android.gms-z58PA5lnnMb4XDX6PbVCjg==/base.apk, fd=-1
06-13 14:49:08.601  5247 14864 W artd    : Could not get dex checksums for location /data/app/~~G0HPFVpum7v2ejGrH6pEfg==/com.google.android.gms-FwsNWjYRBvxZ6ABQEOrGNA==/base.apk, fd=-1
06-13 14:49:08.601  5247 14864 W artd    : Could not get dex checksums for location /data/app/~~thWcSPpdc105cPjdDuIHCQ==/com.google.android.gms-z58PA5lnnMb4XDX6PbVCjg==/base.apk, fd=-1
06-13 14:49:08.602  5247 14864 I artd    : GetBestInfo: /data/user_de/0/com.google.android.gms/app_chimera/m/00000048/dl-IdentityCredentialsPlatform.optional_261631100800.apk has no usable artifacts
06-13 14:49:08.604  5247 14864 I artd    : GetBestInfo: /data/user_de/0/com.google.android.gms/app_chimera/m/00000047/dl-Appsearch.optional_261631100800.apk has no usable artifacts
06-13 14:49:08.604  5247 14864 W artd    : Could not get dex checksums for location /data/app/~~G0HPFVpum7v2ejGrH6pEfg==/com.google.android.gms-FwsNWjYRBvxZ6ABQEOrGNA==/base.apk, fd=-1
06-13 14:49:08.605  5247 14864 W artd    : Could not get dex checksums for location /data/app/~~thWcSPpdc105cPjdDuIHCQ==/com.google.android.gms-z58PA5lnnMb4XDX6PbVCjg==/base.apk, fd=-1
06-13 14:49:08.606  5247 14864 W artd    : Could not get dex checksums for location /data/app/~~G0HPFVpum7v2ejGrH6pEfg==/com.google.android.gms-FwsNWjYRBvxZ6ABQEOrGNA==/base.apk, fd=-1
06-13 14:49:08.607  5247 14864 W artd    : Could not get dex checksums for location /data/app/~~G0HPFVpum7v2ejGrH6pEfg==/com.google.android.gms-FwsNWjYRBvxZ6ABQEOrGNA==/base.apk, fd=-1
06-13 14:49:08.608  5247 14864 W artd    : Could not get dex checksums for location /data/app/~~G0HPFVpum7v2ejGrH6pEfg==/com.google.android.gms-FwsNWjYRBvxZ6ABQEOrGNA==/base.apk, fd=-1
06-13 14:49:08.610  5247 14864 I artd    : GetBestInfo: vdex next to the dex file (/data/user/0/com.google.android.gms/app_dg_cache/22DA9D7AD8ED7504E0CAC64C41ECDBD7068924E0/oat/x86_64/the.vdex) is kOatUpToDate with filter 'verify' executable 'false'
06-13 14:49:08.611  5247 14864 W artd    : Could not get dex checksums for location /data/app/~~G0HPFVpum7v2ejGrH6pEfg==/com.google.android.gms-FwsNWjYRBvxZ6ABQEOrGNA==/base.apk, fd=-1
06-13 14:49:08.612  5247 14864 I artd    : GetBestInfo: /data/user/0/com.google.android.gms/app_dg_cache/BF4FB787570FCDA4B6C94221003046B6FDF77C85/the.apk has no usable artifacts
