06-13 14:51:15.997  2163  2163 I GoogleInputMethodService: GoogleInputMethodService.onStartInput():1446 onStartInput(EditorInfo{EditorInfo{packageName=fi.iki.ede.safe.debug, inputType=8001, inputTypeString=Normal[AutoCorrect], enableLearning=true, autoCorrection=true, autoComplete=true, imeOptions=2000006, privateImeOptions=null, actionName=DONE, actionLabel=null, initialSelStart=0, initialSelEnd=0, initialCapsMode=0, label=null, fieldId=-1, fieldName=null, extras=Bundle[mParcelledData.dataSize=404], hintText=null, hintLocales=[]}}, false)
06-13 14:51:15.997  2163  2163 I AndroidIME: LatinIMEBase.updateInputViewCoverNavigation():322 Update input view padding, isNavbarOverInputWindow=true, bottom inset=63
06-13 14:51:15.999  2163  2163 I Module  : DeviceLockedStatusModuleProvider$Module.updateDeviceLockedStatus():103 repeatCheckTimes = 1, locked = false
06-13 14:51:16.001   755  2513 W PackageConfigPersister: App-specific configuration not found for packageName: fi.iki.ede.safe.debug and userId: 0
06-13 14:51:16.001  2163  2163 I GoogleInputMethodService: GoogleInputMethodService.onStartInput():1446 onStartInput(EditorInfo{EditorInfo{packageName=fi.iki.ede.safe.debug, inputType=8001, inputTypeString=Normal[AutoCorrect], enableLearning=true, autoCorrection=true, autoComplete=true, imeOptions=2000006, privateImeOptions=null, actionName=DONE, actionLabel=null, initialSelStart=0, initialSelEnd=0, initialCapsMode=0, label=null, fieldId=-1, fieldName=null, extras=Bundle[mParcelledData.dataSize=404], hintText=null, hintLocales=[]}}, true)
06-13 14:51:16.002  2163  2163 W SessionManager: SessionManager.beginSession():72 Try to begin an already begun session [INPUT_SESSION], end it first
06-13 14:51:16.003  2163  2163 I AndroidIME: LatinIMEBase.updateInputViewCoverNavigation():322 Update input view padding, isNavbarOverInputWindow=true, bottom inset=63
06-13 14:51:16.004  2163  2163 I Module  : DeviceLockedStatusModuleProvider$Module.updateDeviceLockedStatus():103 repeatCheckTimes = 1, locked = false
06-13 14:51:16.005   755  2990 W PackageConfigPersister: App-specific configuration not found for packageName: fi.iki.ede.safe.debug and userId: 0
06-13 14:51:16.007  2163  2163 I StylusModule: StylusModule.onUpdateToolType():774 Update tool type = 2
06-13 14:51:16.009  2163  2163 I GoogleInputMethodService: GoogleInputMethodService.onStartInputView():1532 onStartInputView(EditorInfo{EditorInfo{packageName=fi.iki.ede.safe.debug, inputType=8001, inputTypeString=Normal[AutoCorrect], enableLearning=true, autoCorrection=true, autoComplete=true, imeOptions=2000006, privateImeOptions=null, actionName=DONE, actionLabel=null, initialSelStart=0, initialSelEnd=0, initialCapsMode=0, label=null, fieldId=-1, fieldName=null, extras=Bundle[{android.support.text.emoji.emojiCompat_metadataVersion=10, androidx.core.view.inputmethod.EditorInfoCompat.STYLUS_HANDWRITING_ENABLED=true, android.support.text.emoji.emojiCompat_replaceAll=false}], hintText=null, hintLocales=[]}}, false)
06-13 14:51:16.010  2163  2163 I KeyboardHeightUtil: KeyboardHeightUtil.getOemKeyboardHeightRatio():81 systemKeyboardHeightRatio:1.000000.
06-13 14:51:16.011  2163  2386 E UserFeatureCache: UserFeatureCache.getStore():760 Wrong feature id provided -1 for protobuf pvr.
06-13 14:51:16.011  2163  2386 E UserFeatureCache: UserFeatureCache.getProto():684 Feature not enabled should not called: 19
06-13 14:51:16.015 20474 20474 I AssistStructure: Flattened final assist data: 736 bytes, containing 1 windows, 4 views
06-13 14:51:16.015   755  2484 D AutofillSession: createPendingIntent for request 1054
06-13 14:51:16.016   755  2484 D ContentCapturePerUserService: Notified activity assist data for activity: Token{b6ca6f4 ActivityRecord{166428871 u0 fi.iki.ede.safe.debug/fi.iki.ede.safe.ui.activities.LoginScreen t489}} without a session Id
06-13 14:51:16.017   755   970 D BackgroundInstallControlService: Package event received: 0
06-13 14:51:16.036   755  2484 I AssistStructure: Flattened final assist data: 584 bytes, containing 1 windows, 4 views
06-13 14:51:16.038  1882 20617 W arni    : Failed to retrieve prediction data. [CONTEXT service_id=177 ]
06-13 14:51:16.038  1882 20617 W arni    : java.util.concurrent.ExecutionException: gfvx: No data was found for the table autofill-domain-predictions-prod-spanner.
06-13 14:51:16.038  1882 20617 W arni    : 	at hkyn.j(:com.google.android.gms@261631038@26.16.31 (260800-900800821):21)
06-13 14:51:16.038  1882 20617 W arni    : 	at hkyw.u(:com.google.android.gms@261631038@26.16.31 (260800-900800821):33)
06-13 14:51:16.038  1882 20617 W arni    : 	at hkyn.get(:com.google.android.gms@261631038@26.16.31 (260800-900800821):6)
06-13 14:51:16.038  1882 20617 W arni    : 	at arni.e(:com.google.android.gms@261631038@26.16.31 (260800-900800821):81)
06-13 14:51:16.038  1882 20617 W arni    : 	at arni.a(:com.google.android.gms@261631038@26.16.31 (260800-900800821):124)
06-13 14:51:16.038  1882 20617 W arni    : 	at arjv.call(:com.google.android.gms@261631038@26.16.31 (260800-900800821):5)
06-13 14:51:16.038  1882 20617 W arni    : 	at java.util.concurrent.FutureTask.run(FutureTask.java:317)
06-13 14:51:16.038  1882 20617 W arni    : 	at bjwq.c(:com.google.android.gms@261631038@26.16.31 (260800-900800821):50)
06-13 14:51:16.038  1882 20617 W arni    : 	at bjwq.run(:com.google.android.gms@261631038@26.16.31 (260800-900800821):66)
06-13 14:51:16.038  1882 20617 W arni    : 	at java.util.concurrent.ThreadPoolExecutor.runWorker(ThreadPoolExecutor.java:1156)
06-13 14:51:16.038  1882 20617 W arni    : 	at java.util.concurrent.ThreadPoolExecutor$Worker.run(ThreadPoolExecutor.java:651)
06-13 14:51:16.038  1882 20617 W arni    : 	at bkch.run(:com.google.android.gms@261631038@26.16.31 (260800-900800821):8)
06-13 14:51:16.038  1882 20617 W arni    : 	at java.lang.Thread.run(Thread.java:1119)
06-13 14:51:16.038  1882 20617 W arni    : Caused by: gfvx: No data was found for the table autofill-domain-predictions-prod-spanner.
06-13 14:51:16.038  1882 20617 W arni    : 	at gfwo.a(:com.google.android.gms@261631038@26.16.31 (260800-900800821):217)
06-13 14:51:16.038  1882 20617 W arni    : 	at hkyy.d(:com.google.android.gms@261631038@26.16.31 (260800-900800821):3)
06-13 14:51:16.038  1882 20617 W arni    : 	at hkza.run(:com.google.android.gms@261631038@26.16.31 (260800-900800821):47)
06-13 14:51:16.038  1882 20617 W arni    : 	at hlan.execute(:com.google.android.gms@261631038@26.16.31 (260800-900800821):1)
06-13 14:51:16.038  1882 20617 W arni    : 	at hkyn.f(:com.google.android.gms@261631038@26.16.31 (260800-900800821):1)
06-13 14:51:16.038  1882 20617 W arni    : 	at hkyn.m(:com.google.android.gms@261631038@26.16.31 (260800-900800821):101)
06-13 14:51:16.038  1882 20617 W arni    : 	at hkyn.s(:com.google.android.gms@261631038@26.16.31 (260800-900800821):28)
06-13 14:51:16.038  1882 20617 W arni    : 	at hkyy.e(:com.google.android.gms@261631038@26.16.31 (260800-900800821):3)
06-13 14:51:16.038  1882 20617 W arni    : 	at hkza.run(:com.google.android.gms@261631038@26.16.31 (260800-900800821):53)
06-13 14:51:16.038  1882 20617 W arni    : 	at hlan.execute(:com.google.android.gms@261631038@26.16.31 (260800-900800821):1)
06-13 14:51:16.038  1882 20617 W arni    : 	at hkyn.f(:com.google.android.gms@261631038@26.16.31 (260800-900800821):1)
06-13 14:51:16.038  1882 20617 W arni    : 	at hkyn.m(:com.google.android.gms@261631038@26.16.31 (260800-900800821):101)
06-13 14:51:16.038  1882 20617 W arni    : 	at hkyn.p(:com.google.android.gms@261631038@26.16.31 (260800-900800821):15)
06-13 14:51:16.038  1882 20617 W arni    : 	at hkyf.run(:com.google.android.gms@261631038@26.16.31 (260800-900800821):129)
06-13 14:51:16.038  1882 20617 W arni    : 	at hlan.execute(:com.google.android.gms@261631038@26.16.31 (260800-900800821):1)
06-13 14:51:16.038  1882 20617 W arni    : 	at hkyn.f(:com.google.android.gms@261631038@26.16.31 (260800-900800821):1)
06-13 14:51:16.038  1882 20617 W arni    : 	at hkyn.m(:com.google.android.gms@261631038@26.16.31 (260800-900800821):101)
06-13 14:51:16.038  1882 20617 W arni    : 	at hkyn.p(:com.google.android.gms@261631038@26.16.31 (260800-900800821):15)
06-13 14:51:16.038  1882 20617 W arni    : 	at hkyz.e(:com.google.android.gms@261631038@26.16.31 (260800-900800821):1)
06-13 14:51:16.038  1882 20617 W arni    : 	at hkza.run(:com.google.android.gms@261631038@26.16.31 (260800-900800821):53)
06-13 14:51:16.038  1882 20617 W arni    : 	at hlan.execute(:com.google.android.gms@261631038@26.16.31 (260800-900800821):1)
06-13 14:51:16.038  1882 20617 W arni    : 	at hkyn.f(:com.google.android.gms@261631038@26.16.31 (260800-900800821):1)
06-13 14:51:16.038  1882 20617 W arni    : 	at hkyn.m(:com.google.android.gms@261631038@26.16.31 (260800-900800821):101)
06-13 14:51:16.038  1882 20617 W arni    : 	at hkyn.p(:com.google.android.gms@261631038@26.16.31 (260800-900800821):15)
06-13 14:51:16.038  1882 20617 W arni    : 	at hkyf.run(:com.google.android.gms@261631038@26.16.31 (260800-900800821):129)
06-13 14:51:16.038  1882 20617 W arni    : 	at hlan.execute(:com.google.android.gms@261631038@26.16.31 (260800-900800821):1)
06-13 14:51:16.038  1882 20617 W arni    : 	at hkyn.f(:com.google.android.gms@261631038@26.16.31 (260800-900800821):1)
06-13 14:51:16.038  1882 20617 W arni    : 	at hkyn.m(:com.google.android.gms@261631038@26.16.31 (260800-900800821):101)
06-13 14:51:16.038  1882 20617 W arni    : 	at hkyn.p(:com.google.android.gms@261631038@26.16.31 (260800-900800821):15)
06-13 14:51:16.038  1882 20617 W arni    : 	at hkyz.e(:com.google.android.gms@261631038@26.16.31 (260800-900800821):1)
06-13 14:51:16.038  1882 20617 W arni    : 	at hkza.run(:com.google.android.gms@261631038@26.16.31 (260800-900800821):53)
06-13 14:51:16.038  1882 20617 W arni    : 	at hlan.execute(:com.google.android.gms@261631038@26.16.31 (260800-900800821):1)
06-13 14:51:16.038  1882 20617 W arni    : 	at hkyn.f(:com.google.android.gms@261631038@26.16.31 (260800-900800821):1)
06-13 14:51:16.038  1882 20617 W arni    : 	at hkyn.m(:com.google.android.gms@261631038@26.16.31 (260800-900800821):101)
06-13 14:51:16.038  1882 20617 W arni    : 	at hkyn.s(:com.google.android.gms@261631038@26.16.31 (260800-900800821):28)
06-13 14:51:16.038  1882 20617 W arni    : 	at hlbj.run(:com.google.android.gms@261631038@26.16.31 (260800-900800821):5)
06-13 14:51:16.038  1882 20617 W arni    : 	at hlan.execute(:com.google.android.gms@261631038@26.16.31 (260800-900800821):1)
06-13 14:51:16.038  1882 20617 W arni    : 	at hkyn.f(:com.google.android.gms@261631038@26.16.31 (260800-900800821):1)
06-13 14:51:16.038  1882 20617 W arni    : 	at hkyn.m(:com.google.android.gms@261631038@26.16.31 (260800-900800821):101)
06-13 14:51:16.038  1882 20617 W arni    : 	at hkyn.s(:com.google.android.gms@261631038@26.16.31 (260800-900800821):28)
06-13 14:51:16.038  1882 20617 W arni    : 	at hkyy.e(:com.google.android.gms@261631038@26.16.31 (260800-900800821):3)
06-13 14:51:16.038  1882 20617 W arni    : 	at hkza.run(:com.google.android.gms@261631038@26.16.31 (260800-900800821):53)
06-13 14:51:16.038  1882 20617 W arni    : 	at hlcp.run(:com.google.android.gms@261631038@26.16.31 (260800-900800821):64)
06-13 14:51:16.038  1882 20617 W arni    : 	... 6 more
06-13 14:51:16.042  1882 20578 I UsernameSaveInfoFactory: Form is missing username. [CONTEXT service_id=177 ]
06-13 14:51:16.044 20474 20474 I ImeTracker: fi.iki.ede.safe.debug:4c6628a0: onRequestShow at ORIGIN_CLIENT reason SHOW_SOFT_INPUT fromUser false
06-13 14:51:16.044 20474 20474 D InsetsController: show(ime(), fromIme=false)
06-13 14:51:16.044 20474 20474 I ImeTracker: fi.iki.ede.safe.debug:4c6628a0: onCancelled at PHASE_CLIENT_REPORT_REQUESTED_VISIBLE_TYPES
06-13 14:51:16.045 20474 20474 W RemoteInputConnectionImpl: requestCursorUpdates on inactive InputConnection
06-13 14:51:16.048   755  3476 D ActivityManager: sync unfroze 9443 com.google.android.gms for 4
06-13 14:51:16.053   755   970 D BackgroundInstallControlService: Package event received: 0
06-13 14:51:16.064  9443  9443 D BoundBrokerSvc: onBind: Intent { act=com.google.android.gms.wallet.service.BIND xflg=0x4 pkg=com.google.android.gms }
06-13 14:51:16.064  9443  9443 D BoundBrokerSvc: Loading bound service for intent: Intent { act=com.google.android.gms.wallet.service.BIND xflg=0x4 pkg=com.google.android.gms }
06-13 14:51:16.067   755  3476 W ProcessStats: Tracking association SourceState{2231607 com.google.android.gms.persistent/10148 BTop #22611} whose proc state 2 is better than process ProcessState{b403112 com.google.android.gms/10148 pkg=com.google.android.gms} proc state 14 (0 skipped)
06-13 14:51:16.087  1882  1882 D BoundBrokerSvc: onRebind: Intent { act=com.google.android.gms.auth.aang.events.services.START dat=chimera-action:/... xflg=0x4 cmp=com.google.android.gms/.chimera.PersistentApiService }
06-13 14:51:16.103  9443  9468 I SyncManager: (REDACTED) Executing sync(type=%s%s)
06-13 14:51:16.108  2163  2163 I AndroidIME: InputBundleManager.startInput():357 startInput2 restarting=false
06-13 14:51:16.108  2163  2163 I AndroidIME: InputBundleManager.loadActiveInputBundleId():542 loadActiveInputBundleId: en-US, ime_english_united_states
06-13 14:51:16.108  2163  2163 I InputBundle: InputBundle.activateIme():597 activateIme: INACTIVE, keyboardType=accessory
06-13 14:51:16.108  2163  2163 I AndroidIME: AbstractIme.onActivate():95 LatinIme.onActivate() : EditorInfo = EditorInfo{packageName=fi.iki.ede.safe.debug, inputType=8001, inputTypeString=Normal[AutoCorrect], enableLearning=true, autoCorrection=true, autoComplete=true, imeOptions=2000006, privateImeOptions=null, actionName=DONE, actionLabel=null, initialSelStart=0, initialSelEnd=0, initialCapsMode=0, label=null, fieldId=-1, fieldName=null, extras=Bundle[{android.support.text.emoji.emojiCompat_metadataVersion=10, androidx.core.view.inputmethod.EditorInfoCompat.STYLUS_HANDWRITING_ENABLED=true, android.support.text.emoji.emojiCompat_replaceAll=false}], hintText=null, hintLocales=[]}, IncognitoMode = false, DeviceLocked = false
06-13 14:51:16.110  2163  2163 I InputBundle: InputBundle.consumeEvent():1051 Skip consuming an event as keyboard status is INACTIVE
06-13 14:51:16.110  2163  2163 I Delight5Facilitator: Delight5Facilitator.initializeForIme():745 initializeForIme() : Locale = [en_US], layout = qwerty
06-13 14:51:16.111  2163  2386 I NebulaeTrainingCacheMetricsProcessor: NebulaeTrainingCacheMetricsProcessor.processBeginSession():252 Begin training cache session: fi.iki.ede.safe.debug_-1/
06-13 14:51:16.111  2163  2163 I LatinIme: LatinIme.updateEnableInlineSuggestionsOnDecoderSideFlags():1277 inline flag updated to:false
06-13 14:51:16.113  2163  2163 I LatinIme: LatinIme.updateEnableInlineSuggestionsOnDecoderSideFlags():1277 inline flag updated to:false
06-13 14:51:16.116  2163  2163 I InputBundle: InputBundle.consumeEvent():1051 Skip consuming an event as keyboard status is INACTIVE
06-13 14:51:16.117  2163  2163 I LatinIme: LatinIme.resetInputContext():2284 resetInputContext(): reason=1, externalEditsInfo=ExternalEditsInfo{action=0, offset=-1, text=null, originalText=null, edits=null}
06-13 14:51:16.117  2163  2163 I InputBundle: InputBundle.consumeEvent():1051 Skip consuming an event as keyboard status is INACTIVE
06-13 14:51:16.119  2163  2163 I InputBundle: InputBundle.activateKeyboard():652 activateKeyboard: ACTIVE, type=ocu[keyboardType=accessory, payload=null]
06-13 14:51:16.120  2163  2163 I KeyboardWrapper: KeyboardWrapper.activateKeyboard():592 activateKeyboard(): type=accessory, status=INACTIVE, imeDef=obp{stringId=ime_english_united_states, language=en-US, languageTag=en-US, processedConditions={writing_helper_enable_by_word_revert=false, true=true, enable_number_row=false, device=phone, enable_pk_simulator=false}, className=com.google.android.apps.inputmethod.libs.latin5.LatinIme, label=0, keyEventInterpreter=null, inlineComposing=true, autoCapital=true, announceAutoSelectedCandidate=true, statusIcon=0, indicatorIcon=0, indicatorLabel=US, displayAppCompletions=true, extraValues=obi{#0x7f0b02e5=TypedValue{t=0x3/d=0x0 "com.google.android.apps.inputmethod.libs.latin5.LatinIme"}}, processors=odh@aec61e5, unacceptableMetaKeys=4098, languageSpecificSettings=0, asciiCapable=true, alwaysShowSuggestions=false, useAsciiPasswordKeyboard=false, keyboardGroupDef=ocq@a0e444b, phenotypeFlagId=0, localizationLanguageTag=null, supportsInlineSuggestion=true}
06-13 14:51:16.120  2163  2163 I KeyboardManager: KeyboardManager.requestKeyboard():249 Creating keyboard accessory, imeId=ime_english_united_states, cacheKey=theme,!gsf,!pgsans,!pgsf,!use_system_font,BORDER,DYNAMIC_DARK_BRIGHT_KEY,FLAVOR_DPI=XXHDPI,IS_LIGHT,KEYBOARD_WIDTH_CATEGORY=NORMAL,KEY_BORDER_SHAPE=1,LIGHT_THEME=true,PHYSICAL_DIAGONAL=6.1297245,POPUP,SCREEN_SHORTEST_WIDTH=411,SCREEN_SHORTEST_WIDTH_NO_SCALE=411,SW400DP,XXHDPI,bottom4dp,bright_key_on_dynamic_color_dark_theme=true,enable_popup_on_keypress=true,keyboard_redesign_google_sans=true,non_linear_scale,noshadow,overlay_builtin_dynamic_color_light_base.binarypb:gm3-light-fffaf8ff-ff495d92-d80dec30f0fb7f05984687320dd7999c,silkpopup
06-13 14:51:16.124  2163  2163 I KeyboardWrapper: KeyboardWrapper.onKeyboardReady():226 onKeyboardReady(): type=accessory(accessory), kb=com.google.android.libraries.inputmethod.keyboard.impl.Keyboard@dfda4ed
06-13 14:51:16.124  9443  9468 I SyncManager: (REDACTED) Executing sync(type=%s) finished in %s
06-13 14:51:16.124  2163  2163 I KeyboardWrapper: KeyboardWrapper.doActivateKeyboard():624 doActivateKeyboard(): accessory
06-13 14:51:16.124  2163  2163 W Keyboard: Keyboard.getKeyboardViewHelper():607 null helper is returned: keyboardDef=oci{processedConditions={}, globalConditions={}, className=com.google.android.libraries.inputmethod.keyboard.impl.Keyboard, resourceIds=[#0x7f17004e], initialStates=0, keyboardViewDefs=[], persistentStates=0, persistentStatesPrefKey=null, popupBubbleLayoutId=#0x0, recentKeyLayoutId=#0x0, recentKeyPopupLayoutId=#0x0, recentKeyType=null, rememberRecentKey=NONE, sessionStates=0}, type=HEADER, helpersCreated={}, context.getResources().getConfiguration(): {1.0 310mcc260mnc [en_US] ldltr sw411dp w411dp h914dp 420dpi nrml long port finger qwerty/v/v dpad/v winConfig={ mBounds=Rect(0, 0 - 1080, 2400) mAppBounds=Rect(0, 0 - 1080, 2400) mMaxBounds=Rect(0, 0 - 1080, 2400) mDisplayRotation=ROTATION_0 mWindowingMode=fullscreen mActivityType=undefined mAlwaysOnTop=undefined mRotation=ROTATION_0} s.9 fontWeightAdjustment=0}
06-13 14:51:16.125  2163  2163 W Keyboard: Keyboard.getKeyboardViewHelper():607 null helper is returned: keyboardDef=oci{processedConditions={}, globalConditions={}, className=com.google.android.libraries.inputmethod.keyboard.impl.Keyboard, resourceIds=[#0x7f17004e], initialStates=0, keyboardViewDefs=[], persistentStates=0, persistentStatesPrefKey=null, popupBubbleLayoutId=#0x0, recentKeyLayoutId=#0x0, recentKeyPopupLayoutId=#0x0, recentKeyType=null, rememberRecentKey=NONE, sessionStates=0}, type=BODY, helpersCreated={}, context.getResources().getConfiguration(): {1.0 310mcc260mnc [en_US] ldltr sw411dp w411dp h914dp 420dpi nrml long port finger qwerty/v/v dpad/v winConfig={ mBounds=Rect(0, 0 - 1080, 2400) mAppBounds=Rect(0, 0 - 1080, 2400) mMaxBounds=Rect(0, 0 - 1080, 2400) mDisplayRotation=ROTATION_0 mWindowingMode=fullscreen mActivityType=undefined mAlwaysOnTop=undefined mRotation=ROTATION_0} s.9 fontWeightAdjustment=0}
06-13 14:51:16.125  2163  2163 I GlobeKeyExtension: GlobeKeyExtension.getKeyboardInitialStates():186 
06-13 14:51:16.125  2163  2163 W Keyboard: Keyboard.getKeyboardViewHelper():607 null helper is returned: keyboardDef=oci{processedConditions={}, globalConditions={}, className=com.google.android.libraries.inputmethod.keyboard.impl.Keyboard, resourceIds=[#0x7f17004e], initialStates=0, keyboardViewDefs=[], persistentStates=0, persistentStatesPrefKey=null, popupBubbleLayoutId=#0x0, recentKeyLayoutId=#0x0, recentKeyPopupLayoutId=#0x0, recentKeyType=null, rememberRecentKey=NONE, sessionStates=0}, type=HEADER, helpersCreated={}, context.getResources().getConfiguration(): {1.0 310mcc260mnc [en_US] ldltr sw411dp w411dp h914dp 420dpi nrml long port finger qwerty/v/v dpad/v winConfig={ mBounds=Rect(0, 0 - 1080, 2400) mAppBounds=Rect(0, 0 - 1080, 2400) mMaxBounds=Rect(0, 0 - 1080, 2400) mDisplayRotation=ROTATION_0 mWindowingMode=fullscreen mActivityType=undefined mAlwaysOnTop=undefined mRotation=ROTATION_0} s.9 fontWeightAdjustment=0}
06-13 14:51:16.125  2163  2163 W Keyboard: Keyboard.getKeyboardViewHelper():607 null helper is returned: keyboardDef=oci{processedConditions={}, globalConditions={}, className=com.google.android.libraries.inputmethod.keyboard.impl.Keyboard, resourceIds=[#0x7f17004e], initialStates=0, keyboardViewDefs=[], persistentStates=0, persistentStatesPrefKey=null, popupBubbleLayoutId=#0x0, recentKeyLayoutId=#0x0, recentKeyPopupLayoutId=#0x0, recentKeyType=null, rememberRecentKey=NONE, sessionStates=0}, type=BODY, helpersCreated={}, context.getResources().getConfiguration(): {1.0 310mcc260mnc [en_US] ldltr sw411dp w411dp h914dp 420dpi nrml long port finger qwerty/v/v dpad/v winConfig={ mBounds=Rect(0, 0 - 1080, 2400) mAppBounds=Rect(0, 0 - 1080, 2400) mMaxBounds=Rect(0, 0 - 1080, 2400) mDisplayRotation=ROTATION_0 mWindowingMode=fullscreen mActivityType=undefined mAlwaysOnTop=undefined mRotation=ROTATION_0} s.9 fontWeightAdjustment=0}
06-13 14:51:16.125  2163  2163 W Keyboard: Keyboard.getKeyboardViewHelper():607 null helper is returned: keyboardDef=oci{processedConditions={}, globalConditions={}, className=com.google.android.libraries.inputmethod.keyboard.impl.Keyboard, resourceIds=[#0x7f17004e], initialStates=0, keyboardViewDefs=[], persistentStates=0, persistentStatesPrefKey=null, popupBubbleLayoutId=#0x0, recentKeyLayoutId=#0x0, recentKeyPopupLayoutId=#0x0, recentKeyType=null, rememberRecentKey=NONE, sessionStates=0}, type=FLOATING_CANDIDATES, helpersCreated={}, context.getResources().getConfiguration(): {1.0 310mcc260mnc [en_US] ldltr sw411dp w411dp h914dp 420dpi nrml long port finger qwerty/v/v dpad/v winConfig={ mBounds=Rect(0, 0 - 1080, 2400) mAppBounds=Rect(0, 0 - 1080, 2400) mMaxBounds=Rect(0, 0 - 1080, 2400) mDisplayRotation=ROTATION_0 mWindowingMode=fullscreen mActivityType=undefined mAlwaysOnTop=undefined mRotation=ROTATION_0} s.9 fontWeightAdjustment=0}
06-13 14:51:16.126  2163  2163 W Keyboard: Keyboard.getKeyboardViewHelper():607 null helper is returned: keyboardDef=oci{processedConditions={}, globalConditions={}, className=com.google.android.libraries.inputmethod.keyboard.impl.Keyboard, resourceIds=[#0x7f17004e], initialStates=0, keyboardViewDefs=[], persistentStates=0, persistentStatesPrefKey=null, popupBubbleLayoutId=#0x0, recentKeyLayoutId=#0x0, recentKeyPopupLayoutId=#0x0, recentKeyType=null, rememberRecentKey=NONE, sessionStates=0}, type=WIDGET, helpersCreated={}, context.getResources().getConfiguration(): {1.0 310mcc260mnc [en_US] ldltr sw411dp w411dp h914dp 420dpi nrml long port finger qwerty/v/v dpad/v winConfig={ mBounds=Rect(0, 0 - 1080, 2400) mAppBounds=Rect(0, 0 - 1080, 2400) mMaxBounds=Rect(0, 0 - 1080, 2400) mDisplayRotation=ROTATION_0 mWindowingMode=fullscreen mActivityType=undefined mAlwaysOnTop=undefined mRotation=ROTATION_0} s.9 fontWeightAdjustment=0}
06-13 14:51:16.126  2163  2163 I KeyboardManager: KeyboardManager.requestKeyboard():249 Creating keyboard accessory_candidates_consumer, imeId=ime_english_united_states, cacheKey=theme,!gsf,!pgsans,!pgsf,!use_system_font,BORDER,DYNAMIC_DARK_BRIGHT_KEY,FLAVOR_DPI=XXHDPI,IS_LIGHT,KEYBOARD_WIDTH_CATEGORY=NORMAL,KEY_BORDER_SHAPE=1,LIGHT_THEME=true,PHYSICAL_DIAGONAL=6.1297245,POPUP,SCREEN_SHORTEST_WIDTH=411,SCREEN_SHORTEST_WIDTH_NO_SCALE=411,SW400DP,XXHDPI,bottom4dp,bright_key_on_dynamic_color_dark_theme=true,enable_popup_on_keypress=true,keyboard_redesign_google_sans=true,non_linear_scale,noshadow,overlay_builtin_dynamic_color_light_base.binarypb:gm3-light-fffaf8ff-ff495d92-d80dec30f0fb7f05984687320dd7999c,silkpopup
06-13 14:51:16.126  2163  2504 I Delight5Decoder: Delight5DecoderWrapper.setKeyboardLayout():551 setKeyboardLayout()
06-13 14:51:16.127  2163  2163 I KeyboardDefManager: KeyboardDefManager.requestKeyboardDef():181 requestKeyboardDef(): type=accessory_candidates_consumer, info=ocn{defIds=[#0x7f17004d], defIdsCacheKey=[2132213837]}
06-13 14:51:16.127  2163  2163 I KeyboardDefManager: KeyboardDefManager.requestKeyboardDef():243 requestKeyboardDef(): getOrCreate from cache, info=ocn{defIds=[#0x7f17004d], defIdsCacheKey=[2132213837]}
06-13 14:51:16.127  2163  2163 I KeyboardDefManager: KeyboardDefManager$1.onSuccess():277 requestKeyboardDef onSuccess(): info=ocn{defIds=[#0x7f17004d], defIdsCacheKey=[2132213837]}
06-13 14:51:16.128  2163  2163 I GlobeKeyExtension: GlobeKeyExtension.getKeyboardInitialStates():186 
06-13 14:51:16.129  2163  2163 W Keyboard: Keyboard.getKeyboardViewHelper():607 null helper is returned: keyboardDef=oci{processedConditions={}, globalConditions={global_theme_key=theme,!gsf,!pgsans,!pgsf,!use_system_font,BORDER,DYNAMIC_DARK_BRIGHT_KEY,FLAVOR_DPI=XXHDPI,IS_LIGHT,KEYBOARD_WIDTH_CATEGORY=NORMAL,KEY_BORDER_SHAPE=1,LIGHT_THEME=true,PHYSICAL_DIAGONAL=6.1297245,POPUP,SCREEN_SHORTEST_WIDTH=411,SCREEN_SHORTEST_WIDTH_NO_SCALE=411,SW400DP,XXHDPI,bottom4dp,bright_key_on_dynamic_color_dark_theme=true,enable_popup_on_keypress=true,keyboard_redesign_google_sans=true,non_linear_scale,noshadow,overlay_builtin_dynamic_color_light_base.binarypb:gm3-light-fffaf8ff-ff495d92-d80dec30f0fb7f05984687320dd7999c,silkpopup, global_locale=en_US, global_density_dpi=420, global_orientation=1}, className=.latin.keyboard.AccessoryKeyboard, resourceIds=[#0x7f17004d], initialStates=0, keyboardViewDefs=[ocy{direction=null, id=#0x7f0b0229, isScalable=false, layoutId=#0x7f0e0030, type=FLOATING_CANDIDATES, touchable=true, defaultShow=false}], persistentStates=0, persistentStatesPrefKey=null, popupBubbleLayoutId=#0x7f0e0611, recentKeyLayoutId=#0x0, recentKeyPopupLayoutId=#0x0, recentKeyType=null, rememberRecentKey=NONE, sessionStates=0}, type=HEADER, helpersCreated={FLOATING_CANDIDATES=nnb@e4cb00f}, context.getResources().getConfiguration(): {1.0 310mcc260mnc [en_US] ldltr sw411dp w411dp h914dp 420dpi nrml long port finger qwerty/v/v dpad/v winConfig={ mBounds=Rect(0, 0 - 1080, 2400) mAppBounds=Rect(0, 0 - 1080, 2400) mMaxBounds=Rect(0, 0 - 1080, 2400) mDisplayRotation=ROTATION_0 mWindowingMode=fullscreen mActivityType=undefined mAlwaysOnTop=undefined mRotation=ROTATION_0} s.9 fontWeightAdjustment=0}
06-13 14:51:16.129  2163  2163 W Keyboard: Keyboard.getKeyboardViewHelper():607 null helper is returned: keyboardDef=oci{processedConditions={}, globalConditions={global_theme_key=theme,!gsf,!pgsans,!pgsf,!use_system_font,BORDER,DYNAMIC_DARK_BRIGHT_KEY,FLAVOR_DPI=XXHDPI,IS_LIGHT,KEYBOARD_WIDTH_CATEGORY=NORMAL,KEY_BORDER_SHAPE=1,LIGHT_THEME=true,PHYSICAL_DIAGONAL=6.1297245,POPUP,SCREEN_SHORTEST_WIDTH=411,SCREEN_SHORTEST_WIDTH_NO_SCALE=411,SW400DP,XXHDPI,bottom4dp,bright_key_on_dynamic_color_dark_theme=true,enable_popup_on_keypress=true,keyboard_redesign_google_sans=true,non_linear_scale,noshadow,overlay_builtin_dynamic_color_light_base.binarypb:gm3-light-fffaf8ff-ff495d92-d80dec30f0fb7f05984687320dd7999c,silkpopup, global_locale=en_US, global_density_dpi=420, global_orientation=1}, className=.latin.keyboard.AccessoryKeyboard, resourceIds=[#0x7f17004d], initialStates=0, keyboardViewDefs=[ocy{direction=null, id=#0x7f0b0229, isScalable=false, layoutId=#0x7f0e0030, type=FLOATING_CANDIDATES, touchable=true, defaultShow=false}], persistentStates=0, persistentStatesPrefKey=null, popupBubbleLayoutId=#0x7f0e0611, recentKeyLayoutId=#0x0, recentKeyPopupLayoutId=#0x0, recentKeyType=null, rememberRecentKey=NONE, sessionStates=0}, type=BODY, helpersCreated={FLOATING_CANDIDATES=nnb@e4cb00f}, context.getResources().getConfiguration(): {1.0 310mcc260mnc [en_US] ldltr sw411dp w411dp h914dp 420dpi nrml long port finger qwerty/v/v dpad/v winConfig={ mBounds=Rect(0, 0 - 1080, 2400) mAppBounds=Rect(0, 0 - 1080, 2400) mMaxBounds=Rect(0, 0 - 1080, 2400) mDisplayRotation=ROTATION_0 mWindowingMode=fullscreen mActivityType=undefined mAlwaysOnTop=undefined mRotation=ROTATION_0} s.9 fontWeightAdjustment=0}
06-13 14:51:16.131  2163  2163 I AndroidIME: InputBundleManager.startInput():372 startInput() with ocu[keyboardType=accessory, payload=null]
06-13 14:51:16.133  2163  2163 I PkModeUpdater: PkModeUpdater.onActivate():76 onActivate true true
06-13 14:51:16.134  2163  2163 I AccessoryInputModeManager: AccessoryInputModeManager.onModeStarted():346 Accessory input mode started: STYLUS
06-13 14:51:16.136  2163  2163 W ExtensionWrapper: ExtensionWrapper.setAllowUpdateNavigationBarStyle():887 class kwe is not activate
06-13 14:51:16.136  2163  2163 I WidgetViewShowingController: WidgetViewShowingController.showWidgetKeyboardInternal():532 Show companion widget
06-13 14:51:16.137  2163  2163 W StatusViewController: StatusViewController.updateKeyboardView():46 Failed to inflate voice header view [UD]
06-13 14:51:16.141   755   755 W FillRequestEventLogger: Shouldn't be logging AutofillFillRequestReported again for same event
06-13 14:51:16.141   755   755 W FillResponseEventLogger: Shouldn't be logging AutofillFillRequestReported again for same event
06-13 14:51:16.141   755   755 W PresentationStatsEventLogger: Empty dataset. Autofill ignoring log
06-13 14:51:16.141   755   755 D AutofillSession: clearPendingIntentLocked
06-13 14:51:16.141  2163  2163 W ExtensionWrapper: ExtensionWrapper.setAllowUpdateNavigationBarStyle():887 class kwe is not activate
06-13 14:51:16.142  2163  2163 I WidgetViewShowingPositionHandler: WidgetViewShowingPositionHandler.updateAvailableArea():199 update available area Rect(21, 84 - 1059, 2333)
06-13 14:51:16.142  1217  1217 V InlineSuggestionRenderService: handleDestroySuggestionViews called for 0:2030099377
06-13 14:51:16.144  1882  7756 I IPCThreadState: oneway function results for code 1 on binder at 0x7e3ec0a69ad0 will be dropped but finished with status UNKNOWN_TRANSACTION and reply parcel size 80
06-13 14:51:16.146  2163  2163 I HardKeyTracker: HardKeyTracker.unregisterKeySequence():259 Unregister key sequence pbd{labelResId=2132020495, callback=fdy@3578314, lastModifier=2, keyCodes=[32], actions=[0]}
06-13 14:51:16.146  2163  2163 I HardKeyTracker: HardKeyTracker.unregisterKeySequence():259 Unregister key sequence pbd{labelResId=2132020495, callback=fdy@bab17bd, lastModifier=0, keyCodes=[319], actions=[0]}
06-13 14:51:16.146  2163  2163 W SupplementaryKeyboardsWrapper: SupplementaryKeyboardsWrapper.deactivateKeyboard():162 keyboard composing_text_consumer is not activated before!
06-13 14:51:16.147  2163  2163 I GlobeKeyExtension: GlobeKeyExtension.onActivate():130 
06-13 14:51:16.148  2163  2163 I KeyboardModeUtils: KeyboardModeUtils.getKeyboardBottomOffset():432 inch: 0.000000 ydpi: 420.000000 adjustKeyboardBottomByDisplaySize: false currentDensityDpi: 420 defaultDensityDpi: 420 keyboardBottomToScreenPx: 0 keyboardBottomToNavBarPx: -63 navBarHeight: 63
06-13 14:51:16.149  2163  2163 I BaseKeyboardSizeHelper: BaseKeyboardSizeHelper.calculateMaxKeyboardBodyHeight():73 leave 281 height for app when ime window height:2274, header height:116 and isFullscreenMode:false, so the max keyboard body height is:1877
06-13 14:51:16.149   755   970 D BackgroundInstallControlService: Package event received: 0
06-13 14:51:16.149  2163  2163 I BaseKeyboardSizeHelper: BaseKeyboardSizeHelper.calculateMaxKeyboardBodyHeight():73 leave 281 height for app when ime window height:2274, header height:116 and isFullscreenMode:false, so the max keyboard body height is:1877
06-13 14:51:16.149  2163  2163 I BaseKeyboardSizeHelper: BaseKeyboardSizeHelper.calculateMaxKeyboardBodyHeight():73 leave 281 height for app when ime window height:2274, header height:116 and isFullscreenMode:false, so the max keyboard body height is:1877
06-13 14:51:16.149  2163  2163 I BaseKeyboardSizeHelper: BaseKeyboardSizeHelper.calculateMaxKeyboardBodyHeight():73 leave 281 height for app when ime window height:2274, header height:116 and isFullscreenMode:false, so the max keyboard body height is:1877
06-13 14:51:16.150  2163  2163 W ExtensionWrapper: ExtensionWrapper.setExtensionViewVisibility():878 interface nqy is not activate
06-13 14:51:16.151  2163  2163 I VoiceInputManagerWrapper: VoiceInputManagerWrapper.cancelShutdown():109 cancelShutdown()
06-13 14:51:16.152  2163  2163 I VoiceInputManagerWrapper: VoiceInputManagerWrapper.syncLanguagePacks():121 syncLanguagePacks()
06-13 14:51:16.152  2163  2163 I VoiceInputManager: VoiceInputManager.onKeyboardActivated():1204 onKeyboardActivated() [UD]
06-13 14:51:16.152  2163  2163 I UniversalDictationUiProvider: UniversalDictationUiProvider.onActivate():63 onActivate() [UD]
06-13 14:51:16.153  2163  4442 I SpeechFactory: SpeechRecognitionFactory.maybeScheduleAutoPackDownloadForFallback():221 maybeScheduleAutoPackDownloadForFallback()
06-13 14:51:16.155  2163  2163 I Module  : DeviceLockedStatusModuleProvider$Module.updateDeviceLockedStatus():103 repeatCheckTimes = 1, locked = false
06-13 14:51:16.155  2163 20615 I SystemHapticSettings: SystemHapticSettings.updateSystemVibrationState():63 update vibration state: true
06-13 14:51:16.155  2163  4442 I FallbackOnDeviceRecognitionProvider: FallbackOnDeviceRecognitionProvider.maybeScheduleAutoPackDownload():213 maybeScheduleAutoPackDownload() for language tag en-US
06-13 14:51:16.156  2163  2163 I VoiceImeExtension: VoiceImeExtension.shouldStartVoiceInputAutomaticallyInCurrentInputBox():384 No private IME option set to start voice input.
06-13 14:51:16.158  2163  2163 W SupplementaryKeyboardsWrapper: SupplementaryKeyboardsWrapper.deactivateKeyboard():162 keyboard composing_text_consumer is not activated before!
06-13 14:51:16.164  1624  1667 D WindowManagerShell: onKeepClearAreasChanged: restricted={}, unrestricted={Rect(0, 2337 - 1080, 2400)}
06-13 14:51:16.173 20474 20474 D Autofill Status: Autofill popup isn't shown because autofill is not available.
06-13 14:51:16.173 20474 20474 D Autofill Status: 
06-13 14:51:16.173 20474 20474 D Autofill Status: Did you set up autofill?
06-13 14:51:16.173 20474 20474 D Autofill Status: 1. Go to Settings > System > Languages&input > Advanced > Autofill Service
06-13 14:51:16.173 20474 20474 D Autofill Status: 2. Pick a service
06-13 14:51:16.173 20474 20474 D Autofill Status: 
06-13 14:51:16.173 20474 20474 D Autofill Status: Did you add an account?
06-13 14:51:16.173 20474 20474 D Autofill Status: 1. Go to Settings > System > Languages&input > Advanced
06-13 14:51:16.173 20474 20474 D Autofill Status: 2. Click on the settings icon next to the Autofill Service
06-13 14:51:16.173 20474 20474 D Autofill Status: 3. Add your account
06-13 14:51:16.175  1624  1667 D WindowManagerShell: onKeepClearAreasChanged: restricted={}, unrestricted={Rect(0, 2337 - 1080, 2400)}
06-13 14:51:16.203   755  2513 D CoreBackPreview: Window{788207a u0 fi.iki.ede.safe.debug/fi.iki.ede.safe.ui.activities.LoginScreen}: Setting back callback OnBackInvokedCallbackInfo{mCallback=android.window.IOnBackInvokedCallback$Stub$Proxy@671f11b, mPriority=0, mIsAnimationCallback=true, mOverrideBehavior=0}
06-13 14:51:16.274  2163  2163 I GoogleInputMethodService: GoogleInputMethodService$1.onKeyboardViewShown():344 onKeyboardViewShown: keyboardType=accessory, keyboardViewType=HEADER keyboardView=null
06-13 14:51:16.274  2163  2163 W Keyboard: Keyboard.getKeyboardViewHelper():607 null helper is returned: keyboardDef=oci{processedConditions={}, globalConditions={}, className=com.google.android.libraries.inputmethod.keyboard.impl.Keyboard, resourceIds=[#0x7f17004e], initialStates=0, keyboardViewDefs=[], persistentStates=0, persistentStatesPrefKey=null, popupBubbleLayoutId=#0x0, recentKeyLayoutId=#0x0, recentKeyPopupLayoutId=#0x0, recentKeyType=null, rememberRecentKey=NONE, sessionStates=0}, type=BODY, helpersCreated={}, context.getResources().getConfiguration(): {1.0 310mcc260mnc [en_US] ldltr sw411dp w411dp h914dp 420dpi nrml long port finger qwerty/v/v dpad/v winConfig={ mBounds=Rect(0, 0 - 1080, 2400) mAppBounds=Rect(0, 0 - 1080, 2400) mMaxBounds=Rect(0, 0 - 1080, 2400) mDisplayRotation=ROTATION_0 mWindowingMode=fullscreen mActivityType=undefined mAlwaysOnTop=undefined mRotation=ROTATION_0} s.9 fontWeightAdjustment=0}
06-13 14:51:16.275  2163  2163 I GoogleInputMethodService: GoogleInputMethodService$1.onKeyboardViewShown():344 onKeyboardViewShown: keyboardType=accessory, keyboardViewType=BODY keyboardView=null
06-13 14:51:16.275  2163  2163 W Keyboard: Keyboard.getKeyboardViewHelper():607 null helper is returned: keyboardDef=oci{processedConditions={}, globalConditions={}, className=com.google.android.libraries.inputmethod.keyboard.impl.Keyboard, resourceIds=[#0x7f17004e], initialStates=0, keyboardViewDefs=[], persistentStates=0, persistentStatesPrefKey=null, popupBubbleLayoutId=#0x0, recentKeyLayoutId=#0x0, recentKeyPopupLayoutId=#0x0, recentKeyType=null, rememberRecentKey=NONE, sessionStates=0}, type=BODY, helpersCreated={}, context.getResources().getConfiguration(): {1.0 310mcc260mnc [en_US] ldltr sw411dp w411dp h914dp 420dpi nrml long port finger qwerty/v/v dpad/v winConfig={ mBounds=Rect(0, 0 - 1080, 2400) mAppBounds=Rect(0, 0 - 1080, 2400) mMaxBounds=Rect(0, 0 - 1080, 2400) mDisplayRotation=ROTATION_0 mWindowingMode=fullscreen mActivityType=undefined mAlwaysOnTop=undefined mRotation=ROTATION_0} s.9 fontWeightAdjustment=0}
06-13 14:51:16.319  2163  2163 W TooltipLifecycleManager: TooltipLifecycleManager.dismissTooltips():153 Tooltip with id spell_check_add_to_dictionary not found in tooltipManager.
06-13 14:51:16.327 20474 20474 W InteractionJankMonitor: Initializing without READ_DEVICE_CONFIG permission. enabled=false, interval=1, missedFrameThreshold=3, frameTimeThreshold=64, package=fi.iki.ede.safe.debug
06-13 14:51:16.542 20474 20474 I ImeTracker: fi.iki.ede.safe.debug:beeb8381: onShown
06-13 14:51:16.818  2163  2163 I AccessoryInputModeManager: AccessoryInputModeManager.onModeStarted():346 Accessory input mode started: PK
06-13 14:51:16.818  2163  2163 W StatusViewController: StatusViewController.updateKeyboardView():46 Failed to inflate voice header view [UD]
06-13 14:51:16.822  2163  2163 I WidgetViewShowingPositionHandler: WidgetViewShowingPositionHandler.updateAvailableArea():199 update available area Rect(21, 84 - 1059, 2333)
06-13 14:51:16.822  2163  2163 I KeyboardViewController: KeyboardViewController.hide():988 Requesting to hide sub view with id 2131436909 #0x7f0b256d which doesn't exist in current keyboard view
06-13 14:51:16.823  2163  2163 I HardKeyTracker: HardKeyTracker.registerKeySequence():201 Register key sequence pbd{labelResId=2132020495, callback=fdy@26f9c49, lastModifier=2, keyCodes=[32], actions=[0]}
06-13 14:51:16.824  2163  2163 I HardKeyTracker: HardKeyTracker.registerKeySequence():201 Register key sequence pbd{labelResId=2132020495, callback=fdy@499f94e, lastModifier=0, keyCodes=[319], actions=[0]}
06-13 14:51:16.825  2163  2163 I Delight5Decoder: Delight5DecoderWrapper.setKeyboardLayout():551 setKeyboardLayout()
06-13 14:51:16.831  2163  2163 W SupplementaryKeyboardsWrapper: SupplementaryKeyboardsWrapper.deactivateKeyboard():162 keyboard composing_text_consumer is not activated before!
06-13 14:51:17.025  2163  2163 W StatusViewController: StatusViewController.updateKeyboardView():46 Failed to inflate voice header view [UD]
06-13 14:51:17.255 17955 17995 I bluetooth: system/gd/hci/le_address_manager.cc:576 GetNextPrivateAddressIntervalRange: client=LeAddressManager, nonwake=8m12s, wake=14m52s
06-13 14:51:17.260 17955 17995 I bluetooth: system/gd/hci/le_address_manager.cc:777 OnCommandComplete: Received command complete with op_code LE_SET_RANDOM_ADDRESS(0x2005)
06-13 14:51:17.260 17955 17995 I bluetooth: system/gd/hci/le_address_manager.cc:797 OnCommandComplete: update random address : xx:xx:xx:xx:1a:6a
06-13 14:51:17.260 17955 17995 I bluetooth: system/gd/hci/le_address_manager.cc:392 resume_registered_clients: Resuming registered clients
06-13 14:51:17.260 17955 17995 I bluetooth: system/gd/hci/le_scanning_manager.cc:601 stop_scan: Scanning already stopped, return!
06-13 14:51:17.375  2163  2163 I KeyboardViewController: KeyboardViewController.onKeyboardViewDetached():1401 the keyboard view accessory WIDGET com.google.android.libraries.inputmethod.companionwidget.widget.WidgetSoftKeyboardView{ee0fc10 G.E...C.. ......ID 0,0-148,553} is detaching is not the one saved com.google.android.libraries.inputmethod.companionwidget.widget.WidgetSoftKeyboardView{6f86309 V.E...C.. ........ 0,0-148,146}
06-13 14:51:18.578 20630 20630 W dumpsys : Thread Pool max thread count is 0. Cannot cache binder as linkToDeath cannot be implemented. serviceName: package
06-13 14:51:18.679  5247  5431 I artd    : GetBestInfo: odex next to the dex file (/data/app/~~TenVv5xnpnx-rEvpv-fT6g==/com.google.android.gms-W_2tYdJhq71yFNjQne_DAg==/oat/x86_64/base.odex) is kOatUpToDate with filter 'speed-profile' executable 'false'
06-13 14:51:18.682  5247  5431 I artd    : GetBestInfo: odex next to the dex file (/data/app/~~TenVv5xnpnx-rEvpv-fT6g==/com.google.android.gms-W_2tYdJhq71yFNjQne_DAg==/oat/x86_64/split_AdsDynamite_installtime.odex) is kOatUpToDate with filter 'speed' executable 'false'
06-13 14:51:18.684  5247  5431 I artd    : GetBestInfo: odex next to the dex file (/data/app/~~TenVv5xnpnx-rEvpv-fT6g==/com.google.android.gms-W_2tYdJhq71yFNjQne_DAg==/oat/x86_64/split_CronetDynamite_installtime.odex) is kOatUpToDate with filter 'speed-profile' executable 'false'
06-13 14:51:18.685  5247  5431 I artd    : GetBestInfo: odex next to the dex file (/data/app/~~TenVv5xnpnx-rEvpv-fT6g==/com.google.android.gms-W_2tYdJhq71yFNjQne_DAg==/oat/x86_64/split_DynamiteLoader_installtime.odex) is kOatUpToDate with filter 'speed' executable 'false'
06-13 14:51:18.686  5247  5431 I artd    : GetBestInfo: odex next to the dex file (/data/app/~~TenVv5xnpnx-rEvpv-fT6g==/com.google.android.gms-W_2tYdJhq71yFNjQne_DAg==/oat/x86_64/split_DynamiteModulesA_installtime.odex) is kOatUpToDate with filter 'speed' executable 'false'
06-13 14:51:18.688  5247  5431 I artd    : GetBestInfo: odex next to the dex file (/data/app/~~TenVv5xnpnx-rEvpv-fT6g==/com.google.android.gms-W_2tYdJhq71yFNjQne_DAg==/oat/x86_64/split_DynamiteModulesC_installtime.odex) is kOatUpToDate with filter 'speed' executable 'false'
06-13 14:51:18.689  5247  5431 I artd    : GetBestInfo: odex next to the dex file (/data/app/~~TenVv5xnpnx-rEvpv-fT6g==/com.google.android.gms-W_2tYdJhq71yFNjQne_DAg==/oat/x86_64/split_GoogleCertificates_installtime.odex) is kOatUpToDate with filter 'speed' executable 'false'
06-13 14:51:18.690  5247  5431 I artd    : GetBestInfo: odex next to the dex file (/data/app/~~TenVv5xnpnx-rEvpv-fT6g==/com.google.android.gms-W_2tYdJhq71yFNjQne_DAg==/oat/x86_64/split_MapsDynamite_installtime.odex) is kOatUpToDate with filter 'speed' executable 'false'
06-13 14:51:18.691  5247  5431 I artd    : GetBestInfo: odex next to the dex file (/data/app/~~TenVv5xnpnx-rEvpv-fT6g==/com.google.android.gms-W_2tYdJhq71yFNjQne_DAg==/oat/x86_64/split_MeasurementDynamite_installtime.odex) is kOatUpToDate with filter 'speed' executable 'false'
06-13 14:51:18.692  5247  5431 I artd    : GetBestInfo: /data/user_de/0/com.google.android.gms/app_chimera/m/00000001/CronetDynamite.apk has no usable artifacts
06-13 14:51:18.692  5247  5431 W artd    : Could not get dex checksums for location /data/app/~~G0HPFVpum7v2ejGrH6pEfg==/com.google.android.gms-FwsNWjYRBvxZ6ABQEOrGNA==/base.apk, fd=-1
06-13 14:51:18.693  5247  5431 I artd    : GetBestInfo: /data/user_de/0/com.google.android.gms/app_chimera/m/00000002/DynamiteLoader.apk has no usable artifacts
06-13 14:51:18.694  5247  5431 I artd    : GetBestInfo: /data/user_de/0/com.google.android.gms/app_chimera/m/00000005/GoogleCertificates.apk has no usable artifacts
06-13 14:51:18.695  5247  5431 W artd    : Could not get dex checksums for location /data/app/~~G0HPFVpum7v2ejGrH6pEfg==/com.google.android.gms-FwsNWjYRBvxZ6ABQEOrGNA==/base.apk, fd=-1
06-13 14:51:18.695  5247  5431 W artd    : Could not get dex checksums for location /data/app/~~thWcSPpdc105cPjdDuIHCQ==/com.google.android.gms-z58PA5lnnMb4XDX6PbVCjg==/base.apk, fd=-1
06-13 14:51:18.696  5247  5431 I artd    : GetBestInfo: /data/user_de/0/com.google.android.gms/app_chimera/m/00000042/dl-MlkitOcrCommon.optional_261631100800.apk has no usable artifacts
06-13 14:51:18.697  5247  5431 W artd    : Could not get dex checksums for location /data/app/~~G0HPFVpum7v2ejGrH6pEfg==/com.google.android.gms-FwsNWjYRBvxZ6ABQEOrGNA==/base.apk, fd=-1
06-13 14:51:18.699  5247  5431 I artd    : GetBestInfo: /data/user_de/0/com.google.android.gms/app_chimera/m/0000000b/dl-Antifingerprinting.optional_250834100000.apk has no usable artifacts
06-13 14:51:18.699  5247  5431 W artd    : Could not get dex checksums for location /data/app/~~thWcSPpdc105cPjdDuIHCQ==/com.google.android.gms-z58PA5lnnMb4XDX6PbVCjg==/base.apk, fd=-1
06-13 14:51:18.700  5247  5431 W artd    : Could not get dex checksums for location /data/app/~~G0HPFVpum7v2ejGrH6pEfg==/com.google.android.gms-FwsNWjYRBvxZ6ABQEOrGNA==/base.apk, fd=-1
06-13 14:51:18.701  5247  5431 W artd    : Could not get dex checksums for location /data/app/~~G0HPFVpum7v2ejGrH6pEfg==/com.google.android.gms-FwsNWjYRBvxZ6ABQEOrGNA==/base.apk, fd=-1
06-13 14:51:18.703  5247  5431 I artd    : GetBestInfo: /data/user_de/0/com.google.android.gms/app_chimera/m/0000000c/dl-MlkitBarcodeUi.optional_250834100800.apk has no usable artifacts
06-13 14:51:18.703  5247  5431 W artd    : Could not get dex checksums for location /data/app/~~G0HPFVpum7v2ejGrH6pEfg==/com.google.android.gms-FwsNWjYRBvxZ6ABQEOrGNA==/base.apk, fd=-1
06-13 14:51:18.705  5247  5431 I artd    : GetBestInfo: /data/user_de/0/com.google.android.gms/app_chimera/m/00000009/dl-Appsearch.optional_250834100800.apk has no usable artifacts
06-13 14:51:18.706  5247  5431 I artd    : GetBestInfo: /data/user_de/0/com.google.android.gms/app_chimera/m/00000045/dl-VisionOcr.optional_261631100000.apk has no usable artifacts
06-13 14:51:18.707  5247  5431 W artd    : Could not get dex checksums for location /data/app/~~G0HPFVpum7v2ejGrH6pEfg==/com.google.android.gms-FwsNWjYRBvxZ6ABQEOrGNA==/base.apk, fd=-1
06-13 14:51:18.708  5247  5431 W artd    : Could not get dex checksums for location /data/app/~~G0HPFVpum7v2ejGrH6pEfg==/com.google.android.gms-FwsNWjYRBvxZ6ABQEOrGNA==/base.apk, fd=-1
06-13 14:51:18.710  5247  5431 I artd    : GetBestInfo: vdex next to the dex file (/data/user/0/com.google.android.gms/app_dg_cache/1C62BDE86218FBAA50DF06C4A79F5C3FE74B69EC/oat/x86_64/the.vdex) is kOatUpToDate with filter 'verify' executable 'false'
06-13 14:51:18.711  5247  5431 I artd    : GetBestInfo: /data/user_de/0/com.google.android.gms/app_chimera/m/00000043/dl-PlayCloudSearch.optional_261631100000.apk has no usable artifacts
06-13 14:51:18.711  5247  5431 W artd    : Could not get dex checksums for location /data/app/~~G0HPFVpum7v2ejGrH6pEfg==/com.google.android.gms-FwsNWjYRBvxZ6ABQEOrGNA==/base.apk, fd=-1
06-13 14:51:18.712  5247  5431 W artd    : Could not get dex checksums for location /data/app/~~G0HPFVpum7v2ejGrH6pEfg==/com.google.android.gms-FwsNWjYRBvxZ6ABQEOrGNA==/base.apk, fd=-1
06-13 14:51:18.712  5247  5431 W artd    : Could not get dex checksums for location /data/app/~~G0HPFVpum7v2ejGrH6pEfg==/com.google.android.gms-FwsNWjYRBvxZ6ABQEOrGNA==/base.apk, fd=-1
06-13 14:51:18.714  5247  5431 W artd    : Could not get dex checksums for location /data/app/~~G0HPFVpum7v2ejGrH6pEfg==/com.google.android.gms-FwsNWjYRBvxZ6ABQEOrGNA==/base.apk, fd=-1
06-13 14:51:18.715  5247  5431 W artd    : Could not get dex checksums for location /data/app/~~G0HPFVpum7v2ejGrH6pEfg==/com.google.android.gms-FwsNWjYRBvxZ6ABQEOrGNA==/base.apk, fd=-1
06-13 14:51:18.716  5247  5431 W artd    : Could not get dex checksums for location /data/app/~~G0HPFVpum7v2ejGrH6pEfg==/com.google.android.gms-FwsNWjYRBvxZ6ABQEOrGNA==/base.apk, fd=-1
06-13 14:51:18.717  5247  5431 I artd    : GetBestInfo: /data/user_de/0/com.google.android.gms/app_chimera/m/00000044/dl-MlkitBarcodeUi.optional_261631100800.apk has no usable artifacts
06-13 14:51:18.717  5247  5431 W artd    : Could not get dex checksums for location /data/app/~~G0HPFVpum7v2ejGrH6pEfg==/com.google.android.gms-FwsNWjYRBvxZ6ABQEOrGNA==/base.apk, fd=-1
06-13 14:51:18.719  5247  5431 I artd    : GetBestInfo: /data/user_de/0/com.google.android.gms/app_chimera/m/00000046/dl-TfliteDynamiteDynamite.integ_260580502100800.apk has no usable artifacts
06-13 14:51:18.720  5247  5431 W artd    : Could not get dex checksums for location /data/app/~~G0HPFVpum7v2ejGrH6pEfg==/com.google.android.gms-FwsNWjYRBvxZ6ABQEOrGNA==/base.apk, fd=-1
06-13 14:51:18.720  5247  5431 W artd    : Could not get dex checksums for location /data/app/~~G0HPFVpum7v2ejGrH6pEfg==/com.google.android.gms-FwsNWjYRBvxZ6ABQEOrGNA==/base.apk, fd=-1
06-13 14:51:18.721  5247  5431 W artd    : Could not get dex checksums for location /data/app/~~thWcSPpdc105cPjdDuIHCQ==/com.google.android.gms-z58PA5lnnMb4XDX6PbVCjg==/base.apk, fd=-1
06-13 14:51:18.722  5247  5431 W artd    : Could not get dex checksums for location /data/app/~~G0HPFVpum7v2ejGrH6pEfg==/com.google.android.gms-FwsNWjYRBvxZ6ABQEOrGNA==/base.apk, fd=-1
06-13 14:51:18.722  5247  5431 W artd    : Could not get dex checksums for location /data/app/~~thWcSPpdc105cPjdDuIHCQ==/com.google.android.gms-z58PA5lnnMb4XDX6PbVCjg==/base.apk, fd=-1
06-13 14:51:18.724  5247  5431 I artd    : GetBestInfo: /data/user_de/0/com.google.android.gms/app_chimera/m/00000048/dl-IdentityCredentialsPlatform.optional_261631100800.apk has no usable artifacts
06-13 14:51:18.725  5247  5431 I artd    : GetBestInfo: /data/user_de/0/com.google.android.gms/app_chimera/m/00000047/dl-Appsearch.optional_261631100800.apk has no usable artifacts
