--------- beginning of main
06-13 14:48:40.755 18625 18625 I studio.deploy: Received request 'dump'
06-13 14:48:40.869 18625 18625 I studio.deploy: Received request 'overlayinstall'
06-13 14:48:40.870 18957 18957 E studio.deploy: Stopping appserverd since canary has died"
06-13 14:48:40.871 18625 18625 E studio.deploy: ERROR: MessagePipeWrapper: Cannot read (EOF)
06-13 14:48:40.871 18625 18625 E studio.deploy: ERROR: MessagePipeWrapper: Unable to read magic number (received= '
06-13 14:48:40.871 18625 18625 E studio.deploy: ERROR: Protopipe: Unable to read() from pipe
06-13 14:48:40.877 18625 18625 E studio.deploy: ERROR: MessagePipeWrapper: Cannot read (EOF)
06-13 14:48:40.878 18625 18625 E studio.deploy: ERROR: MessagePipeWrapper: Unable to read magic number (received= '
06-13 14:48:40.878 18625 18625 E studio.deploy: ERROR: Protopipe: Unable to read() from pipe
06-13 14:48:40.888 20461 20461 W run-as  : type=1400 audit(0.0:1659): avc:  granted  { execute } for  name="install_server-c52d6b25" dev="dm-55" ino=369299 scontext=u:r:runas_app:s0:c244,c256,c512,c768 tcontext=u:object_r:app_data_file:s0:c244,c256,c512,c768 tclass=file app=fi.iki.ede.safe.debug
06-13 14:48:40.888 20461 20461 W install_server-: type=1400 audit(0.0:1660): avc:  granted  { execute } for  path="/data/data/fi.iki.ede.safe.debug/code_cache/install_server-c52d6b25" dev="dm-55" ino=369299 scontext=u:r:runas_app:s0:c244,c256,c512,c768 tcontext=u:object_r:app_data_file:s0:c244,c256,c512,c768 tclass=file app=fi.iki.ede.safe.debug
06-13 14:48:40.924 20461 20461 E studio.deploy: ERROR: Could not remove dir '/data/data/fi.iki.ede.safe.debug/code_cache/.ll/': No such file or directory
--------- beginning of system
06-13 14:48:40.995   755  2990 I ActivityManager: Force stopping fi.iki.ede.safe.debug appid=10244 user=0: from pid 20466
06-13 14:48:40.997   755  2990 I AppsFilter: interaction: PackageSetting{e6643cb com.android.microdroid.empty_payload/10198} -> PackageSetting{ddc0963 fi.iki.ede.safe.debug/10244} BLOCKED
06-13 14:48:41.003  1561  1561 D CarrierSvcBindHelper: onHandleForceStop: [fi.iki.ede.safe.debug]
06-13 14:48:41.003  1561  1561 D CarrierSvcBindHelper: No carrier app for: 0
06-13 14:48:41.035   755  2990 W ActivityTaskManager: callingPackage for (uid=2000, pid=20471) has no WPC
06-13 14:48:41.036   755  2990 V GrammaticalInflectionUtils: AttributionSource: android.content.AttributionSource@192b0461 does not have READ_SYSTEM_GRAMMATICAL_GENDER permission.
06-13 14:48:41.037   755  2990 W OptProp : Cannot read opt property android.window.PROPERTY_COMPAT_ALLOW_USER_ASPECT_RATIO_OVERRIDE
06-13 14:48:41.037   755  2990 W OptProp : Cannot read opt property android.window.PROPERTY_COMPAT_ALLOW_USER_ASPECT_RATIO_FULLSCREEN_OVERRIDE
06-13 14:48:41.037   755  2990 W OptProp : Cannot read opt property android.window.PROPERTY_COMPAT_ALLOW_RESIZEABLE_ACTIVITY_OVERRIDES
06-13 14:48:41.037   755  2990 W OptProp : Cannot read opt property android.window.PROPERTY_COMPAT_ALLOW_MIN_ASPECT_RATIO_OVERRIDE
06-13 14:48:41.042   755  2990 W OptProp : Cannot read opt property android.window.PROPERTY_COMPAT_ALLOW_ORIENTATION_OVERRIDE
06-13 14:48:41.043   590   657 I BpBinder: onLastStrongRef automatically unlinking death recipients: 
06-13 14:48:41.046   755  2344 D CompatChangeReporter: Compat change id reported: 377864165; UID 10244; state: ENABLED
06-13 14:48:41.047   755  2990 I ActivityTaskManager: START u0 {act=android.intent.action.MAIN cat=[android.intent.category.LAUNCHER] flg=0x10000000 xflg=0x4 cmp=fi.iki.ede.safe.debug/fi.iki.ede.safe.ui.activities.CategoryListScreen} with LAUNCH_MULTIPLE from uid 2000 (BAL_ALLOW_PERMISSION) result code=0
06-13 14:48:41.048  1624  1667 V WindowManagerShell: Transition requested (#148): android.os.BinderProxy@c90e30c TransitionRequestInfo { type = OPEN, triggerTask = TaskInfo{userId=0 taskId=489 effectiveUid=10244 displayId=0 isRunning=true baseIntent=Intent { act=android.intent.action.MAIN cat=[android.intent.category.LAUNCHER] flg=0x10000000 cmp=fi.iki.ede.safe.debug/fi.iki.ede.safe.ui.activities.CategoryListScreen } baseActivity=ComponentInfo{fi.iki.ede.safe.debug/fi.iki.ede.safe.ui.activities.CategoryListScreen} topActivity=ComponentInfo{fi.iki.ede.safe.debug/fi.iki.ede.safe.ui.activities.CategoryListScreen} origActivity=null realActivity=ComponentInfo{fi.iki.ede.safe.debug/fi.iki.ede.safe.ui.activities.CategoryListScreen} numActivities=1 lastActiveTime=95560512 supportsMultiWindow=true resizeMode=1 isResizeable=true minWidth=-1 minHeight=-1 defaultMinSize=220 token=WCT{android.window.IWindowContainerToken$Stub$Proxy@6268455} topActivityType=1 pictureInPictureParams=null shouldDockBigOverlays=false launchIntoPipHostTaskId=-1 lastParentTaskIdBeforePip=-1 displayCutoutSafeInsets=Rect(0, 0 - 0, 0) topActivityInfo=ActivityInfo{9766e6a fi.iki.ede.safe.ui.activities.CategoryListScreen} launchCookies=[] positionInParent=Point(0, 0) parentTaskId=-1 isFocused=false isVisible=false isVisibleRequested=false isTopActivityNoDisplay=false isSleeping=false locusId=null displayAreaFeatureId=1 isTopActivityTransparent=false isActivityStackTransparent=false lastNonFullscreenBounds=Rect(284, 660 - 796, 1740) capturedLink=null capturedLinkTimestamp=0 requestedVisibleTypes=-9 topActivityRequestOpenInBrowserEducationTimestamp=0 appCompatTaskInfo=AppCompatTaskInfo { topActivityInSizeCompat=false eligibleForLetterboxEducation= false isLetterboxEducationEnabled= true isLetterboxDoubleTapEnabled= false eligibleForUserAspectRatioButton= false topActivityBoundsLetterboxed= false isFromLetterboxDoubleTap= false topActivityLetterboxVerticalPosition= -1 topActivityLetterboxHorizontalPosition= -1 topActivityLetterboxWidth=-1 topActivityLetterboxHeight=-1 topActivityAppBounds=Rect(0, 0 - 1080, 2400) isUserFullscreenOverrideEnabled=false isSystemFullscreenOverrideEnabled=false hasMinAspectRatioOverride=false topActivityLetterboxBounds=null cameraCompatTaskInfo=CameraCompatTaskInfo { freeformCameraCompatMode=inactive}} topActivityMainWindowFrame=null}, pipChange = null, remoteTransition = null, displayChange = null, flags = 0, debugId = 148 }
06-13 14:48:41.048  1624  1667 D ShellSplitScreen: logExit: no-op, mLoggerSessionId is null
06-13 14:48:41.049  1200  1200 W SplitSelectStateCtor: Missing session instanceIds
06-13 14:48:41.049  1200  1200 D StatsLog: LAUNCHER_SPLIT_SELECTION_EXIT_INTERRUPTED
06-13 14:48:41.052  1624  1667 D WindowManagerShell: setLauncherKeepClearAreaHeight: visible=false, height=527
06-13 14:48:41.053   755  2513 I AppsFilter: interaction: PackageSetting{e6643cb com.android.microdroid.empty_payload/10198} -> PackageSetting{30ba634 fi.iki.ede.safe.debug/10244} BLOCKED
06-13 14:48:41.056   666   666 W IPCThreadState: Sending oneway calls to frozen process.
06-13 14:48:41.056   666   666 W IPCThreadState: Sending oneway calls to frozen process.
06-13 14:48:41.060   590   590 I BpBinder: onLastStrongRef automatically unlinking death recipients: 
06-13 14:48:41.062   755   785 V GrammaticalInflectionUtils: AttributionSource: android.content.AttributionSource@192b0461 does not have READ_SYSTEM_GRAMMATICAL_GENDER permission.
06-13 14:48:41.067   755   970 D BackgroundInstallControlService: Package event received: 0
06-13 14:48:41.084   515   515 D Zygote  : Forked child process 20474
06-13 14:48:41.086   755   792 I ActivityManager: Start proc 20474:fi.iki.ede.safe.debug/u0a244 for next-top-activity {fi.iki.ede.safe.debug/fi.iki.ede.safe.ui.activities.CategoryListScreen}
06-13 14:48:41.094   755   792 I ActivityManager: ProcessObserver broadcast disabled
06-13 14:48:41.161 20474 20474 I .ede.safe.debug: Late-enabling -Xcheck:jni
06-13 14:48:41.181 20474 20474 I .ede.safe.debug: Using CollectorTypeCMC GC.
06-13 14:48:41.182 20474 20474 W .ede.safe.debug: Unexpected CPU variant for x86: x86_64.
06-13 14:48:41.182 20474 20474 W .ede.safe.debug: Known variants: atom, sandybridge, silvermont, goldmont, goldmont-plus, goldmont-without-sha-xsaves, tremont, kabylake, alderlake, default
06-13 14:48:41.183  1624  1648 V WindowManagerShell: onTransitionReady(transaction=3242700314379)
06-13 14:48:41.184  1624  1667 V WindowManagerShell: onTransitionReady (#148) android.os.BinderProxy@c90e30c: {id=148 t=OPEN f=0x0 trk=0 r=[0@Point(0, 0)] c=[
06-13 14:48:41.184  1624  1667 V WindowManagerShell:         {m=OPEN f=NONE leash=Surface(name=Task=489)/@0xad521d4 sb=Rect(0, 0 - 1080, 2400) eb=Rect(0, 0 - 1080, 2400) epz=Point(1080, 2400) d=0 taskParent=-1},
06-13 14:48:41.184  1624  1667 V WindowManagerShell:         {m=TO_BACK f=SHOW_WALLPAPER leash=Surface(name=Task=1)/@0xb062f7d sb=Rect(0, 0 - 1080, 2400) eb=Rect(0, 0 - 1080, 2400) epz=Point(1080, 2400) d=0 taskParent=-1},
06-13 14:48:41.184  1624  1667 V WindowManagerShell:         {m=TO_BACK f=IS_WALLPAPER leash=Surface(name=WallpaperWindowToken{a6491f6 showWhenLocked=false})/@0xbc87e72 sb=Rect(0, 0 - 1080, 2400) eb=Rect(0, 0 - 1080, 2400) epz=Point(1080, 2400) d=0}
06-13 14:48:41.184  1624  1667 V WindowManagerShell:     ]}
06-13 14:48:41.185  1624  1667 V WindowManagerShell: Playing animation for (#148) android.os.BinderProxy@c90e30c@0
06-13 14:48:41.185   755   782 V WindowManager: Sent Transition (#148) createdAt=06-13 14:48:41.038 via request=TransitionRequestInfo { type = OPEN, triggerTask = TaskInfo{userId=0 taskId=489 effectiveUid=10244 displayId=0 isRunning=true baseIntent=Intent { act=android.intent.action.MAIN cat=[android.intent.category.LAUNCHER] flg=0x10000000 cmp=fi.iki.ede.safe.debug/fi.iki.ede.safe.ui.activities.CategoryListScreen } baseActivity=ComponentInfo{fi.iki.ede.safe.debug/fi.iki.ede.safe.ui.activities.CategoryListScreen} topActivity=ComponentInfo{fi.iki.ede.safe.debug/fi.iki.ede.safe.ui.activities.CategoryListScreen} origActivity=null realActivity=ComponentInfo{fi.iki.ede.safe.debug/fi.iki.ede.safe.ui.activities.CategoryListScreen} numActivities=1 lastActiveTime=95560512 supportsMultiWindow=true resizeMode=1 isResizeable=true minWidth=-1 minHeight=-1 defaultMinSize=220 token=WCT{RemoteToken{6c8e4ef Task{17f5f21 #489 type=standard A=10244:fi.iki.ede.safe.debug}}} topActivityType=1 pictureInPictureParams=null shouldDockBigOverlays=false launchIntoPipHostTaskId=-1 lastParentTaskIdBeforePip=-1 displayCutoutSafeInsets=Rect(0, 0 - 0, 0) topActivityInfo=ActivityInfo{9247bfc fi.iki.ede.safe.ui.activities.CategoryListScreen} launchCookies=[] positionInParent=Point(0, 0) parentTaskId=-1 isFocused=false isVisible=false isVisibleRequested=false isTopActivityNoDisplay=false isSleeping=false locusId=null displayAreaFeatureId=1 isTopActivityTransparent=false isActivityStackTransparent=false lastNonFullscreenBounds=Rect(284, 660 - 796, 1740) capturedLink=null capturedLinkTimestamp=0 requestedVisibleTypes=-9 topActivityRequestOpenInBrowserEducationTimestamp=0 appCompatTaskInfo=AppCompatTaskInfo { topActivityInSizeCompat=false eligibleForLetterboxEducation= false isLetterboxEducationEnabled= true isLetterboxDoubleTapEnabled= false eligibleForUserAspectRatioButton= false topActivityBoundsLetterboxed= false isFromLetterboxDoubleTap= false topActivityLetterboxVerticalPosition= -1 topActivityLetterboxHorizontalPosition= -1 topActivityLetterboxWidth=-1 topActivityLetterboxHeight=-1 topActivityAppBounds=Rect(0, 0 - 1080, 2400) isUserFullscreenOverrideEnabled=false isSystemFullscreenOverrideEnabled=false hasMinAspectRatioOverride=false topActivityLetterboxBounds=null cameraCompatTaskInfo=CameraCompatTaskInfo { freeformCameraCompatMode=inactive}} topActivityMainWindowFrame=null}, pipChange = null, remoteTransition = null, displayChange = null, flags = 0, debugId = 148 }
06-13 14:48:41.185  1624  1667 V ShellRecents: RecentsTransitionHandler.startAnimation: no controller found
06-13 14:48:41.185  1624  1667 V WindowManagerShell: Transition doesn't have explicit remote, search filters for match for {id=148 t=OPEN f=0x0 trk=0 r=[0@Point(0, 0)] c=[{m=OPEN f=NONE leash=Surface(name=Task=489)/@0xad521d4 sb=Rect(0, 0 - 1080, 2400) eb=Rect(0, 0 - 1080, 2400) epz=Point(1080, 2400) d=0 taskParent=-1},{m=TO_BACK f=SHOW_WALLPAPER leash=Surface(name=Task=1)/@0xb062f7d sb=Rect(0, 0 - 1080, 2400) eb=Rect(0, 0 - 1080, 2400) epz=Point(1080, 2400) d=0 taskParent=-1},{m=TO_BACK f=IS_WALLPAPER leash=Surface(name=WallpaperWindowToken{a6491f6 showWhenLocked=false})/@0xbc87e72 sb=Rect(0, 0 - 1080, 2400) eb=Rect(0, 0 - 1080, 2400) epz=Point(1080, 2400) d=0}]}
06-13 14:48:41.185   755   782 V WindowManager:     startWCT=WindowContainerTransaction { changes= {} hops= [] errorCallbackToken=null taskFragmentOrganizer=null }
06-13 14:48:41.185  1624  1667 V WindowManagerShell:  Checking filter Pair{{types=[] flags=0x0] notFlags=0x0 checks=[{atype=dream independent=true modes=[OPEN,TO_FRONT] flags=NONE mustBeTask=false order=ANY topActivity=null launchCookie=null windowingMode=undefined},{atype=home independent=true modes=[CLOSE,TO_BACK] flags=NONE mustBeTask=false order=ANY topActivity=null launchCookie=null windowingMode=undefined}]} RemoteTransition { remoteTransition = android.window.IRemoteTransition$Stub$Proxy@ec8a83f, appThread = android.app.IApplicationThread$Stub$Proxy@e6d050c, debugName = LauncherToDream }}
06-13 14:48:41.185  1624  1667 V WindowManagerShell:  Checking filter Pair{{types=[] flags=0x0] notFlags=0x100 checks=[{atype=home independent=true modes=[OPEN,TO_FRONT] flags=NONE mustBeTask=false order=TOP topActivity=ComponentInfo{com.google.android.apps.nexuslauncher/com.google.android.apps.nexuslauncher.NexusLauncherActivity} launchCookie=null windowingMode=undefined},{atype=standard independent=true modes=[CLOSE,TO_BACK] flags=NONE mustBeTask=false order=ANY topActivity=null launchCookie=null windowingMode=undefined},{NOT atype=undefined independent=true modes=[] flags=NONE mustBeTask=true order=ANY topActivity=null launchCookie=null customAnim=true windowingMode=undefined}]} RemoteTransition { remoteTransition = android.window.IRemoteTransition$Stub$Proxy@f3cfe55, appThread = android.app.IApplicationThread$Stub$Proxy@d34606a, debugName = QuickstepLaunchHome }}
06-13 14:48:41.185  1624  1667 V WindowManagerShell:  Delegate animation for (#148) to null
06-13 14:48:41.185  1624  1667 V WindowManagerShell: start default transition animation, info = {id=148 t=OPEN f=0x0 trk=0 r=[0@Point(0, 0)] c=[{m=OPEN f=NONE leash=Surface(name=Task=489)/@0xad521d4 sb=Rect(0, 0 - 1080, 2400) eb=Rect(0, 0 - 1080, 2400) epz=Point(1080, 2400) d=0 taskParent=-1},{m=TO_BACK f=SHOW_WALLPAPER leash=Surface(name=Task=1)/@0xb062f7d sb=Rect(0, 0 - 1080, 2400) eb=Rect(0, 0 - 1080, 2400) epz=Point(1080, 2400) d=0 taskParent=-1},{m=TO_BACK f=IS_WALLPAPER leash=Surface(name=WallpaperWindowToken{a6491f6 showWhenLocked=false})/@0xbc87e72 sb=Rect(0, 0 - 1080, 2400) eb=Rect(0, 0 - 1080, 2400) epz=Point(1080, 2400) d=0}]}
06-13 14:48:41.185  1624  1667 V WindowManagerShell: loadAnimation: anim=android.view.animation.AnimationSet@d4c8740 animAttr=0x13 type=OPEN isEntrance=false
06-13 14:48:41.185  1624  1667 V WindowManagerShell: loadAnimation: anim=android.view.animation.AnimationSet@64b4679 animAttr=0x12 type=OPEN isEntrance=true
06-13 14:48:41.186  1624  1667 V WindowManagerShell:  animated by com.android.wm.shell.transition.DefaultTransitionHandler@1592b9a
06-13 14:48:41.187   755   782 V WindowManager:     info={id=148 t=OPEN f=0x0 trk=0 r=[0@Point(0, 0)] c=[
06-13 14:48:41.187   755   782 V WindowManager:         {WCT{RemoteToken{6c8e4ef Task{17f5f21 #489 type=standard A=10244:fi.iki.ede.safe.debug}}} m=OPEN f=NONE leash=Surface(name=Task=489)/@0x94386cd sb=Rect(0, 0 - 1080, 2400) eb=Rect(0, 0 - 1080, 2400) epz=Point(1080, 2400) d=0 taskParent=-1},
06-13 14:48:41.187   755   782 V WindowManager:         {WCT{RemoteToken{4fc1fb1 Task{4495270 #1 type=home}}} m=TO_BACK f=SHOW_WALLPAPER leash=Surface(name=Task=1)/@0xb1a48c2 sb=Rect(0, 0 - 1080, 2400) eb=Rect(0, 0 - 1080, 2400) epz=Point(1080, 2400) d=0 taskParent=-1},
06-13 14:48:41.187   755   782 V WindowManager:         {m=TO_BACK f=IS_WALLPAPER leash=Surface(name=WallpaperWindowToken{a6491f6 showWhenLocked=false})/@0x7199787 sb=Rect(0, 0 - 1080, 2400) eb=Rect(0, 0 - 1080, 2400) epz=Point(1080, 2400) d=0}
06-13 14:48:41.187   755   782 V WindowManager:     ]}
06-13 14:48:41.188   598   623 I adbd    : jdwp connection from 20474
06-13 14:48:41.205 20474 20474 D nativeloader: Load libframework-connectivity-tiramisu-jni.so using APEX ns com_android_tethering for caller /apex/com.android.tethering/javalib/framework-connectivity-t.jar: ok
06-13 14:48:41.208   755  2344 D WifiNl80211Manager: Scan result ready event
06-13 14:48:41.208   755  2344 D WifiNative: Scan result ready event
06-13 14:48:41.216  1882  2853 I WifiScanner: onFullResults
06-13 14:48:41.216  1882  2868 I WifiScanner: onFullResults
06-13 14:48:41.228   755   915 I HalDevMgr: bestIfaceCreationProposal is null, requestIface=STA, existingIface=[name=wlan0 type=STA]
06-13 14:48:41.243   755   970 D BackgroundInstallControlService: Package event received: 0
06-13 14:48:41.291 20474 20474 W .ede.safe.debug: Suspending all threads took: 5.141ms
06-13 14:48:41.295 20474 20474 D nativeloader: Load /data/user/0/fi.iki.ede.safe.debug/code_cache/startup_agents/c52d6b25-agent.so using system ns (caller=<unknown>): ok
06-13 14:48:41.296 20474 20474 V studio.deploy: Startup agent attached to VM
06-13 14:48:41.297 20474 20474 V studio.deploy: No existing instrumentation found. Loading instrumentation from instruments-9dbd448e.jar
06-13 14:48:41.305 20474 20474 W .ede.safe.debug: hiddenapi: DexFile /data/data/fi.iki.ede.safe.debug/code_cache/.studio/instruments-9dbd448e.jar is in boot class path but is not in a known location
06-13 14:48:41.288 20474 20474 W re-initialized>: type=1400 audit(0.0:1661): avc:  granted  { execute } for  path="/data/data/fi.iki.ede.safe.debug/code_cache/startup_agents/c52d6b25-agent.so" dev="dm-55" ino=369424 scontext=u:r:untrusted_app:s0:c244,c256,c512,c768 tcontext=u:object_r:app_data_file:s0:c244,c256,c512,c768 tclass=file app=fi.iki.ede.safe.debug
06-13 14:48:41.316 20474 20474 V studio.deploy: ModifyParameterTransform failed: Landroid/app/ApplicationLoaders;
06-13 14:48:41.482  1624  1667 V WindowManagerShell: Transition animation finished (aborted=false), notifying core (#148) android.os.BinderProxy@c90e30c@0
06-13 14:48:41.488   755   782 V WindowManager: Finish Transition (#148): created at 06-13 14:48:41.038 collect-started=0.233ms request-sent=8.849ms started=11.458ms ready=141.974ms sent=143.647ms commit=13.173ms finished=448.487ms
06-13 14:48:41.500  1200  1200 D VRI[NexusLauncherActivity]: visibilityChanged oldVisibility=true newVisibility=false
06-13 14:48:41.504  1624  1667 V WindowManagerShell: Track 0 became idle
06-13 14:48:41.506  1624  1667 V WindowManagerShell: All active transition animations finished
06-13 14:48:41.516  1200  1200 D NexusLauncherModelDelegate: notifySmartspaceEvent: SmartspaceTargetEvent{mSmartspaceTarget=null, mSmartspaceActionId='null', mEventType=7}
06-13 14:48:41.669 20474 20474 W .ede.safe.debug: Redefining intrinsic method java.lang.Thread java.lang.Thread.currentThread(). This may cause the unexpected use of the original definition of java.lang.Thread java.lang.Thread.currentThread()in methods that have already been compiled.
06-13 14:48:41.669 20474 20474 W .ede.safe.debug: Redefining intrinsic method boolean java.lang.Thread.interrupted(). This may cause the unexpected use of the original definition of boolean java.lang.Thread.interrupted()in methods that have already been compiled.
06-13 14:48:41.689 20474 20474 I studio.deploy: Registering DispatchJNI
06-13 14:48:41.690 20474 20474 I studio.deploy: Found com/android/tools/deploy/interpreter/JNI
06-13 14:48:41.731 20474 20474 D ApplicationLoaders: Returning zygote-cached class loader: /system_ext/framework/androidx.window.extensions.jar
06-13 14:48:41.731 20474 20474 D ApplicationLoaders: Returning zygote-cached class loader: /system_ext/framework/androidx.window.sidecar.jar
06-13 14:48:42.552 20474 20474 D nativeloader: Configuring clns-9 for other apk /data/app/~~8XDSPoGQdax5qu59JlwPuQ==/fi.iki.ede.safe.debug-HCXiceDwPG8vuWweLezupg==/base.apk. target_sdk_version=36, uses_libraries=, library_path=/data/app/~~8XDSPoGQdax5qu59JlwPuQ==/fi.iki.ede.safe.debug-HCXiceDwPG8vuWweLezupg==/lib/x86_64:/data/app/~~8XDSPoGQdax5qu59JlwPuQ==/fi.iki.ede.safe.debug-HCXiceDwPG8vuWweLezupg==/base.apk!/lib/x86_64, permitted_path=/data:/mnt/expand:/data/user/0/fi.iki.ede.safe.debug
06-13 14:48:42.560 20474 20474 I .ede.safe.debug: AssetManager2(0x7e3f60a35678) locale list changing from [] to [en-US]
06-13 14:48:42.562 20474 20474 I .ede.safe.debug: AssetManager2(0x7e3f60a3bd98) locale list changing from [] to [en-US]
06-13 14:48:42.568 20474 20474 V GraphicsEnvironment: Currently set values for:
06-13 14:48:42.568 20474 20474 V GraphicsEnvironment:   angle_gl_driver_selection_pkgs=[]
06-13 14:48:42.568 20474 20474 V GraphicsEnvironment:   angle_gl_driver_selection_values=[]
06-13 14:48:42.568 20474 20474 V GraphicsEnvironment: fi.iki.ede.safe.debug is not listed in per-application setting
06-13 14:48:42.568 20474 20474 V GraphicsEnvironment: ANGLE allowlist from config: com.dreamgames.royalmatch com.dts.freefiremax com.dxx.firenow com.gramgames.mergedragons com.ludo.king com.mojang.minecraftpe com.my.defense com.nintendo.zaka com.os.airforce com.playrix.fishdomdd.gplay io.teslatech.callbreak jp.konami.prospia net.peakgames.toonblast
06-13 14:48:42.568 20474 20474 V GraphicsEnvironment: fi.iki.ede.safe.debug is not listed in ANGLE allowlist or settings, returning default
06-13 14:48:42.568 20474 20474 V GraphicsEnvironment: Neither updatable production driver nor prerelease driver is supported.
06-13 14:48:42.581  1561  1762 D SatelliteController: iisInCarrierRoamingNbIotNtn: satellite is disabled
06-13 14:48:42.582   755  2344 W IPCThreadState: Sending oneway calls to frozen process.
06-13 14:48:42.671 20474 20474 D FirebaseSessions: Dependency to CRASHLYTICS added.
06-13 14:48:42.680 20474 20474 I FirebaseApp: Device unlocked: initializing all Firebase APIs for app [DEFAULT]
06-13 14:48:42.700 20474 20474 I FirebaseCrashlytics: Initializing Firebase Crashlytics 20.0.3 for fi.iki.ede.safe.debug
06-13 14:48:42.757 20474 20474 D FirebaseSessions: Subscriber CRASHLYTICS registered.
06-13 14:48:42.774 20474 20493 W .ede.safe.debug: ClassLoaderContext classpath size mismatch. expected=1, found=0 (DLC[];PCL[base.apk*2832758366]{PCL[/system/framework/org.apache.http.legacy.jar*4247870504]#PCL[/system/framework/com.android.location.provider.jar*1570284764]#PCL[/system/framework/com.android.media.remotedisplay.jar*487574312]#PCL[/system_ext/framework/com.android.extensions.appfunctions.jar*2880224042]#PCL[/system_ext/framework/androidx.window.extensions.jar*1030441313]#PCL[/system_ext/framework/androidx.window.sidecar.jar*3860983653]} | DLC[];PCL[])
06-13 14:48:42.781 20474 20493 I DynamiteModule: Considering local module com.google.android.gms.measurement.dynamite:155 and remote module com.google.android.gms.measurement.dynamite:189
06-13 14:48:42.781 20474 20493 I DynamiteModule: Selected remote version of com.google.android.gms.measurement.dynamite, version >= 189
06-13 14:48:42.781 20474 20493 V DynamiteModule: Dynamite loader version >= 2, using loadModule2NoCrashUtils
06-13 14:48:42.797 20474 20493 W System  : ClassLoader referenced unknown path: 
06-13 14:48:42.798 20474 20493 D nativeloader: Configuring clns-10 for other apk . target_sdk_version=37, uses_libraries=, library_path=/data/app/~~TenVv5xnpnx-rEvpv-fT6g==/com.google.android.gms-W_2tYdJhq71yFNjQne_DAg==/lib/x86_64:/data/app/~~TenVv5xnpnx-rEvpv-fT6g==/com.google.android.gms-W_2tYdJhq71yFNjQne_DAg==/base.apk!/lib/x86_64, permitted_path=/data:/mnt/expand:/data/user/0/com.google.android.gms
06-13 14:48:42.804 20474 20493 I .ede.safe.debug: AssetManager2(0x7e3f60a443f8) locale list changing from [] to [en-US]
06-13 14:48:42.812 20474 20493 W .ede.safe.debug: ClassLoaderContext classpath size mismatch. expected=1, found=2 (DLC[];PCL[base.apk*2832758366]{PCL[/system/framework/org.apache.http.legacy.jar*4247870504]#PCL[/system/framework/com.android.location.provider.jar*1570284764]#PCL[/system/framework/com.android.media.remotedisplay.jar*487574312]#PCL[/system_ext/framework/com.android.extensions.appfunctions.jar*2880224042]#PCL[/system_ext/framework/androidx.window.extensions.jar*1030441313]#PCL[/system_ext/framework/androidx.window.sidecar.jar*3860983653]} | DLC[];PCL[/data/data/fi.iki.ede.safe.debug/code_cache/.overlay/base.apk/classes24.dex*2719578828:/data/app/~~8XDSPoGQdax5qu59JlwPuQ==/fi.iki.ede.safe.debug-HCXiceDwPG8vuWweLezupg==/base.apk*3388101762]{PCL[/system_ext/framework/androidx.window.extensions.jar*1030441313]#PCL[/system_ext/framework/androidx.window.sidecar.jar*3860983653]})
06-13 14:48:42.818 20474 20493 I .ede.safe.debug: AssetManager2(0x7e3f60a44718) locale list changing from [] to [en-US]
06-13 14:48:42.820 20474 20493 I .ede.safe.debug: AssetManager2(0x7e3f60a42af8) locale list changing from [] to [en-US]
06-13 14:48:42.852 20474 20496 E ashmem  : Pinning is deprecated since Android Q. Please use trim or other methods.
06-13 14:48:42.861  1882 20345 I PhenotypeResourceReader: unable to find any Phenotype resource metadata for fi.iki.ede.safe.debug
06-13 14:48:42.877 20474 20501 I .ede.safe.debug: hiddenapi: Accessing hidden method Ldalvik/system/VMStack;->getStackClass2()Ljava/lang/Class; (runtime_flags=0, domain=core-platform, api=unsupported) from Lm7/apj; (domain=app) using reflection: allowed
06-13 14:48:42.886   755  2513 D FileUtils: Rounded bytes from 4109660160 to 8000000000
06-13 14:48:42.898   755  2513 D FileUtils: Rounded bytes from 4109660160 to 8000000000
06-13 14:48:42.901 20474 20497 E .ede.safe.debug: No package ID 6a found for resource ID 0x6a0b0013.
06-13 14:48:42.902 20474 20497 I FA      : App measurement initialized, version: 165000
06-13 14:48:42.902 20474 20497 I FA      : To enable debug logging run: adb shell setprop log.tag.FA VERBOSE
06-13 14:48:42.902 20474 20497 I FA      : To enable faster debug mode event logging run:
06-13 14:48:42.902 20474 20497 I FA      :   adb shell setprop debug.firebase.analytics.app fi.iki.ede.safe.debug
06-13 14:48:42.909 20474 20506 I FirebaseCrashlytics: Saved version control info
06-13 14:48:42.927 20474 20474 D nativeloader: Load /data/app/~~8XDSPoGQdax5qu59JlwPuQ==/fi.iki.ede.safe.debug-HCXiceDwPG8vuWweLezupg==/lib/x86_64/libdatastore_shared_counter.so using class loader ns clns-9 (caller=/data/app/~~8XDSPoGQdax5qu59JlwPuQ==/fi.iki.ede.safe.debug-HCXiceDwPG8vuWweLezupg==/base.apk!classes27.dex): ok
06-13 14:48:42.998 20474 20474 D FirebaseSessions: Initializing Firebase Sessions 3.0.3.
06-13 14:48:42.999 20474 20474 I FirebaseInitProvider: FirebaseApp initialization successful
06-13 14:48:43.036   755   970 D BackgroundInstallControlService: Package event received: 0
06-13 14:48:43.049 20474 20503 D FirebaseSessions: Notified CRASHLYTICS of new session 952bd8b7dcb94ac39edc0bedc82ca9f4
06-13 14:48:43.080   755  2344 D ActivityManager: sync unfroze 9443 com.google.android.gms for 6
06-13 14:48:43.084   755   970 D BackgroundInstallControlService: Package event received: 0
06-13 14:48:43.091  9443  9443 D BoundBrokerSvc: onBind: Intent { act=com.google.android.gms.measurement.START xflg=0x4 pkg=com.google.android.gms }
06-13 14:48:43.091  9443  9443 D BoundBrokerSvc: Loading bound service for intent: Intent { act=com.google.android.gms.measurement.START xflg=0x4 pkg=com.google.android.gms }
06-13 14:48:43.490   755  2513 W OptProp : Cannot read opt property android.window.PROPERTY_COMPAT_ENABLE_FAKE_FOCUS
06-13 14:48:43.494   755   970 D BackgroundInstallControlService: Package event received: 0
06-13 14:48:43.494   755   970 D BackgroundInstallControlService: Package event received: 0
06-13 14:48:43.499 20474 20514 I DisplayManager: Choreographer implicitly registered for the refresh rate.
06-13 14:48:43.503 20474 20474 I .ede.safe.debug: AssetManager2(0x7e3f60a37298) locale list changing from [] to [en-US]
06-13 14:48:43.552 20474 20514 I EGL_emulation: Opening libGLESv1_CM_emulation.so
06-13 14:48:43.557 20474 20514 I EGL_emulation: Opening libGLESv2_emulation.so
06-13 14:48:43.616 20474 20514 W HWUI    : Failed to choose config with EGL_SWAP_BEHAVIOR_PRESERVED, retrying without...
06-13 14:48:43.616 20474 20514 W HWUI    : Failed to initialize 101010-2 format, error = EGL_SUCCESS
06-13 14:48:43.627 20474 20474 D CompatChangeReporter: Compat change id reported: 377864165; UID 10244; state: ENABLED
06-13 14:48:43.630 20474 20474 D DesktopModeFlags: Toggle override initialized to: OVERRIDE_UNSET
06-13 14:48:43.737 20474 20474 D FirebaseSessions: App foregrounded on fi.iki.ede.safe.debug
06-13 14:48:43.737 20474 20474 D FirebaseSessions: Process fi.iki.ede.safe.debug is stale
06-13 14:48:43.742 20474 20503 D FirebaseSessions: Cold app start detected
06-13 14:48:43.742 20474 20503 D FirebaseSessions: Process fi.iki.ede.safe.debug is stale
06-13 14:48:43.745 20474 20497 I FA      : Tag Manager is not found and thus will not be used
06-13 14:48:43.751   755  2513 V GrammaticalInflectionUtils: AttributionSource: android.content.AttributionSource@192b0461 does not have READ_SYSTEM_GRAMMATICAL_GENDER permission.
06-13 14:48:43.752   755  2513 W OptProp : Cannot read opt property android.window.PROPERTY_COMPAT_ALLOW_USER_ASPECT_RATIO_OVERRIDE
06-13 14:48:43.752   755  2513 W OptProp : Cannot read opt property android.window.PROPERTY_COMPAT_ALLOW_USER_ASPECT_RATIO_FULLSCREEN_OVERRIDE
06-13 14:48:43.753   755  2513 W OptProp : Cannot read opt property android.window.PROPERTY_COMPAT_ALLOW_RESIZEABLE_ACTIVITY_OVERRIDES
06-13 14:48:43.753   755  2513 W OptProp : Cannot read opt property android.window.PROPERTY_COMPAT_ALLOW_MIN_ASPECT_RATIO_OVERRIDE
06-13 14:48:43.753   755  2513 D CompatChangeReporter: Compat change id reported: 358129114; UID 10244; state: ENABLED
06-13 14:48:43.756   755  2513 W OptProp : Cannot read opt property android.window.PROPERTY_COMPAT_ALLOW_ORIENTATION_OVERRIDE
06-13 14:48:43.762   755  2513 I ActivityTaskManager: START u0 {xflg=0x4 cmp=fi.iki.ede.safe.debug/fi.iki.ede.safe.ui.activities.LoginScreen} with LAUNCH_MULTIPLE from uid 10244 (sr=216299912) (BAL_ALLOW_VISIBLE_WINDOW) result code=0
06-13 14:48:43.763  1624  1667 V WindowManagerShell: Transition requested (#149): android.os.BinderProxy@bfe58 TransitionRequestInfo { type = OPEN, triggerTask = TaskInfo{userId=0 taskId=489 effectiveUid=10244 displayId=0 isRunning=true baseIntent=Intent { act=android.intent.action.MAIN cat=[android.intent.category.LAUNCHER] flg=0x10000000 cmp=fi.iki.ede.safe.debug/fi.iki.ede.safe.ui.activities.CategoryListScreen } baseActivity=ComponentInfo{fi.iki.ede.safe.debug/fi.iki.ede.safe.ui.activities.CategoryListScreen} topActivity=ComponentInfo{fi.iki.ede.safe.debug/fi.iki.ede.safe.ui.activities.LoginScreen} origActivity=null realActivity=ComponentInfo{fi.iki.ede.safe.debug/fi.iki.ede.safe.ui.activities.CategoryListScreen} numActivities=2 lastActiveTime=95563225 supportsMultiWindow=true resizeMode=1 isResizeable=true minWidth=-1 minHeight=-1 defaultMinSize=220 token=WCT{android.window.IWindowContainerToken$Stub$Proxy@caa4bb1} topActivityType=1 pictureInPictureParams=null shouldDockBigOverlays=false launchIntoPipHostTaskId=-1 lastParentTaskIdBeforePip=-1 displayCutoutSafeInsets=Rect(0, 0 - 0, 0) topActivityInfo=ActivityInfo{3785896 fi.iki.ede.safe.ui.activities.LoginScreen} launchCookies=[] positionInParent=Point(0, 0) parentTaskId=-1 isFocused=true isVisible=true isVisibleRequested=true isTopActivityNoDisplay=false isSleeping=false locusId=null displayAreaFeatureId=1 isTopActivityTransparent=false isActivityStackTransparent=false lastNonFullscreenBounds=Rect(284, 660 - 796, 1740) capturedLink=null capturedLinkTimestamp=0 requestedVisibleTypes=-9 topActivityRequestOpenInBrowserEducationTimestamp=0 appCompatTaskInfo=AppCompatTaskInfo { topActivityInSizeCompat=false eligibleForLetterboxEducation= false isLetterboxEducationEnabled= true isLetterboxDoubleTapEnabled= false eligibleForUserAspectRatioButton= false topActivityBoundsLetterboxed= false isFromLetterboxDoubleTap= false topActivityLetterboxVerticalPosition= -1 topActivityLetterboxHorizontalPosition= -1 topActivityLetterboxWidth=-1 topActivityLetterboxHeight=-1 topActivityAppBounds=Rect(0, 0 - 1080, 2400) isUserFullscreenOverrideEnabled=false isSystemFullscreenOverrideEnabled=false hasMinAspectRatioOverride=false topActivityLetterboxBounds=null cameraCompatTaskInfo=CameraCompatTaskInfo { freeformCameraCompatMode=inactive}} topActivityMainWindowFrame=null}, pipChange = null, remoteTransition = null, displayChange = null, flags = 0, debugId = 149 }
06-13 14:48:43.763   590   658 I BpBinder: onLastStrongRef automatically unlinking death recipients: 
06-13 14:48:43.763  1624  1667 D ShellSplitScreen: logExit: no-op, mLoggerSessionId is null
06-13 14:48:43.774   590   590 I BpBinder: onLastStrongRef automatically unlinking death recipients: 
06-13 14:48:43.775 20474 20503 D FirebaseSessions: Notified CRASHLYTICS of new session 369748d82c124b32aa96474bd134ba1c
06-13 14:48:43.783 20474 20474 W HWUI    : Unknown dataspace 0
06-13 14:48:43.788 20474 20474 D InsetsController: Setting requestedVisibleTypes to -11 (was -9)
06-13 14:48:43.789   755  2513 W WindowManager: Failed looking up window session=Session{1273e60 20474:u0a10244} callers=com.android.server.wm.WindowManagerService.windowForClientLocked:6410 com.android.server.wm.Session.updateRequestedVisibleTypes:700 android.view.IWindowSession$Stub.onTransact:1023 
06-13 14:48:43.790 20474 20502 D FirebaseSessions: Session Event Type: SESSION_START
06-13 14:48:43.791 20474 20502 D FirebaseSessions: Successfully logged Session Start event.
06-13 14:48:43.806 20474 20474 D FirebaseSessions: App backgrounded on fi.iki.ede.safe.debug
06-13 14:48:43.810   755  2990 W OptProp : Cannot read opt property android.window.PROPERTY_COMPAT_ENABLE_FAKE_FOCUS
06-13 14:48:43.810   755   970 D BackgroundInstallControlService: Package event received: 0
06-13 14:48:43.815  1624  1648 V WindowManagerShell: onTransitionReady(transaction=3242700314397)
06-13 14:48:43.816   755   782 V WindowManager: Sent Transition (#149) createdAt=06-13 14:48:43.753 via request=TransitionRequestInfo { type = OPEN, triggerTask = TaskInfo{userId=0 taskId=489 effectiveUid=10244 displayId=0 isRunning=true baseIntent=Intent { act=android.intent.action.MAIN cat=[android.intent.category.LAUNCHER] flg=0x10000000 cmp=fi.iki.ede.safe.debug/fi.iki.ede.safe.ui.activities.CategoryListScreen } baseActivity=ComponentInfo{fi.iki.ede.safe.debug/fi.iki.ede.safe.ui.activities.CategoryListScreen} topActivity=ComponentInfo{fi.iki.ede.safe.debug/fi.iki.ede.safe.ui.activities.LoginScreen} origActivity=null realActivity=ComponentInfo{fi.iki.ede.safe.debug/fi.iki.ede.safe.ui.activities.CategoryListScreen} numActivities=2 lastActiveTime=95563225 supportsMultiWindow=true resizeMode=1 isResizeable=true minWidth=-1 minHeight=-1 defaultMinSize=220 token=WCT{RemoteToken{6c8e4ef Task{17f5f21 #489 type=standard A=10244:fi.iki.ede.safe.debug}}} topActivityType=1 pictureInPictureParams=null shouldDockBigOverlays=false launchIntoPipHostTaskId=-1 lastParentTaskIdBeforePip=-1 displayCutoutSafeInsets=Rect(0, 0 - 0, 0) topActivityInfo=ActivityInfo{2c3488d fi.iki.ede.safe.ui.activities.LoginScreen} launchCookies=[] positionInParent=Point(0, 0) parentTaskId=-1 isFocused=true isVisible=true isVisibleRequested=true isTopActivityNoDisplay=false isSleeping=false locusId=null displayAreaFeatureId=1 isTopActivityTransparent=false isActivityStackTransparent=false lastNonFullscreenBounds=Rect(284, 660 - 796, 1740) capturedLink=null capturedLinkTimestamp=0 requestedVisibleTypes=-9 topActivityRequestOpenInBrowserEducationTimestamp=0 appCompatTaskInfo=AppCompatTaskInfo { topActivityInSizeCompat=false eligibleForLetterboxEducation= false isLetterboxEducationEnabled= true isLetterboxDoubleTapEnabled= false eligibleForUserAspectRatioButton= false topActivityBoundsLetterboxed= false isFromLetterboxDoubleTap= false topActivityLetterboxVerticalPosition= -1 topActivityLetterboxHorizontalPosition= -1 topActivityLetterboxWidth=-1 topActivityLetterboxHeight=-1 topActivityAppBounds=Rect(0, 0 - 1080, 2400) isUserFullscreenOverrideEnabled=false isSystemFullscreenOverrideEnabled=false hasMinAspectRatioOverride=false topActivityLetterboxBounds=null cameraCompatTaskInfo=CameraCompatTaskInfo { freeformCameraCompatMode=inactive}} topActivityMainWindowFrame=null}, pipChange = null, remoteTransition = null, displayChange = null, flags = 0, debugId = 149 }
06-13 14:48:43.817   755   782 V WindowManager:     startWCT=WindowContainerTransaction { changes= {} hops= [] errorCallbackToken=null taskFragmentOrganizer=null }
06-13 14:48:43.817  1624  1667 V WindowManagerShell: onTransitionReady (#149) android.os.BinderProxy@bfe58: {id=149 t=OPEN f=0x0 trk=0 r=[0@Point(0, 0)] c=[
06-13 14:48:43.817  1624  1667 V WindowManagerShell:         {m=OPEN f=STARTING_WINDOW_TRANSFER|FILLS_TASK|IS_BEHIND_STARTING_WINDOW leash=Surface(name=ActivityRecord{166428871 u0 fi.iki.ede.safe.debug/fi.iki.ede.safe.ui.activities.LoginScreen)/@0xf3f9c17 sb=Rect(0, 0 - 0, 0) eb=Rect(0, 0 - 1080, 2400) epz=Point(1080, 2400) d=-1->0 r=-1->0:-1 bc=fffef7ff component=fi.iki.ede.safe.debug/fi.iki.ede.safe.ui.activities.LoginScreen},
06-13 14:48:43.817  1624  1667 V WindowManagerShell:         {m=TO_BACK f=FILLS_TASK|IS_BEHIND_STARTING_WINDOW leash=Surface(name=ActivityRecord{216299912 u0 fi.iki.ede.safe.debug/fi.iki.ede.safe.ui.activities.CategoryListScreen)/@0x6ea804 sb=Rect(0, 0 - 1080, 2400) eb=Rect(0, 0 - 1080, 2400) epz=Point(1080, 2400) d=0 bc=fffef7ff component=fi.iki.ede.safe.debug/fi.iki.ede.safe.ui.activities.CategoryListScreen}
06-13 14:48:43.817  1624  1667 V WindowManagerShell:     ]}
06-13 14:48:43.817  1624  1667 V WindowManagerShell: Non-visible anim so abort: (#149) android.os.BinderProxy@bfe58@0
06-13 14:48:43.819   755   782 V WindowManager:     info={id=149 t=OPEN f=0x0 trk=0 r=[0@Point(0, 0)] c=[
06-13 14:48:43.819   755   782 V WindowManager:         {m=OPEN f=STARTING_WINDOW_TRANSFER|FILLS_TASK|IS_BEHIND_STARTING_WINDOW leash=Surface(name=ActivityRecord{166428871 u0 fi.iki.ede.safe.debug/fi.iki.ede.safe.ui.activities.LoginScreen)/@0x47029b7 sb=Rect(0, 0 - 0, 0) eb=Rect(0, 0 - 1080, 2400) epz=Point(1080, 2400) d=-1->0 r=-1->0:-1 bc=fffef7ff component=fi.iki.ede.safe.debug/fi.iki.ede.safe.ui.activities.LoginScreen},
06-13 14:48:43.819   755   782 V WindowManager:         {m=TO_BACK f=FILLS_TASK|IS_BEHIND_STARTING_WINDOW leash=Surface(name=ActivityRecord{216299912 u0 fi.iki.ede.safe.debug/fi.iki.ede.safe.ui.activities.CategoryListScreen)/@0xa4218b6 sb=Rect(0, 0 - 1080, 2400) eb=Rect(0, 0 - 1080, 2400) epz=Point(1080, 2400) d=0 bc=fffef7ff component=fi.iki.ede.safe.debug/fi.iki.ede.safe.ui.activities.CategoryListScreen}
06-13 14:48:43.819   755   782 V WindowManager:     ]}
06-13 14:48:43.820  1624  1667 V WindowManagerShell: Transition animation finished (aborted=true), notifying core (#149) android.os.BinderProxy@bfe58@0
06-13 14:48:43.824   755   782 V WindowManager: Finish Transition (#149): created at 06-13 14:48:43.753 collect-started=0.3ms request-sent=7.843ms started=10.71ms ready=57.177ms sent=60.411ms finished=69.537ms
06-13 14:48:43.828   755   970 D BackgroundInstallControlService: Package event received: 0
06-13 14:48:43.829   755   970 D BackgroundInstallControlService: Package event received: 0
06-13 14:48:43.830   755  2513 D CoreBackPreview: Window{831e08c u0 fi.iki.ede.safe.debug/fi.iki.ede.safe.ui.activities.CategoryListScreen}: Setting back callback OnBackInvokedCallbackInfo{mCallback=android.window.IOnBackInvokedCallback$Stub$Proxy@74f0a42, mPriority=-1, mIsAnimationCallback=false, mOverrideBehavior=0}
06-13 14:48:43.830  1624  1667 V WindowManagerShell: Track 0 became idle
06-13 14:48:43.830  1624  1667 V WindowManagerShell: All active transition animations finished
06-13 14:48:43.832  1200  1200 D BaseDepthController: setSurface:
06-13 14:48:43.832  1200  1200 D BaseDepthController: 	mWaitingOnSurfaceValidity: false
06-13 14:48:43.832  1200  1200 D BaseDepthController: 	mBaseSurface: null
06-13 14:48:43.832  1200  1200 D BaseDepthController: mSurface is null and mCurrentBlur is: 0
06-13 14:48:43.833  1200  1200 D StateManager: goToState - fromState: Normal, toState: Normal, partial trace:
06-13 14:48:43.833  1200  1200 D StateManager: 	at com.android.launcher3.statemanager.StateManager.moveToRestState(go/retraceme 72a59688580715d19f0e415c69e80376c2f062d1648c80db6730905005a27c20:4)
06-13 14:48:43.833  1200  1200 D StateManager: 	at com.android.launcher3.statemanager.StateManager.moveToRestState(go/retraceme 72a59688580715d19f0e415c69e80376c2f062d1648c80db6730905005a27c20:1)
06-13 14:48:43.833  1200  1200 D StateManager: 	at com.android.launcher3.statemanager.StatefulActivity.onStop(go/retraceme 72a59688580715d19f0e415c69e80376c2f062d1648c80db6730905005a27c20:34)
06-13 14:48:43.834  1200  1200 D StatsLog: LAUNCHER_ONSTOP
06-13 14:48:43.838  1200  1200 D StatsLog: LAUNCHER_GOOGLE_SEARCH_RESTORE_LIST_SIZE_AFTER_ACTIVITY_RESTART
06-13 14:48:43.840  1200  4104 D GmsPlayProvider: Forcefully shut down the binder channel
06-13 14:48:43.844   755   970 D BackgroundInstallControlService: Package event received: 0
06-13 14:48:43.886  1200  1208 W System  : A resource failed to call release. 
06-13 14:48:43.886  1200  1208 W System  : A resource failed to call release. 
06-13 14:48:43.886  1200  1208 W System  : A resource failed to call release. 
06-13 14:48:43.899   755   755 W NotificationHistory: Attempted to add notif for locked/gone/disabled user 0
06-13 14:48:43.899   755   970 D BackgroundInstallControlService: Package event received: 0
06-13 14:48:43.907  2184  2916 W AiAiEcho: LyftNotificationParser Ridesharing ETA not enabled
06-13 14:48:43.907  2184  2916 I AiAiEcho: SmartspaceNotificationPredictor no parser can handle this notification or notification is invalid
06-13 14:48:43.908  1200  1200 I NotificationListener: received notification posted event - fi.iki.ede.safe.debug#UserHandle{0},category=-1
06-13 14:48:43.949  1624  1804 D LocalImageResolver: Couldn't use ImageDecoder for drawable, falling back to non-resized load.
06-13 14:48:43.959  1624  1804 D LocalImageResolver: Couldn't use ImageDecoder for drawable, falling back to non-resized load.
06-13 14:48:44.452 20474 20474 I .ede.safe.debug: hiddenapi: Accessing hidden method Landroid/os/SystemProperties;->addChangeCallback(Ljava/lang/Runnable;)V (runtime_flags=0, domain=platform, api=unsupported) from Landroidx/compose/ui/platform/AndroidComposeView$Companion; (domain=app) using reflection: allowed
06-13 14:48:44.552   755  2274 E TaskPersister: File error accessing recents directory (directory doesn't exist?).
06-13 14:48:44.567 20474 20479 I .ede.safe.debug: Compiler allocated 5042KB to compile void android.view.ViewRootImpl.performTraversals()
06-13 14:48:44.659   755   818 I AppsFilter: interaction: PackageSetting{e6643cb com.android.microdroid.empty_payload/10198} -> PackageSetting{935fc45 fi.iki.ede.safe.debug/10244} BLOCKED
06-13 14:48:44.663   755   884 I system_server: AssetManager2(0x7e3f60b0dcf8) locale list changing from [] to [en-US]
06-13 14:48:44.667  1561  1561 D CarrierSvcBindHelper: onPackageModified: fi.iki.ede.safe.debug
06-13 14:48:44.669  1561  1762 I SatelliteAppTracker: onPackageModified : fi.iki.ede.safe.debug
06-13 14:48:44.670  2184 20521 I AiAiEcho: AppIndexer Package:[fi.iki.ede.safe.debug] UserProfile:[0] Enabled:[true].
06-13 14:48:44.670  2184 20521 I AiAiEcho: AppFetcherImplV2 updateApps package:[fi.iki.ede.safe.debug], userId:[0], reason:[package is updated.].
06-13 14:48:44.670  1200  1233 D PackageUpdatedTask: Package updated: mOp=UPDATE packages=[fi.iki.ede.safe.debug], user=UserHandle{0}
06-13 14:48:44.670  1624  1624 D ControlsListingControllerImpl: ServiceConfig reloaded, count: 0
06-13 14:48:44.673   755   865 I RoleService: Granting default roles...
06-13 14:48:44.675   755   884 I system_server: AssetManager2(0x7e3f60b0c718) locale list changing from [] to [en-US]
06-13 14:48:44.676   755   785 I system_server: AssetManager2(0x7e3f60b18298) locale list changing from [] to [en-US]
06-13 14:48:44.677  1561  1561 D CarrierSvcBindHelper: No carrier app for: 0
06-13 14:48:44.680   755   884 I system_server: AssetManager2(0x7e3f60b09518) locale list changing from [] to [en-US]
06-13 14:48:44.682   755  3885 W SignedPackage: Package doesn't have required signing certificate: com.google.android.retaildemo
06-13 14:48:44.683   755   967 D ShortcutService: received package broadcast intent: Intent { act=android.intent.action.PACKAGE_CHANGED dat=package: flg=0x45000010 (has extras) }
06-13 14:48:44.683   755   967 D ShortcutService: changing package: fi.iki.ede.safe.debug userId=0
06-13 14:48:44.686   755   970 D BackgroundInstallControlService: Package event received: 0
06-13 14:48:44.687   755  3885 E RoleControllerServiceImpl: Default/fallback role holder package doesn't qualify for the role, package: com.google.android.gms.supervision, role: android.app.role.SYSTEM_SUPERVISION
06-13 14:48:44.689   755   884 I system_server: AssetManager2(0x7e3f60adc658) locale list changing from [] to [en-US]
06-13 14:48:44.691   755   967 E system_server: No package ID 7f found for resource ID 0x7f0800b5.
06-13 14:48:44.691   755   967 E system_server: No package ID 7f found for resource ID 0x7f1001ca.
06-13 14:48:44.691   755   967 E system_server: No package ID 7f found for resource ID 0x7f1001c9.
06-13 14:48:44.691   755   967 E system_server: No package ID 7f found for resource ID 0x7f1001c8.
06-13 14:48:44.691   755   790 I system_server: AssetManager2(0x7e3f60b0b138) locale list changing from [] to [en-US]
06-13 14:48:44.692   755   967 E system_server: No package ID 7f found for resource ID 0x7f08009f.
06-13 14:48:44.692   755   967 E system_server: No package ID 7f found for resource ID 0x7f1001c7.
06-13 14:48:44.692   755   967 E system_server: No package ID 7f found for resource ID 0x7f1001c6.
06-13 14:48:44.692   755   967 E system_server: No package ID 7f found for resource ID 0x7f1001c5.
06-13 14:48:44.693   755   884 V AccessibilityManagerService: onUserStateChangedLocked for userId: 0, forceUpdate: false
06-13 14:48:44.695   755   884 W MagnificationConnectionManager: requestConnection duplicated request: connect=false, mConnectionState=DISCONNECTED
06-13 14:48:44.695   755   790 I system_server: AssetManager2(0x7e3f60b10598) locale list changing from [] to [en-US]
06-13 14:48:44.695  1200  1233 I s.nexuslauncher: AssetManager2(0x7e3f60a55a18) locale list changing from [] to [en-US]
06-13 14:48:44.696   755  3885 W SignedPackage: Package doesn't have required signing certificate: com.google.android.apps.work.clouddpc
06-13 14:48:44.698   755   755 W IPCThreadState: Sending oneway calls to frozen process.
06-13 14:48:44.699   755   755 W IPCThreadState: Sending oneway calls to frozen process.
06-13 14:48:44.699   755   755 W IPCThreadState: Sending oneway calls to frozen process.
06-13 14:48:44.699   755   755 W IPCThreadState: Sending oneway calls to frozen process.
06-13 14:48:44.699   755   790 I system_server: AssetManager2(0x7e3f60a73838) locale list changing from [] to [en-US]
06-13 14:48:44.699   755   755 W IPCThreadState: Sending oneway calls to frozen process.
06-13 14:48:44.700   755   755 W IPCThreadState: Sending oneway calls to frozen process.
06-13 14:48:44.700   755   755 W IPCThreadState: Sending oneway calls to frozen process.
06-13 14:48:44.700   755   755 W IPCThreadState: Sending oneway calls to frozen process.
06-13 14:48:44.702   755  2990 W AppOpService: Ignored setUidMode call for runtime permission app op: uid = 1001, code = READ_SMS, mode = allow, callingUid = 1001, oldMode = allow
06-13 14:48:44.704   755  2990 W AppOpService: Ignored setUidMode call for runtime permission app op: uid = 1001, code = RECEIVE_SMS, mode = allow, callingUid = 1001, oldMode = allow
06-13 14:48:44.706   755  2990 W AppOpService: Ignored setUidMode call for runtime permission app op: uid = 1001, code = RECEIVE_WAP_PUSH, mode = allow, callingUid = 1001, oldMode = allow
06-13 14:48:44.709   755  2990 W AppOpService: Ignored setUidMode call for runtime permission app op: uid = 1001, code = SEND_SMS, mode = allow, callingUid = 1001, oldMode = allow
06-13 14:48:44.709   755  2990 W AppOpService: Ignored setUidMode call for runtime permission app op: uid = 1001, code = READ_CELL_BROADCASTS, mode = allow, callingUid = 1001, oldMode = allow
06-13 14:48:44.714   755   997 D ActivityManager: sync unfroze 1711 com.google.android.permissioncontroller for 6
06-13 14:48:44.719   755   970 D BackgroundInstallControlService: Package event received: 0
06-13 14:48:44.722  1200  1233 W AllAppsList: Changing shortcut target due to app component name change. component=ComponentInfo{fi.iki.ede.safe.debug/fi.iki.ede.safe.ui.activities.MainAppWithoutBackupIcon}, user=UserHandle{0}
06-13 14:48:44.722  1200  1233 D PackageUpdatedTask: OP_UPDATE - AllAppsList.trackRemoves callback: removed component=ComponentInfo{fi.iki.ede.safe.debug/fi.iki.ede.safe.ui.activities.MainAppWithoutBackupIcon} id=-1 Look for earlier AllAppsList logs to find more information.
06-13 14:48:44.726   755  3885 I Role    : com.google.android.gms not qualified for android.app.role.SYSTEM_DEPENDENCY_INSTALLER due to missing RequiredComponent{mIntentFilterData=IntentFilterData{mAction='android.content.pm.action.INSTALL_DEPENDENCY', mCategories='[]', mDataScheme='null', mDataType='null'}, mMinTargetSdkVersion=1, mFlags='0', mPermission='android.permission.BIND_DEPENDENCY_INSTALLER', mQueryFlags=0, mMetaData=[]}
